aaakajadadadadadadadabababababababababalabababababababababab
aaakakajadadadadadadababababababababalalabababababababababab
aaaaakajajadadadadadababababababababalalabababababababababab
aaaaakajajadadadadadadabababababababalababanabababananababab
aaakakajadadadadadababababababababalaladadadadadabababababab
aaakajadadadadadadabababababababalaladajajajajadadadadadabab
akajadadadadadadadabababanabababaladadajajajajajajajajadanab
aaakajajajadadadadabanabababababalaladajajajajajajajajadabab
aaakakakajadadadadababababababababaladajajajajajajajadadadab
aaaaakakajadadadadadababababababalaladajajajajajajajadadabab
aaaaakajajadadadadadadababababalaladajajajajajadadadadabanab
aaakakajadadadadadadabababababaladadajajajajadalalalalalalal
aaakajajadadadadadababababababalaladadajajadalalabababababab
aaakajajadadadadadadabababababalalaladajadalalababababababab
aaakajajadadadadadadadababababababaladadalalabababababababab
aaakajajadadadadadadabababanabababalalalalababababababababab
aaakakajadadadadadabababababababababalababababababababababab
aaakakajadadadadadabababababababalalalababababababababababab
aaakajajadadadadadadababababababalalabababababababababababab
aaakajajajadadadadadabababababalalababababababababababababab
aaakakakajajadadadababababababalabababababababababababababab
aaaaakakajajajadadabababababalalabababababababababababababab
aaakajajajadadadadadabababalalababababababababababababababab
aaakajajadadadadadadababalalabababababababanabababababababab
aaakakajadadadadadabababalababababababababababababababababab
aaaaakajadadadadadabababalalabababababababababananababababab
aaakajajadadadadadadabababalabababababababababababababababab
aaakajadadadadadadadadabalalabababababababababababababababab
aaaaakakajajadadadabababalababababababababababababababababab
aaaaakajajadadadadadadabalababababababababababababababababab







