abababababababababababababababababababababalabababababababab
abababababababababababababababababababababalabababababababab
abababababababababababababababababababalalalabababababababab
abababababababababababababababababalalalabababababababababab
ababababababababababababababababalalabababababababababababab
ababababababababababababababababalababababababababababababab
ababababababababaeaeaeaeaeabababalababababababababababababab
abababababababaeaeajajajaeaeababalababababababababababababab
aeaeaeaeaeaeaeaeajajakajajaeaeabalababababababababababababab
ajajajajajajajajajakakakajajaeaeamaeabababababababababababab
akakakakakakakakakakakakakakajajamaeaeaeaeaeaeaeaeaeabababab
ajajajajajajajajajajajajajakakajamajajajajakajajajaeaeaeaeae
aeaeaeaeaeaeaeaeaeaeaeaeaeaeaeaeamaeajajajakakakakajajajajaj
alalalalalalalabababababalalalalalaeaeaeaeajajakakakakakakak
ababababababalalababababalabababababababaeaeajajajajajakakak
abababababababalalabalalalalabababababababaeaeaeaeajajajajaj
ababababababababalalalababalababababababababababaeaeaeaeaeae
abababababababababababababalalababababababababababababababab
ababababababababababababababalababababababababababababababab
ababababababababababababababalalabababababababababababababab
abababababababababababababababalabababababababababababababab
abababababababababababababababalalababababababababababababab
ababababababababababababababababalababababababababababababab
ababababababababababababababababalalababababalalalalalababab
abababababababababababababababababalalalalalalabababalalalal
abababababababababababababababalalalabababababababababababal
ababababababababababababalalalalabababababababababababababab
abababababababababababalalababababababababababababababababab
ababababababababababalalabababababababababababababababababab
abababababababababalalababababababababababababababababababab

















