acacacacacacabababababababalabababababababababababababababab
acacacacacacacababababababalabababababababababababababababab
abacacacacacacacabababababalabababababababababababababababab
ababacacacacacacacacabababalabababababababababababababababab
ababababacacacacacacacacalalalalalalabababababababababababab
ababababaeaeacacacacacacacababababalalababababababababababab
ababaeaeaeaeaeacacacacacacacababababalalalalalalabababababab
abaeaeajajajaeaeaeaeacacacacabababababababababalalabababalal
abaeajajajajajajajaeaeacacacacabababababababababalalalalalab
abaeajajajajajajajajaeaeacacacacababababababababababalababab
abaeajajajajajajajajajaeacacacacacabababababababababalababab
abaeajajajajajajajajajaeaeacacacacabababababacacacacacababab
abaeajajajajajajajajajaeaeacacacacacacacacacacacacacacacacac
abaeaeajajajajajajajaeaeacacacacacacacacacacacacacacacacacac
ababaeajajajajajajaeaeacacacacacacacacacacacacacacacacacacac
acabaeaeajajajajaeaeacacacacacabababacacacacacabababacacacac
acacacaeaeajajaeaeacacacacacabababababababalabababababababab
acacacacaeajaeaeacacacacacababababababababalabababababababab
acacacacaeaeaeacacacacacababababababababalalalababababababab
acacacacacacacacacacabababababababababalalabalalabababababab
abacacacacacacacacababababababababababalabababalalababababab
ababacacacacacacabababababababababababalababababalalalababab
abababacacacacababababababababababababalababababababalababab
abababacacacacababababababababababalalalababababababalababab
abababacacacacabababababababababalalababababababababalalabab
ababacacacacacabababababababalalalababababababababababalalal
ababacacacacababababababababalababababababababababababababab
ababacacacacabababababababalalababababababababababababababab
abacacacacacababababababalalabababababababababababababababab
abacacacacabababababababalababababababababababababababababab








































