aaaaakajajaeaeaeaeabababababababababababalababababababababab
aaaaakajajaeaeaeaeababababababababababalalababababaqabababab
aaaaakajaeaeaeaeaeabababababababababalalababababarasabababab
aaaaakajaeaeaeaeaeaeabababababababalalababababarasasasababab
aaaaakajaeaeaeaeaeaeabababababababalababababaqasasasasasabab
aaaaakajajaeaeaeaeabababababababalalabababaraqarasasasasasar
aaaaakajajaeaeaeaeaeababababababalabababarapaqaparasasasaqab
aaaaaaakajaeaeaeaeaeabababababalalababaqapapavapapaqasapaqab
aaaaaaakajajaeaeaeaeabababababalababaraqarararararaqarapaqab
aaaaakakajajaeaeaeaeaeababababalabababaqapapapapapaqapapaqab
aaaaakakakajaeaeaeaeaeababababalabababaqapapapapapaqapapaqab
aaaaaaakakajaeaeaeaeaealalalalalalababaqapapaoapapaqapatatab
aaaaaaaaakajajamamaealalababababalalalalalalalalalalalalalal
aaaaaaakakajajajamaealabababababababababababalababababababab
aaaaaaaaakajajamamalalalababababababababababalalabababababab
aaaaaaaaakajajajamaeaealabababababababababababalalababababab
aaaaaaakakajajamamaeaealababababababababababababalababababab
aaaaakakajajaeaeaeaeaealababababababababababababalababababab
aaaaakakajajaeaeaeaeaealalalalababababababababalalababababab
aaaaakakajaeaeaeaeabababababalalabababababababalabababababab
aaaaakajajaeaeaeaeababababababalababababababalalabababababab
aaaaakajajaeaeaeaeababababababalalabababababalababababababab
aaaaakajaeaeaeaeababababababababalalalabalalalalalalalababab
aaakajaeaeaeaeabababababababababababalalalabababababalababab
akajaeaeaeaeababababababababababababababababababababalalabab
akajaeaeaeaeabababababababababababababababababababababalabab
akajaeaeaeaeabababababababababababababababababababababalabab
aaajajaeaeaeaeababababababababababababababababababababalalab
aaakajajaeaeaeaeababababababababababababababababababababalal
aaakakajajaeaeaeaeababababababababababababababababababababal







