abababababababababababababababababababababababababababababab
abababababababababababanababababababababalababababababababab
abababababanabababababababababababababalabababanabababababab
abababababababababababababababababababalabababababababanabab
abababababadadadadadadadadabababababababalababababababababab
ababababadadajajajajajajadadabababababababababababababababab
abababadadajajajajajajajajadadabababababalababababababababab
abababadajajajakakakakajajajadababanababalababababababababab
abababadajajajakakakakajajajadababababababababababanabababab
abababadadajajajajajajajajadadababababababalalababababababab
ababababadadajajajajajajadadabababababababababababababababab
abababababadadadadadadadadabababababababababalababababababab
abababababababababababababababababababababababababababababab
ababababababababababababababababanababababababalabanabanabab
abanabababababababababababababababababababababababababababab
ababababababababababababababababababababababalababababababab
abababababababababanababababababababababababalababababababab
ababababababababababababababababababababababababababababalal
abababababababababababababababababababababababalababalababab
ababababababababababababababababanabababababababalababababab
ababababababababababababababababababababalabalababababababab
alalababababababababababababababababababalababababababanabab
ababalalababababababanabababababababalalabababababababababab
abababababababababababababababababababababababababababababab
ababababalabababababababababababalalabababababanabababababab
ababababalabalabababababababababalababababababababababababab
abababababababalalababababababalalabababanababababanabababab
ababababababababalalalalababalalabababababababababababababab
abababababababababababalalalalababababababababababababababab
abababababababababababalalalalababababababababababababababab














