bbbaaaaaaaaaaaaaaaaaaaaaaaadabababababanababadaaaaaaaaaaaaaa
bbbaaaaaaaaaaaaaaaaaaaaaaaadadabanababababadadaaaaaaaaaaaaaa
bbbaaaaaaaaaaaaaaaaaaaaaaaaaadadababanababadaaaaaaaaaaaaaaaa
bbbaaaaaaaaaaaaaaaaaaaaaaaaaaaadadabababadadaaaaaaaaaaaaaaaa
bbbaaaaaaaaaaaaaaaaaaaaaaaaaaaaaadababadadaaaaaaaaaaaaaaaaaa
bbbaaaaaaaaaaaaaaaaaaaaaaaaaaaaaadadadadaaaaaaaaaaaaaaaaaaaa
bbbaaaaaaaaaaaaaaaaaaaaaaaaaaaaaaaaaaaaaaaaaaaaaaaaaaaaaaaaa
bbbaaaaaaaaaaaaaaaaaaaaaaaaaaaaaaaaaaaaaaaaaaaaaaaaaaaaaaaaa
bbbaaaaaaaaaaaaaaaaaaaaaaaaaaaaaaaaaaaaaaaaaaaaaaaaaaaaaaaaa
bbbaaaaaaaaaaaaaaaaaaaaaaaaaaaaaaaaaaaaaaaaaaaaaaaaaaaaaaaaa
bbbaaaaaaaaaaaaaaaaaaaaaaaaaaaaaaaaaaaaaaaaaaaaaaaaaaaaaaaaa
bbbaaaaaaaaaaaaaaaaaaaaaaaaaaaaaaaaaaaaaaaaaaaaaaaaaaaaaaaaa
bbbaaaaaaaaaaaaaaaaaaaaaaaaaaaaaaaaaaaaaaaaaaaaaaaaaaaaaaaaa
bbbaaaaaaaaaaaaaaaaaaaaaaaaaaaaaaaadadadadaaaaaaaaaaaaaaaaaa
bbbaaaaaaaaaaaaaaaaaaaaaaaaaaaaaaaadanabadaaaaaaaaaaaaaaaaaa
bbbaaaaaaaaaaaaaaaaaaaaaaaaaaaaaaaadabanadaaaaaaaaaaaaaaaaaa
bbbaaaaaaaaaaaaaaaaaaaaaaaaaaaaaaaadababadaaaaaaaaaaaaaaaaaa
bbbaaaaaaaaaaaaaaaaaaaaaaaaaaaaaaaadababadaaaaaaaaaaaaaaaaaa
bbbaaaaaaaaaaaaaaaaaaaaaaaaaaaaaaaadadabadadadaaaaaaaaaaaaaa
bbbaaaaaaaaaaaaaaaaaaaaaaaaaaaaaaaaaadababanadaaaaaaaaaaaaaa
bbbaaaaaaaaaaaaaaaaaaaaaaaaaaaaaaaaaadabababadaaaaaaaaaaaaaa
bbbaaaaaaaaaaaaaaaaaaaaaaaaaaaaaaaaaadanababadaaaaaaaaaaaaaa
bbbaaaaaaaaaaaaaaaaaaaaaaaaaaaaaaaaaadadadadadaaaaaaaaaaaaaa
bbbaaaaaaaaaaaaaaaaaaaaaaaaaaaaaaaaaaaaaaaaaaaaaaaaaaaaaaaaa
bbbaaaaaaaaaaaaaaaaaaaaaaaaaaaaaaaaaaaaaaaaaaaaaaaaaaaaaaaaa
bbbaaaaaaaaaaaaaaaaaaaaaaaaaaaaaaaaaaaaaaaaaaaaaaaaaaaaaaaaa
bbbaaaaaaaaaaaaaaaaaaaaaaaaaaaaaaaaaaaaaaaaaaaaaaaaaaaaaaaaa
bbbaaaaaaaaaaaaaaaaaaaaaaaaaaaaaaaaaaaaaaaaaaaaaaeaeaeaeaeaa
bbbaaaaaaaaaaaaaaaaaaaaaaaaaaaaaaaaaaaaaaaaaaeaeaeabababaeae
bbbaaaaaaaaaaaaaaaaaaaaaaaaaaaaaaaaaaaaaaaaaaeabababanababab



