bjbjalbjbjbjbjbjbjbjbjbjbjbjbjbjbjbjbjababaqaqababbjbjaeajaj
bjbjalbjbjbjbjbjbjbjbjbjbjbjbjbjababababararasabababbjaeaeaj
abbjalalbjbjbjababbjbjbjbjbjabababababararasasasababababaeae
abababalalbjbjabababbjbjbjabababababararasasasasasababababab
ababababalababababababababababababararasasasasasasasabababab
ababababalabababababababababababaqaqasasasasasasasasasarabab
ababababalababababababababababaraqaqarasasasasasasasaqababab
ababababalalababababababababarapaqaqaparasasasasasapaqababab
abababababalabababababababarapapaqaqapaparasasasapapaqababab
abababababalalabababababaqapapapaqblapapapaqasapapapaqababab
ababababababalababababaraqararararararararaqarapapapaqababab
ababababababalalababababaqapapapapapapapapaqapapapapaqababab
abababababababalababababaqapapapapapapapapaqapapapatatababab
abababababababalababababaqapapapaobmapapapaqapatatatatababab
anabanababababalababababababababalalabababababababababababab
acacacacanabanalababababanabanabalabababanabanabanabababanab
acacacacacacacacanabanabacacacacacabanabacacacacacabanabacac
acacacacacacacacacacacacacacacacacacacacacacacacacacacacacac
acacacacacacacacacacacacacacacacacacacacacacacacacacacacacac
anabanacacacacacacacacacacacacacacacacacaqacacacacacacacacac
ababababanabanacacacacacacabanabacacacarasabanabacacacacanab
ababababababababanalanabanabababanabarasasasababanalanababab
abababababababababalabababababababaqasasasasasababalabababab
ababababababababalalalabababababaraqarasasasasasalalabababab
abababababababalalabalababababarapaqaparasasasaqalababababab
ababababababalalababalabababaqapapazapapaqasapaqalababababab
ababababababalabababalababaraqarararararaqarapaqalababababab
ababababababalabababalalababaqapapapapapaqapapaqalababababab
ababababababalababababalalabaqapapaoapapaqapatalalababababab
ababababababalabababababalalalalalalalalalalalalabababababab

































