abababababababababababaladajakakadadabababababababababababab
abababababababababababaladadakakajadadababababanabababababab
ababababababababababalaladadajakajajadadabababababababababab
ababababanababababalalabadajajakajajajadadabababababanababab
ababababababababalalababadajajakakakajajadababababababababab
ababababababababalabababadadajajakakajadadababababababababab
abababababababalalababababadajajakakajadabababababababababab
abababababababalabababababadadajakakajadababababanababababab
abababababababalalabababababadajakakajadadababababababababab
abababanababababalababababadadajakakajajadababababababababab
ababababababababalalababadadadajakakajadadababababababababab
alalabababababababalaladadajajakakajajadabababababababanabab
abalalabababababababaladajajakakajajadadababanababababababab
ababalalababababababalamajajakakajajamalabababababababababab
abababalalabababanalalamamajakakamamamalalababababababababal
ababababalalabababalababadajakakakajadabababalabababababalab
abababababalalanalalababadadajakakajadabababababababalababab
ababababababalalalababababadajakajadadababababalabalabababab
abababababababalalababababadajajajadababababababalababababab
ababababababababalababababadadajadadababababanababababababab
ababababababababalabababababadajadabababanabababalababanabab
ababababababababalababababadadajadababababababababababababab
ababababababababalalababadadajajadadabababanabababalabababab
abababababababababalaladadajakajajadabababanababababalababan
abababababababababaladadajakakakajadadababababababalabababab
abababababababababaladajajakakakajajadababababababababababab
ababababababanababaladadajajakajajadadabababababalababababab
abababababababababalaladadajakakadadabababababababababanabab
abababababababababalalabadakakajadababababababababababababab
abababababababababalababadajajajadabababababalababababababab

















