abababababababababarasabababababababababababababacacacacacac
ababababababababarasasasabababababababababababacacacacaqabab
abababababababarasasasasasababababababababacacacacacarasabab
ababababababaqasasasasasasasarabababababacacacacacarasasasab
arababababaraqarasasasasasaqabababababacacacacacarasasasasas
ababababarapaqaparasasasasaqababababacacacacabaqasasasasasaq
abababarapapaqapaparasasapaqabababacacacacabaraqarasasasasaq
ababaqapapapawapapapaqapapaqababacacacacabarapaqaparasasapaq
abaraqarararararararaqarapaqababacacacabaqapapaqapapaqapapaq
ababaqapapapapapapapaqapapaqababacacacaraqarararararaqarapaq
ababaqapapapapapapapaqapatabababacacacabaqapapapapapaqapapaq
ababaqapapapaoapapapaqatababababacacacabaqapapaoapapaqapabab
acacacacacacacacacacacacacacacacacacacacacacacacacacacacabab
acacacacacacacacacacacacacacacacacacacacacacacacacacacacabab
acacacacacacacacacacacacacacacacacacacacacacacacacacacacabab
ababababababababalabababababababalababababaqababababacacabal
ababababababababalalalabababababalabababarasababababacacalal
ababababababababaqabalababababalalababarasasasabababacacabab
abababababababarasabalalababalalababarasasasasasababacacabab
ababababababarasasasabalalalalababaqasasasasasasasaracacabab
arababababarasasasasasarabalalabaraqarasasasasasaqabacacabab
ababababaqasasasasasaqabalalabarapaqaparasasasasaqabacacabab
abababaraqarasasasasaqabalabarapapaqapaparasasapaqabacacabab
ababarapaqaparasasapaqalalaqapapapayapapapaqapapaqabacacabab
abaqapapaqapapaqapapaqalaraqarararararararaqarapaqabacacabab
araqarararararaqarapaqalabaqapapapapapapapaqapapaqabacacabab
abaqapapapapapaqapapaqalabaqapapapapapapapaqapatababacacabab
abaqapapaoapapaqapatabalabaqapapapaoapapapaqatabababacacabab
acacacacacacacacacacacacacacacacacacacacacacacacacacacacabab
abababababababaqababababababababababababababababababacacabab











