ababababababababababacacacacacacabababababababababababababab
abababababababababacacacacacacacabababababababababababababab
abababababababababacacacacacacacabababababababababababababab
ababababababababacacacacacacacacabababababababababababababab
abababababababacacacacacacacacacacababababababababababababab
ababababababacacacacacacacacacacacababababababababababababab
ababababacacacacacacacapapacacacacacabababababababababababab
ababacacacacacacacacapaaaaapacacacacabababababababababababab
acacacacacacacacacacapaaaaapacacacacabababababababababababab
acacacacacacacacacacacapapacacacacacacababababababababababab
acacacacacacacacacacacacacacacacacacacababababababababababab
acacacacacacacacacacacacacacacacacacacababababababababababab
acacacacacabababacacacacacacacacacacacacabababababababababab
ababababababababababacacacacacacacacacacacababababababababab
abababababababababababababacacacacacacacacacabababababababab
abababababababababababababababacacacacacacacacababababababab
ababababababababababababababababacacacacacacacacabababababab
abababababababababababababababababacacacacacacacacababababab
ababababababababababababababababababacacacacacacacacacababab
abababababababababababababababababababacacacacacacacacacacac
ababababababababababababababababababababacacacacacacacacacac
ababababababababababababababababababababababacacacacacacacac
ababababababababababababababababababababababababacacacacacac
abababababababababababababababababababababababababababababab
abababababababababababababababababababababababababababababab
abababababababababababababababababababababababababababababab
abababababababababababababababababababababababababababababab
abababababababababababababababababababababababababababababab
abababababababababababababababababababababababababababababab
abababababababababababababababababababababababababababababab


























