ababababababarasabababababababababababaqababababababacacabab
abababababarasasasabababababababababarasababababababacacabab
ababababaqasasasasasabababababababarasasasabababababacacabab
abababaraqarasasasasasabababababaqasasasasasababababacacabab
ababarapaqaparasasasasasarababaraqarasasasasasarababacacabab
abarapapaqapaparasasasaqababarapaqaparasasasaqabababacacabab
aqapapapaqapapapaqasapaqabaqapapavapapaqasapaqabababacacadad
aqarararaqarararaqarapaqaraqarararararaqarapaqabababacacadaj
aqapapapapapapapaqapapaqabaqapapapapapaqapapaqabababacacadaj
aqapapapapapapapaqapatatabaqapapapapapaqapatatabababacacajaj
aqapapapaoapapapaqatatababaqapapaoapapaqatatababababacacajaj
ababababalabababababababababababalabababababababababacacaeaj
acacacacacacacacacacacacacacacacacacacacacacacacacacacacamam
acacacacacacacacacacacacacacacacacacacacacacacacacacacacamam
acacacacacacacacacacacacacacacacacacacaqacacacacacacacacamam
ajajadadabababaqababababababababababarasasabababababacacajam
ajajajadadadarasadadadadadadabababarasasasasababababacacaeaj
ajajajajajarasasasajajajajadadabaqasasasasasasabadadacamajaj
adajajajaqasasasasasajajajajajaraqarasasasasasasajajamamajad
adadadaraqarasasasasasarajajarapaqaparasasasasasarajamacadab
ababarapaqaparasasasaqaeaearapapaqapaparasasasaqabadacacabab
abaqapapaxapapaqasapaqabaqapapapauapapapaqasapaqababacacabab
araqarararararaqarapaqaraqarararararararaqarapaqababacacabab
abaqapapapapapaqapapaqabaqapapapapapapapaqapapaqababacacabab
abaqapapapapapaqapatatabaqapapapapapapapaqapatatababacacabab
abaqapapaoapapaqatatababaqapapapaoapapapaqatatabababacacabab
ababababalabababababababababababalabababababababababacacabab
acacacacacacacacacacacacacacacacacacacacacacacacacacacacabab
acacacacacacacacacacacacacacacacacacacacacacacacacacacacabab
abababababababababababababababababababababababababababababab













