abababababababababababababalabababababababababababababababab
abababababababababababalalalabababababababababababababababab
abababababababababababalabababababababababababababababababab
abababababababababababalabababababababababababababababababab
abababababababababababalalababababababababababababababababab
ababababababababababababalalabababababababababababababababab
abababababababababababababalabababababababababababababababab
abababababababababababababalabababababababababababababababab
abababababababababababababalababababababababababaeaeaeaeaeae
ababababababababababababalalabababababaeaeaeaeaeaeajajajajaj
ababababababababababababalabaeaeaeaeaeaeajajajajajajajajajaj
ababababababababababababalaeaeajajajajajajajajajajajajajajaj
aeaeaeaeaeaeaeaeaeaeaeaeamaeajajajajajajajajajajajajajaeaeae
ajajajajajajajajajajajajamajajajajajajajajajajajajaeaeaealal
ajajajajajajajajajajajajamajajajajajajajajajajajaeaealalalab
aeaeaeaeaeaeaeaeaeaeaeaeamaeaeaeaeaeaeaeaeaeaeaeaealalababab
alalalalalalalalalalababalababababababababababalalalabababab
abababababababababalalalalalalalalabababababalalabababababab
ababababababababababababababababalalabababalalababababababab
abababababababababababababababababalalalalalabababababababab
ababababababababababababababababababababalababababababababab
ababababababababababababababababababababalababababababababab
abababababababababababababababababababalalababababababababab
abababababababababababababababababababalabababababababababab
ababababababababababababababababababalalabababababababababab
ababababababababababababababababababalababababababababababab
ababababababababababababababababababalalalababababababababab
ababababababababababababababababababababalalabababababababab
aeaeabababababababababababababababababababalabababababababab
ajaeabababababababababababababababababababalabababababababab



















