dadadadadadadadadadadadadadadadadadadbdbdbdbdbdbdbdbdbdbdbdb
dadadadadadadadadadadadbdadadadadadadbdbdbdbdbdbdbdbdbdbdbdb
dadadadadbdadadadadadadbdadadadadbdbdbdbdbdbdbdbdbdbdbdbdbda
dadadadadadbdadadadadadadadadadadbdbdbdbdbdbdbdbdbdbdbdbdbda
dadadadadadadbdbdadadadadadadadbdbdbdbdbdbdbdbdbdbdbdbdbdbda
dadadadbdadadbdadadadadadadadadbdbdbdbdbdbdbdbdbdbdbdbdbdbda
dadadadadadbdbdbdadadadadbdbdbdbdbdbdbdbdbdbdbdbdbdbdbdadada
dadadadadadadadadadadadadbdbdbdbdbdbdbdbdbdbdbdbdbdbdbdadada
dadadadadadadadadadadadbdbdbdbdbdbdbdbdbdbdbdbdbdbdbdbdbdada
dadadadadadbdadadadadadbdbdbdbdbdbdbdbdbdbdbdbdbdbdbdbdbdada
dadadadadadadadadadbdbdbdbdbdbdbdbdbdbdbdbdbdbdbdbdadadadada
dadadadadadadadadadbdbdbdbdbdbdbdbdbdbdbdbdbdbdadadadadbdbda
dadbdadbdadadadadadbdbdbdbdbdbdbdbdbdbdbdbdbdbdadadadadbdada
dadadadadbdadadadbdbdbdbdbdbdbdbdbdbdbdbdbdbdbdbdadadadbdada
dadadadadbdadadadadbdbdbdbdbdbdbdbdbdbdbdbdbdbdbdadadbdadada
dadadbdadadadbdbdbdbdbdbdbdbdbdbdbdbdbdbdbdbdadadadadadadada
dadadadadadadbdbdbdbdbdbdbdbdbdbdbdbdbdbdbdbdadadadadadadada
dadadadadadadadbdbdbdbdbdbdbdbdbdbdbdbdbdbdbdbdadbdadadadada
dadadadadbdbdbdbdbdbdbdbdbdbdbdbdbdbdbdbdbdbdbdadadadadadbda
dadadbdbdbdbdbdbdbdbdbdbdbdbdbdbdbdbdbdbdbdadadadadadadadada
dadbdbdbdbdbdbdbdbdbdbdbdbdbdbdbdbdbdbdbdbdadadadadadadadada
dbdbdbdbdbdbdbdbdbdbdbdbdbdbdbdbdbdbdbdbdbdadadadadadbdadada
dbdbdbdbdbdbdbdbdbdbdbdbdbdbdbdbdbdbdbdbdadadadadadadadbdada
dbdbdbdbdbdbdbdbdbdbdbdbdbdbdbdbdbdbdbdadadadadadadadadadada
dbdbdbdbdbdbdbdbdbdbdbdbdbdbdbdbdbdbdbdadadadadadbdadbdadada
dbdbdbdbdbdbdbdbdbdbdbdbdbdbdbdbdbdbdadadadadbdadadbdadadada
dbdbdbdbdbdbdbdbdbdbdbdbdbdbdbdbdbdbdadadbdadadadadadbdadada
dbdbdbdbdbdbdbdbdbdbdbdbdbdbdbdbdbdbdadadadadadadadadadbdada
dbdbdbdbdbdbdbdbdbdbdbdbdbdbdbdbdbdbdbdadadbdadadadadadbdada
dbdbdbdbdbdbdbdbdbdbdbdbdbdbdbdbdadadadadadadadadadadadadada




























































