aaakakakakakajadabababababababalabababababababababababababab
aaakakakakakajadababababalalalalalababababababababababababab
aaakakakakakajadababababalalababalababababababanabababanabab
aaakakakakakajadababababalabababalalabababababababababababab
aaajajajakakajadababababalababababalabababababababababababab
akajaeajakakajaeaeabalalalababababalabababababababababababab
akajaeaeajajaeaeaeabalababababababalabababababababababababab
akajaeaeajadaeaeaealalababababababalabababababababababababab
akajaeaeaeaeaeaeaealabababababababalalabababababababababalal
akajaeaeaeaeaeaealalabababanababababalalabababababababalalab
akajajaeaeaeaeabalababababababababababalabababababababalabab
akajajaeaeaeaeabalababababababanababalalabababababababalabab
aaakajajaeaeaeaealalababababababababalabababababanababalabab
aaakakajaeaeaeaeaealababababababababalababababababababalabab
aaaaakajaeaeaeaeaealababababababababalabababababababalalabab
aaakakajaeaeaeaeaealababababababababalalabababababalalababab
aaakakajajaeaeaealalababanababababababalalababababalabababab
aaakakajaeaeaeaealabababababababababababalabababalalabababab
aaakajaeaeaeaealalabababababababababababalalalalalababababab
aaaaajaeaeaeabalalababababababababababababababalabababababab
aaaaajajaeaeaeaealabababababanababababababababalabababababab
aaakakajajaeaeaealalabababababababababanabababalabababababab
aaakakakajaeaeaeaealabababababababababababababalababababanab
aaakakakajaeaeaeaealababababababababalalalalalalabababababab
aaakakajaeaeaeaeabalalalalalalababalalababababalalababababab
aaakajaeaeaeaeabababababababalalalalababababababalalabababab
aaakajajaeaeaeaeabababababababababababababababababalalababab
aaakakajaeaeaeaeababababababababababababababababababalababab
aaaaakajajaeaeaeaeabababababababababababanabababababalababab
aaaaakajajaeaeaeaeaeababababababababababababababababalababab











