abababababababababababababababalabababababababababababababab
abababababababanabababababababababababababababababababababab
ababababababababababababababababanababababababababababababab
abanabababanabababababababalabababababababababababababababab
abababababababababababalabababababababababababababababababab
abababababababababalabababababababababababababanabababababab
alababababanabababalabalababababanababababababababababababab
ababababababababalababababababababababababababababababababab
alalabababababalabababababalabababababababababababababababab
abalabababalalababababababababalabababababababababababababab
abalababalalabababababababababalababababababanabababababanab
ababalabababababababababababababalababababababababababababab
abababababababababanabababanabababalabababababababababababab
abababalababababababababababababababalababababababababababab
abababababalabababababababababababababalabalabababababababab
ababababalalabababababababanabababababababababababababababal
ababababababalabababababababababababababababalababalabalabal
ababababababababalababababababababababababababalabababababab
ababababababababababalabababababababababababalababababababab
abababababababababababababababababababababababababababababab
ababanabababababababalabalababababababalabababababababababab
ababababababababababababalalabababababababababababababababab
ababababababababababababababalalababalalabababababababababab
ababababababanabababababababababalabalabababanabababanababab
ababababababababababanababababalabababababababababababababab
abababanabababababababababababababababababababababababababab
abababababanabababababababababalabababababababababababababab
ababababababababababababababalababababababababababababanabab
ababababababababababababababalababanabababababababababababab
abababababababababababababababalabababababababababababababab
















