ababababababababababababababababalalabababababababababababab
ababababababababababababababababalababababababababababababab
abababababababababababababababalalababababababababababababan
ababababababababababababababalalabababababababababababababab
abababababababababababababalalababababababababababababababab
abababababababababababababalababababababababanababababababab
abababababababababababababalalababababababababababababababab
ababababababababababababababalababababababanabababababababab
ababababababababababababababalalabababababababababababababab
abababababababababababababababalalababababababababababanabab
abababababababababababababababalalabababanababababababababab
abababababababababababababababalabababababababababababababab
abababababanabababababanabababalabababababababababababababab
ababababababababababababababalalabababababababababababababab
ababababababababanabababababalababababababababababababababab
ababanabababababababababababalababababababababababababababab
abababababanababababababababalalalababababababababababababac
abababababababababababababalalabalalabababababababababanabac
ababababababababababababalalabababalalababababababababababac
ababababababababababababalabababababalalababababababababacac
ababababababababababababalalabababababalalabababababababacac
abababababababababababababalababababababalalabababalalalacac
ababababanababababababababalalababababababalababalalabacacac
ababababababababababababababalababababababalalalalababacacac
abababababanabababababababalalababababababababababanabacacac
ababababababababababababalalabababababababababababababacacac
abababababababababababalalabababababababababababababacacacac
ababababababababababababalalababababababababababanabacacacac
abababababababababababababalalabababababababababababacacacac
ababababababababababababababalabababababababababababacacacac







