abababababababababalalalalalabababababababababababababababab
abababanabababababalalalalalabababababababababababababababab
abababababababababalalabalalabababanabababababababababababab
abanababababababalalabababalabababababababababababababanabab
ababababababababalalabanabalalababababababanabababababababab
abababababababalababababababalababababababababababanabababab
ababababababalalababababababalalabababababababababababababab
ababababababalababababababababalabababababanabababababababab
ababababababalababababababababababababababababababababababab
ababababalababababababababababababalabababababababababababab
abababababalababababababababababalababanabababababanabababab
ababababalabababababanababababababalabalabababababababanabab
abababalabababababababababababababababababababababababababab
ababalabababababababababababababababababalalabababababababab
alabababababababababababababababababababababalababababababab
abababababababababababababababababababababababalabababababab
ababababababababababababanababababababababababababalabababab
ababababababanababababababababababababababababababalabalalab
ababababababababababababababababababababababababalababababal
abababababababababababababababababababababababababababababab
abababababababababababababababababanababababalababababababab
abababababababababababababababababababababababalababanababab
abababanabababababababababanabababababababababababababababab
abababababababababababababababababababababalababababababanab
ababababababababanabababababababababababalababababababababab
abababababababababababababababababababababalabababababababab
ababababababababababababababanababababababababababababababab
ababababanababababababababababababababalababababababanababab
ababababababababababababababababababalababababababababababab
abababababababababababababababababababalabababababababababab










