dadadadadadbdbdbakakakakakakakakakakakajajadabababababababab
dadadadbdbdbakakakakakakakakakakakakakajajadabababababababan
dbdbdbdbakakakakakakakakakakakakakakajajadadababanababababab
dbakakakakakakakakakakakakakakakakakajajadababababababababab
akakakakakakakakakakakakakakakakakajajadadabababanababababab
akakakakakakakakakakakakakakakakajajajadabababababababababab
akakakakakakakakakakakakakakakakakajadadababababababanababab
akakakakakakakakakakakakakakakakakajadabababababananabababab
akakakakakakakakakakakakakakakakakajadababababababababababab
akakakakakakakakakakakakakakakakajajadababababababababababab
akakakakakakakakakakakakakakakajajadadababababanabababababab
akakakakakakakakakakakakakakakajajadabababababababababababab
akakakakakakakakakakakakakakajajadadabababababababababababab
akakakakakakakakakakakakakajajajadababababababababababababab
akakakakakakakakakakakakakajadadadababababababababababababab
akakakakakakakakakakakakajajadababababababababababababababab
akakakakakakakakakakakajajadadababababababababababababababab
akakakakakakakakakakajajadadabababababababababababababababab
akakakakakakakakakajajadadabababababababanababababababababab
akakakakakakakakajajadadabababababababababababababababababal
akakakakakakakajajajadababababanababababababababababababalal
akakakakakakajajadadadababababababababababababanababalalalab
akakakakakajajadadabababababababababababababababalalalababab
akakakakajajajadabababababababababababababababalalalabababab
akakakakajajadadababababababababababanabababalalabababababab
ajajajajajajadabababababanababababababababalalababababababab
ajajajajajadadabababababababababababababalalabababababababab
ajajajadadadababababanabababababababalalalababababababababab
ajajajadabababababababababanababababalababababababababababab
ajadadadabababababababababababababalalababababababababababab




























































