aaakakakakakdbdbdadadadbdadadadadadadadadadadadadadadadadada
aaaaaaakakakdbdbdadadadbdadadadadadadadadadadadadadadadadada
aaaaaaaaakakakdbdadadadadadadadadadadadadadadadadadadadadada
aaaaakakakakakdbdadadadadadadadadadadadadadadadadadadadadada
aaakakakakakdbdbdadadadadadadadadadadadbdadadadadadadadadada
aaaaaaakakakdbdbdadadadadadadadadadadadadbdbdadadbdbdadadada
aaaaakakakakdbdbdadadadadadadbdbdadadadadadadadadadbdbdbdbda
aaaaaaakakakdbdbdadadadadadbdadadadadadadadadadadbdbdadadada
aaaaaaakakdbdbdadadadadadadadadadadadadadadadadbdbdadadadada
aaakaaakdbdbdbdbdadadadadadadadadadadadadadadadadadadadadada
aaakakakakdbdbdadadadadadadadadadadadbdadadadadadadadadadada
aaaaakakdbdbdadadadbdadadadadadadadadadadadadadadadadadadada
aaakakakdbdadadadadadadadadadadadadadbdadadadadadadadadadada
aaaaakdbdbdadadadadadadbdbdadadadadadbdbdadadadadadadadadada
aaakakdbdbdbdadadadadadbdadadbdadadadadbdbdadadadadbdbdadada
aaaaakakakdbdadadadadadadadadadadadadadadadadadadadbdbdadada
aaaaakakdbdbdadadadadadadadadadadadadadadadadadadadadbdadada
aaaaakakdbdbdbdadadadadadadadadadadadadadadadadadadadadadada
aaaaakakakdbdbdadadadadadadadadadadadbdadadadadadadadadadada
aaaaakakakdbdbdadadadadadadadadadadadbdadadadadadadadadadada
aaaaaaaaakdbdbdadadadadadadadadadadadadadadadadadadadadadada
aaaaaaakakdbdbdadadadadbdbdbdadadadadadadadadadadadadadadada
aaaaaaakakdbdadadadadadadadadadadadadadadadadadadadbdadadada
aaaaakakdbdbdadadadadadadadadadadadadadadadbdadadadbdadadada
aaaaaaakdbdbdadadadadadadadadadadadadbdbdbdbdadadadadbdadada
aaaaakakdbdbdadadadadadadadadadadbdbdbdadadadadadadadadadada
aaaaaaakdbdbdadadadadbdbdadadbdadadadadadadadadadadadadadada
aaaaaaakdbdbdadadadadbdadadbdadadadadadadadadadadbdadadadada
aaaaakakakdbdbdbdadadadadadadadadadadadadadadadadadadadadada
aaaaakakakdbdbdadadadadadadadadadadadadadadadadadadadadadada













