abababababalababababababababababababababababababalbjbjbjbjbj
abababababalabababababababababaqababababababababalbjbjbjbjbj
abababababalababababababababarasababababababababalbjbjbjbjbj
abababababalabababababababarasasasabababababababalalalalalal
abababababalababababababarasasasasasabababababababababalbjbj
ababababalalabababababaqasasasasasasasarabababababababalbjbj
abababalalabababababaraqarasasasasasaqababababababababalbjbj
abababalabababababarapaqaparasasasapaqababababababababalbjbj
alalalalababababaqapapayapapaqasapapaqababababababababalbjbj
abababalabababaraqarararararaqarapapaqababababababababalbjbj
abababalababababaqapapapapapaqapapapaqababababababababalbjbj
abababalalabababaqapapaoapapaqapatatatababababababababalbjbj
ababababalalalalalalalalabababababababababababababababalbjbj
abababababababababababalabababababababababababababababalbjbj
abababababababababababalabababababababababababababababalbjbj
abababababababababababalabababababababababababababababalbjbj
ababababababababababalalabababababababababababababababalbjbj
ababababababababababalababababababababababababababababalbjbj
ababababababababababalababababababababababababababababalbjbj
ababababababababababalababababababababababababababababalalal
ababababababababababalalalalalalalalalababababababababalbjbj
bjabababababababababalbjbjbjbjbjbjbjalalalababababababalbjbj
bjbjbjabababababababalbjbjbjbjbjbjbjbjbjalababababababalbjbj
bjbjbjbjbjbjbjbjabalalbjbjbjbjbjbjbjbjbjalabababababalalbjbj
bjbjbjbjbjbjbjbjbjalbjbjbjbjbjbjbjbjbjbjalalalalalalalbjbjbj
bjbjbjbjbjbjbjalalalbjbjbjbjbjbjbjbjbjbjbjbjbjbjalbjbjbjbjbj
bjbjbjbjbjbjbjalbjbjbjbjbjbjbjbjbjbjbjbjbjbjbjbjalalbjababab
bjbjbjbjbjbjbjalbjbjbjbjbjbjbjbjbjbjbjbjbjbjbjbjbjalabababab
alalalalalalalalbjbjbjbjbjbjbjbjbjbjbjbjbjbjbjbjbjalabababab
bjbjbjbjbjbjbjbjbjbjbjbjbjbjbjbjbjbjbjbjbjbjbjbjbjalabababab
































