aaaaaaaaakakdbdbdbdadadadadadadadadadadadadadadadadadadadada
aaaaaaakakakdbdbdbdadadadadadadadadadadadadadadadadadadadada
aaaaaaaaakakakdbdbdbdadadadadadadadadadadadadadadadadadbdada
aaaaaaaaakakakdbdbdbdadadadadadadadadadadbdadadadadbdbdadada
aaaaaaaaakakakdbdbdadadadadadadadadadadbdadadadadadbdadadada
aaaaaaaaakakakdbdadadadadadadadbdadadadbdadadadadadadadadada
aaaaakakakakdbdbdadadadadadadadadadadadbdadadadadadadadadada
aaaaakakakakdbdbdadadadadadadadadadadadadadadadadadadadadada
aaaaaaaaakdbdbdadadbdadadadadadadadadadadadadadadadadadadada
aaaaaaakdbdbdbdbdadadadadadadadadadadadadbdadadbdbdbdadadada
aaakakakakdbdbdbdadadadadadadadadadadadadadadadadbdadadadada
aaaaakakdbdbdbdadadadadadadadadadadadadadadadadadadadadadbda
aaaaakakdbdbdbdadadadadadadadbdbdadadadadadadadadadbdadadada
aaaaakdbdbdbdbdadadadadadadadbdadadadadadadadadadadadadadada
aaakakdbdbdbdbdadadadadadadadadadadadadadadbdbdadadadadadada
aaaaakakakdbdbdadadadadadadadadadadadadadadadadadadadadadada
aaaaakakdbdbdbdadadadadadadadadadadadadadadadadadadadadadada
aaaaaaakakdbdbdadadadadadadbdadadadadadadadadadadadadadadada
aaaaaaaaakdbdbdadadadadadadadadadadadadadadadadadadadadadada
aaaaaaakakdbdbdadadadadadadadadadadadadadadadadadbdadadadada
aaaaaaaaakdbdbdadadadadadadadadadadbdadadadadadadadadadadada
aaaaaaakakdbdbdadadbdadadadadadbdbdbdadadadadadbdadadadadada
aaaaaaakakdbdbdadadbdadadadbdadadadadadadadadadbdadadadadada
aaaaaaakakdbdbdbdadadadadadadadadadadadadadadbdbdadadadadada
aaaaaaaaakdbdbdadadadadadadadadadadadadadadadadadadadadadada
aaaaakakdbdbdadadadadadadadadadadadadadadbdbdadadadadadadada
aaaaaaakdbdbdadadadadadadadadadadadadadadadbdadbdadbdadadada
aaaaaaakdbdbdbdadadadadadadadadadadadadadbdbdadadbdadadadada
aaaaakakakdbdbdadadadadadadadadadadadadadadadadadadadadadada
aaaaakakakdbdbdadadadadadadadadadadadadadadadadadadadadadada














