ababalabababababababababababababababababababababababababalab
ababalababababababababababababababababababababababababalalab
ababalalababababababababababababababababababababalalalalabab
abababalalalababababababababababababababababababalababababab
abababababalalabalalalalalababababababababababalalababababab
ababababababalalalabababalalalababababababalalalabababababab
abababababababalababababababalalalababababalabababababababab
ababababababalalababababababababalalalalalalabababababababab
abababababalalalalalababababababababababalalabababababababab
ababababalalabababalabababababababababalalababababababababab
abababalalababababalalababababababababalabababababababababab
ababalalababababababalalalababababababalabababababababababab
ababalabababababababababalabababababalalabababababababababab
alalalabababababababababalalababababalababababababababababan
abababababababababababababalalalabalalabababababababanababac
abababababababababababababababalalalabababababanababacacacac
ababababababababababababababababalabababanababacacacacacacac
abababababababababababababababanalabababacacacacacacacacacac
ababababababababababababanababacacacacacacacacacacacacacacac
ababababababababanabababacacacacacacacacacacacacacacacacacan
abababababanababacacacacacacacacacacacacacacacacacacanababab
anababababacacacacacacacacacacacacacacacacacacanabababababab
acacacacacacacacacacacacacacacacacacacacanalalalabababababab
acacacacacacacacacacacacacacacacacacanababababalalalabababab
acacacacacacacacacacacacacacacanabababababababababalabababab
acacacacacacacacacacacacanabababababababababababalalabababab
acacacacacacacacanabalababababababababababababalalababababab
acacacacacanababababalalalababababababababababalabababababab
anabababababababababababalalalalalalalalalalalalalababababab
ababababababababababababababababababababababababalababababab



















