dadadadadadadadadadadadadbdbdbdbdbdbdbdbdbdbdbdbdadadadadada
dadadadadadadadadadadadbdbdbdbdbdbdbdbdbdbdbdbdadadadadadada
dadadadadadadadadadadadbdbdbdbdbdbdbdbdbdbdbdbdbdbdadadadada
dadadadadadbdadadadadadadbdbdbdbdbdbdbdbdbdbdbdbdbdadadadada
dadadadadadadadadadadadadbdbdbdbdbdbdbdbdbdbdbdbdadadadadada
dadadbdadadadadadadadadadbdbdbdbdbdbdbdbdbdbdbdbdbdadadadada
dadadadadbdadadadadadadbdbdbdbdbdbdbdbdbdbdbdbdbdbdadadadada
dadadbdadbdadadadadadadbdbdbdbdbdbdbdbdbdbdbdbdbdbdbdadadbda
dadadadbdadadadadadadadadbdbdbdbdbdbdbdbdbdbdbdbdbdbdadadada
dadadadadadadadadadadadadbdbdbdbdbdbdbdbdbdbdbdbdbdadadbdbda
dadadadadadadadadadadadbdbdbdbdbdbdbdbdbdbdbdbdbdadadadadbda
dadadadadadadadadadadadbdbdbdbdbdbdbdbdbdbdbdbdadadadadadada
dadadbdadbdadadadadadadbdbdbdbdbdbdbdbdbdbdbdbdbdadadadadada
dadadadbdbdbdadadadadbdbdbdbdbdbdbdbdbdbdbdbdbdbdadadadadada
dadadadadadadadadadbdbdbdbdbdbdbdbdbdbdbdbdbdadadadadadadada
dadadadadadadadadadbdbdbdbdbdbdbdbdbdbdbdbdbdbdadadadadbdbda
dadadadadadadadadadadbdbdbdbdbdbdbdbdbdbdbdbdbdadadadadadada
dadadadadadadadadadadadbdbdbdbdbdbdbdbdbdbdbdbdbdadadadadada
dadadadadadadbdadadadadbdbdbdbdbdbdbdbdbdbdbdbdbdbdadadbdada
dadadadadadadadadadadadadbdbdbdbdbdbdbdbdbdbdbdbdbdadadbdada
dadadadbdadadadadadadadadadbdbdbdbdbdbdbdbdbdbdbdbdadadadada
dadadadadadadadadadadadbdbdbdbdbdbdbdbdbdbdbdbdbdbdadadadada
dadadbdadbdadadadadadadbdbdbdbdbdbdbdbdbdbdbdbdbdbdadadadadb
dadadbdadadadadadadadadbdbdbdbdbdbdbdbdbdbdbdbdbdadadadadada
dadadadadadadadadadadadbdbdbdbdbdbdbdbdbdbdbdbdbdadadadadada
dadadadadadadadadadadadbdbdbdbdbdbdbdbdbdbdbdbdadadadadadbda
dadadadadadadadadadadadbdbdbdbdbdbdbdbdbdbdbdbdadadadadadada
dadadadbdbdadadadadadadbdbdbdbdbdbdbdbdbdbdbdbdbdadadadadada
dadadadadadbdadadadadadadbdbdbdbdbdbdbdbdbdbdbdbdadadadadada
dadadadadadadadadadadadadadbdbdbdbdbdbdbdbdbdbdbdbdadadadada

















































