ababababababababababababababababacacacabababababababaqababab
abababababababababababaqababababacacacababababababarasababab
ababababababababababarasababababacacacabababababarasasasabab
abababababababababarasasasabababacacacababababaqasasasasasab
ababababababababarasasasasasababacacacabababaraqarasasasasas
abababababababarasasasasasasasabacacacababarapaqaparasasasaq
ababababababarasasasasasasasasasaracacabaqapapaqapapaqasapaq
abababababaqasasasasasasasasasaqacacacaraqarararararaqarapaq
ababababaraqarasasasasasasasasaqacacacabaqapapapapapaqapapaq
abababarapaqaparasasasasasasapaqacacacabaqapapapapapaqapapaq
ababarapapaqapaparasasasasapapaqacacacabaqapapaoapapaqapatab
abarapapapaqapapaparasasapapapaqacacacababababalabababababab
aqapapapapaqapapapapaqapapapapaqacacacabababababalacacacacac
aqarararararararararaqarapapapaqacacacababababacacacacacacac
aqapapapapapapapapapaqapapapapaqacacacababacacacacacacacacac
aqapapapapapapapapapaqapapapatatacacacacacacacacacababababab
aqapapapapaoapapapapaqapatatababacacacacacacacabababaqababab
ababababalalalababababababababacacacacacacabalababarasababab
abababababalalababababababacacacacacacababalababarasasasabab
abababababalalalabababacacacacacacabababalababaqasasasasasab
ababababababalalabacacacacacacababababalababaraqarasasasasas
ababababababalacacacacacacabalalalabalababarapaqaparasasasaq
abababababacacacacacacababababababalababaqapapaqapapaqasapaq
abababacacacacacacabababababababalababaraqarararararaqarapaq
acacacacacacacacacacacabababababalabababaqapapapapapaqapapaq
acacacacacabababababacacacacabababalababaqapapapapapaqapapaq
acacacabababababababalababacacacacalababaqapapaoapapaqapatab
abababababababababababalababababacacabababababababababababab
ababababababababababacacacacacacacacacacacacacacacacacacacac
abababababababababacacababababababababababababababababababab










