aaakajajadadadadadadadabababalababababababababababababababab
aaakajajajadadadadabababababalababababababababababababababab
aaaaakakajajadadadabababababalalabababababababababababababab
aaaaaaakakajadadadadabababababalalabababanababababababababab
aaakakajajadadadadadababababababalababababababababababababab
aaakajajadadadadadabababababababalalabababababababababababab
aaakajajadadadadadadabababababababalabababababababababababab
aaakakakajadadadadadadabanababababalalababababababababababab
aaaaakajajajadadadadadabababababababalalabababababababababab
aaaaaaakakakajajadadadababababababababalalabababababanababab
aaakakakakakakakajajadadababababababababalababababababababab
aaakadajakakajajajajadadababanabababababalalabababababababab
aaakadajakajadadajajadadabababanabababababalalababababababab
aaakadadajajadadadadadadabababababababalalalalalabababababab
aaakajadajajadadadadadadababababababalalababalalabababababab
aaakajadadajadadadadadababababababalalababababalalababababab
aaakakajadadadadadadababababababalalababababababalababababab
aaakakajadadadadadadadababababalalabababababababalalabababab
aaakajajadadadadadadadabababalalabababababababababalabababab
aaakajajadadadadadabababababalababababababababababalalababab
aaakakajadadadadadadababababalabababababababababababalalabab
aaaaakajadadadadadadababababalalababababananabababababalalab
aaaaakajadadadadadadabababababalababababababababababababalal
aaakajajadadadadadababababababalalababababanabababababababab
aaakajajadadadadadadadabababababalalabababababababababababab
aaaaakajadadadadadadabababababababalabababababababababababab
aaakajajajadadadabababababanabababalalababababababababababab
aaaaakakajajadadababababababababababalababababababababababab
aaaaakajajadadadadabababababababababalalabababababababababab
aaaaakajajadadadadadadababababababababalabababababababababab







