aaakajadadadadadadabababalababababababababababababababababal
aaakajajadadadaeadadababalabababababababababababababababalal
aaaaakajajadadadaeabababalalababababababababababababababalab
aaakakajajadaeadadababababalababababababababababababalalalab
aaakajajadadadadadadabababalalababababababababababalalababab
aaakajadadadaeadadadadabababalalabababababababababalabababab
aaakajajadadadadadababababababalalalabababababalalalabababab
aaakajajajadadadaeadabababababababalalalanalalalabababababab
aaakajajajaeadadadadababanababababababalanalalababababababab
aaakakajajadadadadababababababababababalanalabababababababab
aaaaakakakajaeadadabababababababababalalalalabababababanabab
aaaaaaakajajadadadababababababababalalababalalalabababababab
aaakajajadaeadaeadadababababababalalabababababalalalabababab
aaakajajajadadadadadadabababababalababababababababalalababab
aaakakakajadadadadadadabababababalalababababababababalalalal
aaaaaaakajajaeadadababababababababalabababababababababababab
aaaaakakajadadadadabababababababalalabababababababababababab
aaaaakajadadadadadabababababababalabababababanabanababababab
aaakajajadadadadadadabababababalalababababababababababababab
aaakakajajadaeadadadabababababalabababababababababababababab
aaaaakakajajadadadadadababababalabababababababababababababab
aaaaakajajajajaeadababababababalalababababababababababababab
aaakajadadadajadadabababababababalababababababababababababab
aaakajajadadadadadabababababababalalabababababababababababab
aaakakajadadadadadababababababababalabababababababababababab
aaakajajaeadaeadadababababababababalabababababababababababab
aaakajajadadadadadabababababababalalabababababababababababab
aaakakajajadadadadadababababababalababababababababababababab
aaaaakakajajaeadaeadadababababalalabababanababababababababab
aaaaaaakajadadadadababababababalabababababababababababababab










