dadadadadadadadadadadadadadadadadadadadadadadadadadadadadada
dadadadadadadadadadadadadadadadadadadadadadadadadadadadadada
dadadadadadadadadadadadbdadadadadadadadadbdadadadadadadadada
dadadadadadadadadbdadadbdadadadadadadadadbdadbdadbdadadbdada
dadadadadadadadadadadadbdadadadadadadbdadadbdadadadadadadbda
dbdadadadadadadadadadadadadadadadadadadadadbdadadadadbdadbda
dbdbdbdadadadadadadadadadadadadadadadadadadadadadadadadadada
dbdbdbdbdadadadadadadadadadadadadadadadadadadadadadadadadbda
dbdbdbdbdbdbdbdbdbdbdbdbdbdadadadadadadadadadadadadadadadada
dbdbdbdbdbdbdbdbdbdbdbdbdbdbdbdadadadadadadbdadbdadadadadada
dbdbdbdbdbdbdbdbdbdbdbdbdbdbdbdadadadadadadbdadadadadadadada
dbdbdbdbdbdbdbdbdbdbdbdbdbdbdbdbdbdbdadadadadadadbdadadadada
dbdbdbdbdbdbdbdbdbdbdbdbdbdbdbdbdbdbdadadadadadadadadadadbda
dbdbdbdbdbdbdbdbdbdbdbdbdbdbdbdbdbdbdbdbdadadadadadbdadadada
dbdbdbdbdbdbdbdbdbdbdbdbdbdbdbdbdbdbdbdbdadadadadbdadadadbda
dbdbdbdbdbdbdbdbdbdbdbdbdbdbdbdbdbdbdbdbdbdadadadadadadadada
dadbdbdbdbdbdbdbdbdbdbdbdbdbdbdbdbdbdbdbdbdadadadadadbdbdada
dadadbdbdbdbdbdbdbdbdbdbdbdbdbdbdbdbdbdbdbdbdadadadbdadadada
dadadadbdbdbdbdbdbdbdbdbdbdbdbdbdbdbdbdbdbdbdadadadadadadada
dadadadadbdbdbdbdbdbdbdbdbdbdbdbdbdbdbdbdbdbdadadadadadadbda
dadadadadbdbdbdbdbdbdbdbdbdbdbdbdbdbdbdbdbdbdbdadadadadadada
dadadadadadbdbdbdbdbdbdbdbdbdbdbdbdbdbdbdbdbdbdadadadadadbda
dadadadadadadbdbdbdbdbdbdbdbdbdbdbdbdbdbdbdbdbdadadadadadada
dadadadadadadadbdbdbdbdbdbdbdbdbdbdbdbdbdbdbdbdbdadadbdadada
dadadadadadadadbdbdbdbdbdbdbdbdbdbdbdbdbdbdbdbdbdadadadadada
dadadadadadadadbdbdbdbdbdbdbdbdbdbdbdbdbdbdbdbdbdadadadbdada
dadadadadadadadbdbdbdbdbdbdbdbdbdbdbdbdbdbdbdbdbdadadadadada
dadadadadadadadbdbdbdbdbdbdbdbdbdbdbdbdbdbdbdbdadadadadadada
dadadadadadadadadbdbdbdbdbdbdbdbdbdbdbdbdbdbdadadbdadadbdada
dadadadadadadadadbdbdbdbdbdbdbdbdbdbdbdbdbdadadadadadadadada


















































