abababababalalalalababababadadaeaeadabababababababababababab
ababababababalalababababadaeajajajaeadababababababababababab
ababababababalalalababaeaeajajajajajadadababababababanababab
abanababababalalalababadajajajajajajajaeabababanabababababab
ababababababalalabababadaeajajajajajaeadabababababababababab
ababababababalalababababaeadajajajadadababababababababababab
ababababababalalabababababadaeadaeadabababababababababababab
ababababababababababababababababababababababalabababababalab
abanababababalalababalalabababalalabababalababababalalababab
ababababababababalabalababalabababalalabalababababababababab
ababababababalababababababababababababababababababababababab
abababababababababababababanabababababababababababababababab
ababababababalabababababababababababababababababanababababab
abababababalababababababababababababanababababababababababab
abababalabalabababababababababababababababababababababababab
ababalabababalababababababababababababababababababababababab
ababalabababababalabababababababababababababababababanababab
abababababababababababababababababababababababababababababab
alabababababababalababababababababababababababababababababab
ababababababababababalababababababababanabababababababababab
ababababababababababalababababababababababababababababababab
ababababababababababababababababababababanababababababababab
abababanabababababababalalabababababababababababanababababab
ababababababababababababalababababababababababababababababab
abababababababababababababababababababababababababababababab
ababababanabababababababalabalababababababababababababababab
ababababababanabababababababababababababababanababababababab
abababababababababababababababababababababababababababababab
ababababababababababababababalababababababababababababababab
ababababababababababababababalababababababababababababababab











