dadadadadadadadadadadadadadadadadadadadadadadadadadadadadada
dadadadadadadadadadadadadadadadadadadadadadadadadadadadadada
dadadadadadadadadadadadadadadadadadadadadadadadadadadadadada
dadadadadadadadadadadadadadadbdbdbdadadadadadadadadbdadadada
dadadadadadadadadadadadadbdbdbdbdbdadadadadadadbdbdbdbdadada
dadadadadadadadadadadadbdbdbdbdbdbdbdadadadadadadadadadadada
dadadadadadadadbdadadadadbdbdadadbdbdadadadadadadadadadadada
dadadadadadadadadadadadadbdadadadbdbdbdbdadadadadadadadadada
dadadadadadadadadadadadadadadadadbdbdadadadadadadadadadadada
dadadadadadadadadadadadadadadadadadadadadadadadadadadadadada
dadadadadbdadadadadadadadadadadadadadadadadadadadadadadadada
dadadadbdadadadadadadadadadadadadadadadadadadadadbdadadadada
dadadadadadadadadadadadbdadadadadadadadadadadadbdadadadadada
dadadadadadadadadadadadbdadadadadadadadadadadbdbdbdadadadada
dadadadadadadadadadadadadadadadadadadadadadbdadbdadadadadada
dadadadbdadadadadadadbdadadadadadadadadadadadadadadadadadada
dadadadadadadadadadadadadadadadadbdbdbdadadadadadadadadadada
dadadadadadadadadbdadadadadadadadbdbdadadadadadadadadadadada
dadadadadadadadbdbdadadadadadadadbdadadadadadadadadadadadada
dadadadadadadadadadadadadadadadadadadadadadadadadadadadadada
dadadadadadadadadadadadadadadadadadadadadadadadadadadadadada
dadadadadadadadadadadadadbdadadadadadadadadbdadadadadadadada
dadadadadadadadadadadadadadadadadadbdbdadadadadadadadadadada
dadbdbdbdbdadadadadadadbdadadadadadadbdadadadadadadadadadada
dadbdbdbdbdadadadadadadbdbdadadadadadadbdadadadadadbdadadada
dadadadadadadadadadadadadadbdadadadadadadadadadadadbdbdadada
dadadadadadadadadadadbdbdadadadadadadadadadadadadadadadadada
dadadadadadadadadadbdadadadadadadadadadadadadadadadadadadada
dadadadadadadadadadbdadadadadadadadadadadadadadadadadadadada
dadadadadadadadadadadadadadadadadadadadadadadadadadadadadada














































