ajaeaeababababababababababaqabababababababalabababababababab
ajajaeaeababababababababarasabababababababalabababababababab
ajajajaeaeababababababarasasasababababababalalababababababab
ajajajajaeaeababababaqasasasasasababababababalababababababab
ajajajajajaeabababaraqarasasasasasarababababalalabababababab
aeaeajajajaeababarapaqaparasasasaqababababababalabababababab
abaeajajajaeabaqapapazapapaqasapaqababababababalabababababab
abaeajajajaearaqarararararaqarapaqabababababalalabababababab
abaeajajajaeabaqapapapapapaqapapaqababababalalababababababab
abaeajajajaeabaqapapapapapaqapapaqababababalabababababababab
abaeajajajaeabaqapapaoapapaqapababababababalabababababababab
abaeajajamamalalalabalabababababababababalalabababababababab
abaeajajajaeababalalalalababababababalalalababababababababab
abaeajajajaeabababababalababababababalababababababababababab
abaeajajajaeabababababalalalalalalalalababababababababababab
abaeajajajaeaeabababababababababababalalababababababalalalal
abaeaeajajajaeababababababababababababalalalalalalalalababab
ababaeajajajaeababababababababababababababababalalababababab
ababaeaeajajaeababababababababababababababababalabababababab
abababaeajajaeabababababababababababalalalalalalabababababab
anababaeajajaeababanababababababababalababababababababababab
acacabaeajajaeabacacabanabanabanabanalanabababababababababab
acacamamamamamamacacacacacacacacacacacacacanabanabanabababab
acacamamamamamamacacacacacacacacacacacacacacacacacacabanaban
acacamamamamamamacacacacacacacacacacacacacacacacacacacacacac
acacamamamamamamacacacacacacacacacacacacacacacacacacacacacac
acacaeajajajaeabacacacacacacacacacacacacacacacacacacacacacac
anaeaeajajajaeababanabacacacacacacacacacacacacacacacacacacac
bjaeajajajaeaeababababanabanabanabanalanabacacacacacacacacac
bjaeajajajaeabababababababababababalalababanabanabanacacacac

























