dadadbdbdbdbdbdbdbdbdbdadadadadadadadadadadadadadadadadadada
dadadbdbdbdbdbdbdbdbdbdadadadadadbdadadadadadadadadadadadada
dadadadbdbdbdbdbdbdbdbdbdadadadadadadbdbdadadadadadadadadada
dadadadadbdbdbdbdbdbdbdbdbdadadadadadadadadadadadadadadadada
dadadadadbdbdbdbdbdbdbdbdbdbdadadadadadadadadadadadadbdadada
dadadadadbdbdbdbdbdbdbdbdbdbdadadadadadadadbdadadadbdbdadada
dadbdadadadbdbdbdbdbdbdbdbdbdbdadadadadadbdbdadadadbdadadada
dadadbdadadadbdbdbdbdbdbdbdbdbdadadadadadbdbdadadadadadadada
dadadbdadadadbdbdbdbdbdbdbdbdbdadadadadadbdadadadadadadadada
dadadadadadadadbdbdbdbdbdbdbdbdbdadadadadadadadadadadadadada
dadadadadadadadbdbdbdbdbdbdbdbdbdadadadadadadadadadbdadadada
dadadadbdadadadbdbdbdbdbdbdbdbdbdadadadadadadadadadadadadada
dadadadadadadadadbdbdbdbdbdbdbdbdbdadadadadadadadbdbdadadada
dadadbdadadadadadbdbdbdbdbdbdbdbdbdadadadadadadadadadbdadada
dadadbdadadadadbdbdbdbdbdbdbdbdbdadadadadadbdadadadadadadada
dadadadadadadadbdbdbdbdbdbdbdbdbdadadadadbdadadadadadadadada
dadadadadadadbdbdbdbdbdbdbdbdbdadadadadadadadadadadadadbdada
dadadadadadadbdbdbdbdbdbdbdbdbdadadadadadadadadadadadbdbdada
dadbdadadadadadbdbdbdbdbdbdbdbdbdadadadbdadadadadadadadbdada
dadadadadadadadbdbdbdbdbdbdbdbdbdadadadadadadadadadadadadada
dadadadadadbdadadbdbdbdbdbdbdbdbdbdadadadadbdadadadadadadada
dadadadadadadadadbdbdbdbdbdbdbdbdbdadadadadbdbdadadadadadada
dadbdbdadadadadadbdbdbdbdbdbdbdbdbdadadadadbdadadadadadadada
dadadadadadadadbdbdbdbdbdbdbdbdbdadadadadadadadadadadadadbdb
dadadadadadadadbdbdbdbdbdbdbdbdbdadadadadadadadadadadadbdbdb
dadadbdbdadadbdbdbdbdbdbdbdbdbdadadadadadadadadadadbdbdbdbak
dadadadadadadbdbdbdbdbdbdbdbdbdadadadadadadadadadbdbdbdbakak
dadadbdadadbdbdbdbdbdbdbdbdbdadadadadbdadadadadadbdbdbakakak
dadadbdadadbdbdbdbdbdbdbdbdbdadadadbdadadadadadadbdbakakakak
dadadadadadbdbdbdbdbdbdbdbdbdbdadadadadadadadbdbdbdbakakakak














































