dadadadbdadbdadadadadadadadadadadbdbdadadadadadadadadadadada
dadadadbdadadadadadadadadadadadadadadadadadbdadadadadadadada
dadadadadadadadadadadadadadadadadadadadadadadadadadadadadada
dadadadadadadadadadadadadadadadadadbdadadadadadadadadadbdadb
dadadadadadbdadadbdbdadadbdadadadadbdadadadadadadbdadadadada
dadadadadadadadadadadbdadadbdadadadbdbdadbdbdbdadadadadadada
dadadadadadadadadadadadbdadadadadadadadadadadadadadadadadadb
dadadadadadadadbdbdadadadadbdadadadadbdadadadbdbdadbdadadada
dadadadadadadadadadadadadadadadadbdadadadbdadadadadadadadada
dadadadadadadadbdadadadadadbdadadadadadadbdadadadbdadadadada
dadadadadadadadadadbdadadadbdadadadadadbdadadadadadadadadbda
dadadadbdadadadadadadadadbdadadadadadadbdadadadadbdadadadbda
dadadadadadadadadbdadadbdadadadadadadadadadadbdadadadadadada
dadadadadadadadadadadadadadadadadbdadadadadadadadadadadadada
dadadadadadadadadadadadadadadadadadadadadbdadadadadadadadada
dadadadadadadadadadadadadadadadbdadadadbdadadadadadadadadada
dadadadadadadadbdadadadadadbdbdadadbdadadadadadadadadadadadb
dadadadadadadadadadadadadadadadadadadadadadadadadadadadadbdb
dadadadadadadbdbdadadadadbdadadadadadbdadadadadadadadadbdbdb
dadbdadadadadadbdadadadadadadadbdadbdbdadadadadadadadbdbdbak
dadadadadbdadbdadadadadadadbdadbdbdadadadadadadadadbdbdbakak
dadadadadadadadadadadadadadadadbdadadadadadadadadbdbdbakakak
dadadadadadadadadbdadadadbdadadadadadadadadadadadbdbakakakak
dadadadadadadadadadadadadadadadadadadadadadadbdbdbdbakakakak
dadadadadadadadadadadbdadadadadadadadadadadadbdbakakakakakak
dadadadadadadadadadadadadadadadadadadadadadbdbdbakakakakakak
dadadadadadadadadbdbdbdadadadadadadadadadadbdbakakakakakakak
dadadadadadbdadadadadbdadadadadadadadadadbdbdbakakakakakajaj
dadadadadadadadadadadadadadadadadadadadbdbdbakakakakakajajaj
dadadadadadadadadadadadadadadadadadadadbdbdbakakakakakajajad


























































