dadadadadadadadadadadadadadadadadadadadadadadadadadadadadada
dadadadadadadadadadadadadadadadadadadadbdbdadadbdbdadadadbda
dadadbdadadadadbdadadadadadadadadadadadadadadadadadadbdbdada
dadadadadadadadadadadadadadadadadadadadadadadadadadadbdadada
dadadadbdadadadbdbdadadadadadadadadadadbdadbdadadadadadadada
dadadadadadadadadadadadadadadadadadadadadbdadadadadadadadada
dadadadadadadadadadadadadbdadadadadadbdadadbdadadadadadadada
dadadadadadadadbdadadbdadadadadbdadadadadadadadadadadadadada
dadadadadadadadbdadadadadadadadadadadbdbdadadadbdbdadadadada
dadadadbdadadadadadadadadadadadadadadadadadadadadbdbdadbdada
dadadadbdadadadbdadadadadadadadadadadadadbdadadadadadadbdada
dadadadbdbdbdadadbdadadbdadbdadadadadadadadadadadadadadadbda
dadadadadadadadadadadadadadadbdadadadadadadadadadadadadbdada
dadadadadadadadadadadadadadadbdbdadadadadadadadadadadadadada
dadadadadadadadadadbdbdadadadadbdadadadadbdbdadbdadadadadada
dadadadadadadadbdbdadadbdadadadbdadadadbdadadadadadadadbdada
dadadadadbdbdbdbdadbdbdbdbdadadadadadadadadadadadadadadadada
dadadadadbdbdbdbdbdbdbdbdadbdadadadadadbdadadadadadadadadada
dadadadbdbdbdbdbdbdbdbdbdbdbdadadadadadadadadadadadadadadbdb
dadadadadbdbdbdbdbdbdadadadadadadadadadadadbdadadadbdadbdbak
dadadadadadbdbdadbdbdbdbdadadadadbdadadadadadadadadadbdbakak
dadadadadbdadbdadbdadbdadadadadadadadadadadadadbdadbdbakakak
dadadadadadadadadadadadadadadadadadadadadadadadadbdbakakakak
dadadadadadadadadadadadadadbdadadbdadadadadadadbdbakakakakak
dadadadadadadadadadadadadadadadadbdbdadadadadbdbakakakakakak
dadadadadadbdadadadadadadadadbdadbdbdadadadbdbakakakakakakak
dadadadadbdadadadadbdadadadadadadadadadadadbakakakakakakakak
dadadadadadbdadadadbdadadadadadbdadadadadbdbakakakakakakakaj
dadadadadadadadbdadadbdbdadadadbdbdadadadbakakakakakakakajaj
dadadadadadadadadadadadadadadadadadadadbdbakakakakakakakajad
























































