abababababababababababababababalabababanabababababababababab
abababababababababababababababababababababababababababababab
ababababababababababababalababalabababababababababababababab
ababababababababababababalalabababababababababababababababab
ababababababababababalababababababababababanabababanabababab
ababababababababababalabalababababababababababababababababab
abababababababalababababalababababababababababababababababab
abababababababalababababababalababababababababababababababab
abababalalabalabababababababababababababababanababababababab
ababalalabababababababababababalalababababababababababababab
alalalabababanabababababababababababababababababababababanab
alalabababababababababababanabababababababababababababababab
alalabababababababababababababababababalabababababababababab
alalalababababababababababababababababalabababababababababab
ababalalababababababanabababababababalababalabababalabababab
abababalababababababababababababababababababababalabababalal
abababababababababababababababalalababababababababababababab
abababababalababababanabababalababababababababababababababab
ababababababalababababababababababababababanabababababababab
ababababababalabababababababalababababababababababababababab
ababababababababababababababalabababababababababanababababab
abababababababababababababalabababababababababababababababab
ababababababababalababababababababababababanabababababababab
abababababababababababalalabababababanababababababababababab
abababababababalababababababababababababababababababanababab
ababababababababalababababababababababanabababababababababab
abababababababababababalababababababababababanababababababab
ababababababababababalababababababababababababababababababab
abababababababababababalabababababababababababababababababab
ababababababababababababalababababababababababababababababab













