dadadadadadadadadadadadadadadadadadadadadadadadadadadadadada
dadadadadadadadadadadadadadadadadadadbdadadadadadadadadadada
dadadadadadadadadadadadadadadadadadadadadadadadadadadadadada
dadadadadadadbdadbdadadadadadadadadadadadadadadadadadadadada
dadadbdadadadadadadadadadadadadadadbdbdadadadadadadadadadada
dadadbdbdadadadadadadadadadadbdbdbdbdbdbdbdadadadadadadadada
dadadadadbdadadadadadadadadbdbdbdbdbdbdbdbdbdbdadadadadadada
dadadadadadadadadadadadbdbdbdbdbdbdbdbdbdbdbdadadadadadadada
dadadadadadadadadadbdbdbdbdbdbdbdbdbdbdbdbdadadadadadadadada
dadadadadadadadbdbdbdbdbdbdbdbdbdbdbdbdbdadadadadadadadadada
dadadadadadadadbdbdbdbdbdbdbdbdbdbdbdadadadadadadadadadadada
dadadadadbdbdadadbdbdbdbdbdbdadbdbdadadadadadadadadadadadada
dadadadadadbdbdbdbdbdbdbdbdadadadadadadadadadadadadadbdadada
dadadadadadbdbdbdbdbdadadadadadadadadadadadadadadbdbdbdadada
dadadadadadbdbdbdbdbdadadadadadadadadadadadadadadadadadadada
dadadadadadbdbdbdadadadadadbdadadadadadadadadadadadadadadada
dadadadadadadadadadadadadadadadadadadadadadadadadadadadadada
dadadadadadadadbdadadadadadadadadadadadadadadadadadadadadada
dadadadadadadadadadadadadadadadadadadadadadadadadadadadadada
dadadadadadadadadadadadadadadadadadadadadbdadadadadadadadada
dadadadadadadadadadadadadadadadadadadadadbdadadadadadadadada
dadadadadadbdadadadadadadadadadadadadadadbdbdadadadadadadada
dadadadadadbdadadadadadadadadadadadadadadadadadadadadadadada
dadadadadadadadadadadadadadadbdbdadadadadadadadadadadbdadada
dadadadadbdbdadadadadadadadadbdadadadadadadadadadadadbdbdada
dadadadadadadadadadbdadadadadadadadadadadadadadadadadadadada
dadadadadadadadadadadadadadadadadadbdbdadadadadadadadadadada
dadadadadadadadadadadadadadadadadadbdadadadadadadadadadadada
dadadadadadadadadadadadadadadadadadadadadadadadadadadadadada
dadadadadadadadadadadadadadadadadadadadadadadadadadadadadada






































