abababalabababababababababanacacacacanabababababalababababab
alalabalababababababababababacacacacababababababalababababab
abalalalababababababababanacacacacacanabababababalababababab
abababalalababababababababacacacacababababababalalalalababab
ababababalalababababababanacacacacanabababababalababalababab
abababababalalababababababacacacacababababababalababalalalab
ababababababalabababababanacacacacacanababababalababababalal
ababababababalalalalalalalalacacacacabababababalabababababab
ababababababalababababababanacacacacanababababalabababababab
ababalalalalalabababababababacacacacalalalalalalabababababab
ababalabababababababababanacacacacacanabababalababababababab
abalalababababababababababacacacacabababababalalabababababab
abalababababababababababanacacacacanabababababalabababababab
emeoememabababababababababacacacacababababababalalababababab
esalesemababababababababanacacacacacanabababababalababababab
abaleremababababababababababacacacacababababababalababababab
abaleremabababababababababanacacacacanabababababalababababab
abalerememememabababababababacacacacababababababalalabababab
alalabenenesemabababababanacacacacacanabalalalalalalabababab
abalalababeremababababababacacacacabababalababababalabababab
ababalababeremabababababanacacacacanababalababababalabababab
ababalalaleremababababalalacacacacalalalalababababalalababab
ababababaletetalalalalalanacacacacacanabalabababababalalabab
abababababeremabalabababababacacacacababalababababababalalal
abababababeremabalababababanacacacacanabalababababababababab
abababababeremabalabalalalalacacacacababalababababababababab
abababexexeyemabalabalabanacacacacacanabalalabababababababab
ababerememememabalalalababacacacacababababalalababababababab
ababeyemababalalalabababanacacacacanababababalababababababab
aberememababalababababababacacacacabababababalababababababab









































