ababababababababababalabababababemeqabemeqalabababababababab
ababababababababababalabababababemeqabemeqalabababababababab
ababababababababalalalabababababemeqabemeqalalalabababababab
ababababababababalabababababababemeqabemeqababalabababababab
ababababababababalabababababababemeqabemeaeaeaeceaababababab
ababababababababalabababababababemeqababebebebecebeaabababab
ababababababalalalabababababababemeqabababababalabebeaeaeaea
ababababababalabababababababababemeaeaababalalalababebebebeb
ababababababalababababababababababababeaabalabababababababab
ababababababalabababababababababababababeaeceaeaeaababababab
abababababalalalalalalalalalalababababababalabababeaeaeaeaea
ababababalalababababababababalalalalalalalalabababababababab
ababababalababababababababababababababababababababababababab
ababababalababababababababababababababababababababababababab
alalalalalalabababababababababababababababababababababababab
abababababalabababababababababababababababababababababababab
abababababalalababababababababababababababababababababababab
ababababababalalabababababababababababababababababababababab
abababababababalalababababababababababababababababababababab
ababababababababalababababababababababababababababababababab
ababababababababalalabababababababababababababacacacacacacac
abababababababababalababababababababababababacacacacacacacac
abababababababababalabababababababababababacacacacacacacacac
abababababababababalalabababababababababacacacacacacacacacac
ababababababababababalalababababababababacacacacacacacacacac
abababababababababababalalalalalalalalalacacacacacacacababab
ababababababababababababababababababababacacacacacacabababab
ababababababababababababababababababababacacacacacababababab
ababababababababababababababababababababacacacacacababababab
ababababababababababababababababababababacacacacacababababab




























































