aaaaakajajadadadaeababababababababababababababababababababal
aaaaakakajajadadaeababababababababababababababababababalalal
aaaaakakajajadadaeababababababababababababababababababalabab
aaaaakakajajadadaeaeabababababababababababababababababalabab
aaaaakajajadadadaeaeababanababababababababababababababalabab
aaaaakajadadadadaeabababababababababababababababababalalabab
aaaaakajadadadadaeaeabababababababababababababababalalababab
aaaaakajadadadadaeaeababababababababanababababababalabababab
aaaaakajadadadaeaeaeababababababababababababababalalabababab
aaaaakajadadadadaeaeabababababanababababababababalababababab
aaaaakajadadadadadaeababababababababababababababalababababab
aaaaakajadadadadalalalalababababababababababababalalababanab
aaaaakajajajadaeaeababalalalalabababababababababalalalababab
aaaaakajajajadadaeaeababababalalababababababalalalabalababab
aaaaaaakajadadadaeaeabababababalalabababalalalabababalababab
aaaaaaakajadadadaeaeababababababalalabalalabababababalalabab
aaaaakakajadaeaeaeaeabababababababalalalabababababababalabab
aaakakajajadadaeaeaeabababababababababababababababababalabab
aaakajajajadadaeaeaeababababababababababababababababalalabab
akajajajajadadaeaeabababababababababababababababababalababab
akajadadadadadadaeababababababababababababababababalalababab
akajadadaeaeaeaeaeabababababababababababababababalalabababab
aaakajajaeadadadabababababababababababababababalalababababab
aaakajadaeadadadabababababababababababababababalabababababab
aaakajadaeadadababababababababababababababababalalababababab
akajadadaeadabababababanababababababababababababalalabababab
akajadadadaeaeababababababanabababababababababababalalababab
akakajadadadadaeababananababababababababababababababalababab
aaakajajadadadaeababababababababababababababababababalababab
aaakakajadadadaeabababababababababababababababababalalababab






