aaaaaaaaaaaaaaaaaaaaaaaaaaaaaaaaaaaaaaaaaaaaaaaaaaaaaaaaaaaa
aaaaaaaaaaaaaaaaaaakaaaaakakakaaakaaaaakakaaaaaaaaaaaaakaaaa
aaakakakaaakakakakakakakakakakakakakakdbakakakdbakakakakaaak
akakdbakakakakakdbdbdbdbdbdbdbdbdbakdbdbdbdbdbdbdbakakdbakak
akdbdbakakdbdbdbdbdbdbdbdbdbdbdbdbdbdbdbdbdbdbdbdbdbdbdbakdb
dbdbdbdbdbdbdbdbdbdbdbdadbdbdbdadbdbdbdbdbdbdbdbdbdbdbdbdbdb
dbdbdbdbdbdbdbdadadadadadadbdbdadadbdbdbdadadbdadbdbdbdadadb
dbdadadbdbdadadadadadadadadadadadadadadadadadadadadadadadada
dadadadbdadadadadadadadadadadadadadadadadadadadadadadadadada
dadadadadadadadadadadadadadadadadadadadadadadadadadbdadadada
dadadadadadadadadadadadadadadadadadadadadadadadadadadbdadada
dadadadadadadadadadadadadadadadadadadadadadadadadadadadadada
dadadadadadbdadadadadadadadadadadbdbdadadbdadadadadadadadbda
dadadadadadbdadadadadadadadadadadbdadadadbdbdbdadadadadadada
dadadadadadadbdadadadadbdadadadadbdadadadadbdadadadadadadada
dadadadadadadadadadadbdadadadadadadadadadadadadadadadadadada
dadadadadadadadadadadadadadadadadadadadadadadadadadadadadada
dadadadadadbdadadadadadadadadadadadadadadadadadadbdadadadada
dadadadbdadadadadadadadadbdadadadadadadadadadadadbdadadadbda
dadadadadadbdadadadadadadadadadbdadadadadadadadadadadadadbda
dadadadadadadadadadbdbdadadadadadbdadadadadadadadadadadbdada
dadadadadadadadadadbdbdadadadadadadadadadadbdadadadadadadada
dadadadadadadadadadadadadadadadadadadadadadadbdadadadadadada
dadadadadadadbdadadadadadadadadadadadadadadadbdadadadadadada
dadadbdadadadbdadadadadadadbdbdadadadadadadadadadadadadadada
dadadbdadadadadadadadadadadbdadadadadadadadadadadadadadadada
dadadadbdadadadadadadadadadadadbdadadadadadadadadadadadadada
dadadadadadadadadadadadadadadbdbdadadadbdadadadadadadadadada
dadadadadadadadadadadadadadadadadadadadadadadadadadadadadada
dadadadadadadadadadadadadadadadadadadadadadadadadadadadadada

















