dadadadadadadadadadadadadadbdbdbdbdbdbdbdbdbdbdbdadadadadada
dadadadadadadadadadadadadbdbdbdbdbdbdbdbdbdbdbdbdadadadadada
dadadadbdadbdadadadadadadbdbdbdbdbdbdbdbdbdbdbdbdadadadadada
dadadbdbdadadadadadadadbdbdbdbdbdbdbdbdbdbdbdbdadadadadadada
dadadadadadadadadadadbdbdbdbdbdbdbdbdbdbdbdbdbdadadadadadada
dadadadadadadadadadadbdbdbdbdbdbdbdbdbdbdbdbdadadadadadadada
dadbdbdadadadadadbdbdbdbdbdbdbdbdbdbdbdbdbdadadadadadadadada
dadbdadadadadadbdbdbdbdbdbdbdbdbdbdbdbdbdadadadadadbdadadada
dadadadadadadbdbdbdbdbdbdbdbdbdbdbdbdbdadadadadadbdbdadadada
dadadadadadbdbdbdbdbdbdbdbdbdbdbdbdbdbdadadadadadadbdadadada
dadadadadbdbdbdbdbdbdbdbdbdbdbdbdbdbdadadadadadadadadadadada
dadadadadbdbdbdbdbdbdbdbdbdbdbdbdbdadadadadadadadadadbdadada
dadadadbdbdbdbdbdbdbdbdbdbdbdbdadadadadadadadadadadbdadadada
dadadadbdbdbdbdbdbdbdbdbdbdbdadadadadadadadadadadadadadadada
dadadbdbdbdbdbdbdbdbdbdbdbdbdadadadadadadadadadadadadadadada
dadbdbdbdbdbdbdbdbdbdbdbdbdadadadadbdadadadadadadadadadadada
dbdbdbdbdbdbdbdbdbdbdbdbdbdadadbdadadadadadadadadadadadadada
dbdbdbdbdbdbdbdbdbdbdbdbdadadadadadadadadadadadbdadadadadada
dbdbdbdbdbdbdbdbdbdbdbdbdadadadadadbdadadadadadadadadadadada
dbdbdbdbdbdbdbdbdbdbdbdadadadadbdbdadadadbdbdadbdadadadadadb
dbdbdbdbdbdbdbdbdbdbdadadadadadadadadadadadadbdadadadadadbdb
dbdbdbdbdbdbdbdbdadadadadadadadadadadadadadadadadadadbdbdbak
dbdbdbdbdbdbdbdadadadadadadadadadadadadadadadadadadbdbdbakak
dbdbdbdbdbdbdadadadadadadadadadadadadbdadadadadadbdbakakakak
dbdbdbdbdbdadadadadadadadadadbdadadadbdbdadadadbdbakakakakak
dbdbdbdbdadadadadadadadadadadadadadbdadadadadbdbdbakakakakak
dbdbdbdadadadadadadadadbdbdbdbdadadadadadadbdbdbakakakakakak
dbdadadadadadadadadadadbdadbdadadadadadbdbdbakakakakakakakak
dadadadadadadadadadadadadadadadadadadadbdbakakakakakakakakak
dadadadadadadadadadadadadadadadadadadadbakakakakakakakakakak


















































