ababababababababababalababababababababababababababababababab
abababababababalalalalababababababababababababababababababab
abababababababalabababababababababababababababababababababab
abababababababalabababababababababababababababababababababab
abababababababalabababababababababababababababababababababab
abababababababalabababababababababababababababababababababab
abababababababalalababababababababababababababababababababab
ababababababababalababababababababababababababababababababab
ababababababababalababababababababababababababababababababab
ababababababababalalabababababababababababababababababababab
abababababababababalalalalalabababababababababababababababab
abababababababababalaeaeaealabababababababababababababababab
ababababababababalalaeajaealalababababababababababababababab
abababababababalalaeaeajaeaealalalalalababababababalalalalal
ababalalalabalalaeaeajajajaeaeaeaeabalalababababalalabababab
alalalabalalalaeaeajajajajajajajaeababalalalalalalababababab
abababababababaeajajajajajajajajaeabababalalabababababababab
abababababababaeaeajajajajajajajaeabababalababababababababab
ababababababababaeaeaeajajajajaeaeababalalababababababababab
ababababababababababaeaeajaeaeaeababalalabababababababababab
abababababababababababaeamaeababababalababababababababababab
ababababababababababababalababanabanalanabanabanabanabanaban
abababababababanabanabanalanacacacacacacacacacacacacacacacac
abanabanabanacacacacacacacacacacacacacacacacacacacacacacacac
acacacacacacacacacacacacacacacacacacacacacacacacacacacacacac
acacacacacacacacacacacacacacacacacacacacacacacacacacacacacac
acacacacacacacacacacacacacacacacacacacacacacacacacacacacacac
acacacacacacacacacacacacacacacacacacacacacacacacacacacacacac
acacacacacacacacacacacacacacabanabanabanabanabanabanabanaban
acacacacacacabanabanabanabanabababababababababababababababab






















