abababababababababababababababababalabababababababababababab
ababababababababababababababababalalabababababababababababab
ababababanababababababababababalalababababababababababababab
ababababababababababababababalalalababababababababababababab
ababababababababababababalalalabalalababababababanababababab
abababanabababababababalalababababalabababababababababababab
abababababababababababalabababababalalababababababababababab
ababababababababababalalababababababalabababababababanababab
abababababababababalalababababababalalababababababababababab
ababababababababalalabababanabababalabababababababababababab
abababababalalalalababababababababalalababababababababababab
ababababalalabababababanababababababalababababababababababab
abababalalabababababababababababababalalabababababababababab
ababalalabababababababababababababababalabababababababababab
abalalababababababababababababababababalabababababababababab
abalababababababababababababalalalababalalalalababababababab
alalalalabababalalalalabalalalabalalalalababalalalabalalalal
abababalalalalalababalalalabababalabababababababalalalababab
ababababababababababababababababalababababababababababababab
abababababababababababababababalalababababababababababababab
ababababababababababababababalalabababababababababababababab
ababababababababababababababalababababababababababababababab
ababababababababababababababalalabababababababababababababab
abadabadababadabadabadadabababalababadadabababadadabababadab
aeadadadadadaeadadadadadadadamalamadadadadadadaeadadadadadad
adadadaeadajadadaeajadaeajaeamamamaeadaeadaeadadadadadadadae
aeadadajajajadaeadajajajajadamamamajadajadaeadajaeadaeadadad
ajajajajajajajajajajajajajajajajajajajajajajajajajajajajajaj
ajajajajajakajajajakajakakajajakakajajajajajajajajakajajajaj
akakakakakakakakakakakakakakakakakakakakakakakakakakakakakak













