aaaaakakajaeaeaeaeaeababababababababababababababababalababab
aaakakakajaeaeaeaeaeababababababababababababababababalababab
aaaaakajaeaeaeaeaeaeababababababababababababababababalababab
aaaaakajaeaeaeaeaeaeabababababababababababababalalalalababab
aaakakajaeaeaeaeaeaeababababababababababababalalababalababab
aaaaakakajaeaeaeaeaeababababababababababalalalabababalababab
aaakakajajaeaeaeaeaeabababababababababalalabababababalalabab
aaaaakajaeaeaeaeaeaeabababababababababalabababababababalabab
aaakakajaeaeaeaeaeaeabababababababababalabababababababalabab
aaaaakakajaeaeaeaeaeababababababababalalabababababababalalab
aaaaakakajaeaeaeaeaeababababababalalalabababababababababalal
aaakakajajaeaeaeaeaeababalalalalalabababababababababababalab
aaakajajaeaeaeaeaeaeabalalabababababababababababababababalab
aaajajaeaeaeaeaeaeaealalabababababababababababababababalalab
akajaeaeaeaeaeaeaeaealabababababababababababababababalalabab
akajaeaeaeaeaeaeaeaealabababababababababababababababalababab
aaajajaeaeaeaeaeaeaealababababababababababababababalalababab
aaakajaeaeaeaeaeaeaealalababababababababababababalalabababab
aaakajajaeaeaeaeaeaeabalabababababababababababalalababababab
aaaaakakajaeaeaeaeaeabalabababababababababababalabababababab
aaaaaaakajaeaeaeaeaeabalababababababababababalalabababababab
aaaaaaakajajaeaeaeaeabalalalabababababababalalababababababab
aaakakajajajajaeaeaeabababalalalabababababalabababababababab
aaakajaeajajajajaeaeaeaeaeaeaealalabababalalabababababababab
aaakajaeaeajajajajaeaeaeaeaeaeabalalalabalababababababababab
aaakajaeaeaeaeajajajajajajajaeaeababalalalababababababababab
aaakajajaeaeaeaeajajajajaeaeaeaeabababalabababababababababab
aaakakajajaeaeaeaeaeaeaeaeaeaeaeabababalalababababababababab
aaakakakajaeaeaeaeaeaeaeaeaeababababababalababababababababab
aaakakajajaeaeaeaeaeababababababababababalababababababababab









