acacababababababababababababababababalababababababababababab
acacabababababababababababababababalalababanabababababababab
acacalabababababanababanabababababalabababababababababababab
ababalalabababababababababababababalababababababababanababab
abababalalalabababababababababababalalababababababababababab
ababababalalababababababababababababalababababababababababab
abababababalalabababababanabababababalababababababababababab
ababababababalalalalabababababababalalababababababababababab
abababababababababalalabababababalalabababababababababababab
ababababababababababalalababababalababababababababababababab
abababababababababababalalalanabalabababanababababababababab
abababababababababababababalalalalabanababababababababababab
abababababababababababababalalalalababababababababababababab
abababanababababababababalalalalalalababanababababababababab
abababababababababababalalababababalalalababababababababalal
abababababababababababalabababababababalalalalalababalalalab
abababababababababababalabababababababababababalalalalababab
ababanababababababababalalanabababababababababababababababab
abababababababababababalalababababababababababababababababab
abababababababababababanalababababababababababababababababab
abababababababababababalalababababababababababababababababab
ababababababanababababalababababababababababababababanababab
abababababababababababalababababababababanababababababababab
abababababababababababalabababababababababababababababababab
abababababababababababalabababababababababababababababababab
abababababababababababalabababababababanabababababababababab
abababababababababababalalabababanababababababababababababab
ababababababababababababalababababababababababababababababab
ababababababababababababalababababababababababababababababab
ababababababanabababababalababababababababababababababababab













