ababababababababababababababababababababalalabababaeaeaeajaj
ababababababababababalalalalalalalalalalalabaeaeaeaeajajakak
abababanababababanabalababababaeaeaeaeamaeaeaeajajajakakajaj
ababalalalalalalalalalabaeaeaeaeajajajamajajajakakakakajajae
alalalaeaeaeaeaeaeaeaeaeaeajajajajakakamakakakajajajajaeaeae
aeaeaeaeajajajajajajajajajajakakakajajamajajajajaeaeaeaeaeab
ajajajajajakakakakakakakakakajajajajaeamajaealalalalalababab
akakakakakajajajajajajajajajajaeaeaeaealaeaealababaqalalabab
ajajajajajajaeaeaeaeaeaeaeaeaeaeabababalalalalabarasabalalal
ajajaeaeaeaeaeabababababababababalalalalabababarasasasababab
ajaeaeababababababababababababalalabababababarasasasasasabab
ajaeababababababababababababalalabababababaqasasasasasasasar
ajaeababababababababababababalabababababaraqarasasasasasaqab
ajaeababababababanababababalalababababarapaqaparasasasapaqab
amamacababababababababababalababababaqapapbkapapaqasapapaqab
amamacacacacacacababababalalabababaraqarararararaqarapapaqab
amamacacacacacacacacacabalabababababaqapapapapapaqapapapaqab
ajaeababalabacacacacacacacabababababaqapapapapapaqapapababab
ajaeababalalabababacacacacacacacababaqapapaoapapaqapabababab
aeabanababalalababababacacacacacacacacabababababababababanab
ababababababalalalalababababacacacacacacacacabababababababab
abababababababababalabababababababacacacacacacacacababababab
abababababababababalababababababanabababacacacacacacacababab
abababababababababalalabababababababababalababacacacacacacac
ababababababababababalalabababababababalalababababacacacacac
abababababababababababalalabababababalalababababababababacac
ababanabababababababababalalabababalalababababababababababab
abababababababababababababalalalalalabababababababababababab
abababababababababababababababalalabababababanababababababab
abababababababababababababababalabababababababababababanabab

















