abababababababababababababababababababababalalababababababab
ababababababababababababababababababababababalababababababab
ababababababababababababababanababababababababababababababab
abababababababababababababababababababababalalabababadaeaead
abababababanabababababababababababababababababadadaeadajajaj
abababababababababababanabababababababababalabaeajajajajajaj
ababababababababababababababababababababababaeadajajajajajaj
ababababababababababababababababababalalababadajajajakakakak
ababababanabababababababababanababababababadajajajakakakakak
abababababababababanabababababababalabababadajajajakakakakak
ababababababababababababababababalababababaeadajajakakakakak
abababanababababababababababababalabababababadajajajakakakak
ababababababababababababababalalababababababaeaeajajajajakak
abababababababababababababababababababababababadajajajajajaj
ababababababanababababababalabababababababababadadaeaeajajaj
ababababababababababababalabababababababababababababadajajaj
ababababababababababababababababalabababanabababababadadajaj
abababababababababababalalabababababalabababanababababadaead
abababababababababababababababababalalababababababababababab
ababababababababalababalabababababababababababababababanabab
abababababababalalababababababababababababababababababababab
ababababababalababababababababababababalababalababababababab
ababababababalabababababababababababababababalababababababab
ababalabalababababanabababababababababababababalabalabababab
ababalababababababababababababababababanababababababalababab
abalababababababababababababababanababababababababababalabab
alalabababababababababababababababababababababababababalabab
abababababababababababababanababababababababanababababababal
abababababababababababababababababababababababababababababal
ababababababababababababababababababababababababababababalab





