aaakakdbdadadadadadadadadadadadadadadadadadadadadadadadadadb
aaakakdbdadadadadadadadadadadadadadadadadadadadadadadadadadb
aaaaakdbdadadadadadadadadadadadadadadadadadbdbdadadbdbdbdbdb
aaakakdbdadadadbdadadadadadadadbdadadadadadadbdadadbdbdbdbaj
aaakakdbdadadadbdadadadadadadbdadadadadadadadadadadbdbajajaj
aaakakdbdadadadadadadadadadadadadadadadadadadadbdbdbajajajaj
aaakakdbdadadadadadadadadadadadadadadbdaamamamdbdbajajajakak
aaakakdbdadadadadadadbdadadadadadadadaamamamamajajajakakakak
aaakakdbdadadadadadbdadadadadadadadadaamamamamajajakakakakaj
aaakakdbdadadadadadadadadadadadadbdbdbdbamamamamakakakakajaj
aaakakdbdadadadadadadadadadbdbdbdbdbdbakamamamamajajajajajaj
aaaaakdbdbdbdbdbdbdbdbdbdbdbdbdbakakakakakamamamamaeadaeaeae
aaakakdbdbdbdbdbdbdbdbdbdbdbdbdbakakakakajamamamamababababab
aaaaakakakakakakakakakakakakakakakakakajajamamamabababababab
aaakakakakakakakakakakakakakakakakakakajajadabalabababababan
aaaaakakakaaakakakaaaaaaaaakakakakakajajajaeabalabababanabab
aaaaaaaaaaaaaaakaaaaaaaaaaaaaaakakakakajaeadabalalababababab
aaaaaaaaaaaaaaaaaaaaaaaaaaaaakakakakakajaeabababalababababab
aaaaaaaaaaaaaaaaaaaaaaakaaaaaaakakakajajadababalalabababanab
aaaaaaaaaaaaaaaaaaaaaaakaaakakakajajajajadababalabababababab
aaaaaaaaaaaaaaaaaaaaakakakakajakakakajaeaeabalalabababababab
aaaaaaakaaaaaaaaakakakakakajajajajajajadababalababababanaban
aaaaaaakakaaaaaaakakajajajajajadaeaeadaeababalababababababab
aaaaaaakakakakakajakajajaeadadadababababalalalababababababab
aaaaaaakakajajajajajajajadababababababalalalabababababababab
aaaaakakakajajajadaeaeaeadababababalalalababababababababanab
aaaaaaakakajaeaeaeababababababababalabababababanabababababab
aaaaaaakakajadabababanabanabababalalabababababababababababab
aaaaaaakajajaeabababababababababalababababababababababababab
aaaaakakakajadababababababababalalababababababababababababab













