ababababababalabababababababababalababababababababaqabababab
ababababababalabababababababababalabababababababarasabababan
ababababababalabababanababababalalababanabababarasasasababab
ababababanalalababababababababalababababababaqasasasasasabab
ababababalalabababababababababalabababababaraqarasasasasasar
ababalalalalababababababababalalababababarapaqaparasasasaqab
alalalababalalababababababalalababanabaqapapaqapapaqasapaqab
anabababababalalabababababalababababaraqarararararaqarapaqab
abababababababalalalabababalabababababaqapapapapapaqapapaqab
abababababababababalababalalalalalalabaqapapaoapapaqapatatab
ababababababababanalalabalabababalababababalalalalalalababab
ababababababababababalabalabababalalalalalalababababalababan
ababababababababababalalalabababababababababababababalalalal
abababanabababababababalalababababababababababababababababab
abababababababababababalalalabababanabababababababababababab
ababababababababalalalalabalabababababababababababababababab
abababababababalalababababalababababababababanababababababab
abababababababalababanababalalabababababababababababababanab
abababababababalababababababalababababababababababababababab
ababababalalalalababababababalalabanabababababababababababab
ababababalababababababanabababalabababababababababababababab
ababababalababababababababababalalababababababababababababab
ababababalabababababababababababalababababababababababababab
alalalalalabababababababababababalababababababababababababab
ababababababababababababababababalababababababababanabababab
ababababababababababababanabababalababababababababababababab
ababababababababababababababababalababababababababababababab
ababababababababababababababababalabababanababababababababab
ababanabababababababababababababalababababababababababababab
ababababababababababababababababalababababababababababababab





































