aaakakajadadadadadadadabababalababababababababababababababab
aaakakajadadadadadabababababalababababababababababababababab
aaakakajadadadadadabababababalababababababababababababababab
aaaaakajadadadadadadabababalalababababababababababababababab
aaakajajadadadadadadababalalabababababababababababababababab
aaakajajadadadadadabababalabababababababanababababababababab
aaakakajadadadadadadabalalababababababababababababababababab
aaaaakajadadadadadadadalabababababababababanabababababababab
aaaaakajadadadadadadadalababababababababababababanababababab
aaaaakajadadadadadadabalalababababababababababanabababababab
aaakakajadadadadadadababalalabababababababababababababababab
aaaaakajadadadadadadabababalalababababababababababababababab
aaaaakajadadadadadabababababalababababababanabababababababab
aaakakajadadadadadadababababalalabababababababababababababab
aaakakajajadadadadadabababababalabababababababababanabababab
aaaaakakajajadadadadabababababalabababababababababababababab
aaakajajajajadadadadabababababalalababababababababababababab
aaakajadadajadadadadadabababababalalabababababababanabababab
aaakajadadajadadadadadababababababalalabababababanababababab
aaakajadadajadadadabababababababababalalabababababababababab
aaakajadadajadadadadababababababababalalabababababababababab
aaakajadadajadadadadababababababababalalabababababababababab
aaakajadadajadadadadababababababababalalababababanababababab
aaakajadadajadadadababababanabababalalababababababababababab
aaakajadadajadadadadadabanabababalalabababababababanabababab
aaakajadadajadadadadabababababalalababababababababababababab
aaakajajajajadadababababababalalabababababababababababababab
aaakakakajajadadababababababalalabababababababababababababab
aaaaakajajadadadadabababababalababababababababababababababab
aaaaakajadadadadadadadabababalababababababababababababababab






