ababababababacacacacacacacababababababababababababababeremab
ababababababacacacacacacacababababababababababababababeremab
ababababababacacacacacacacababababababababababababababeremab
ababababababacacacacacacacababababababababababababababeremab
ababababababacacacacacacacababababababababababababababeremab
ababababababacacacacacacacababababababababababababababeremab
elelelelelelecececececececelelelelelelelelelelelelelelelemab
ebebebebebebecececececececebebebebebebebebebebebebebebebemab
ababababababacacacacacacacabababababababababababababababenen
ababababababacacacacacacacabababababababababababababababemem
abababababababababababababababababababababababababababababab
abababababababababababababababababababababababababababababab
abababababababababababababababababababababababababababababab
abababababababababababababababababababababababababababababab
abababababababababababababababababababababababababababababab
abababababababababababababababababababababababababababababab
abababababababababababababababababababababababababababababab
abababababababababababababababababababababababababababababab
abababababababababababababababababababababababababababababab
abababababababababababababababababababababababababababababab
abababababababababababababababababababababababababababababab
abababababababababababababababababababababababababababababab
abababababababababababababababababababababababababababababab
abababababababababababababababababababababababababababababab
abababababababababababababababababababababababababababababab
abababababababababababababababababababababababababababababab
abababababababababababababababababababababababababababababab
abababababababababababababababababababababababababababababab
abababababababababababababababababababababababababababababab
abababababababababababababababababababababababababababababab





















































