dadadadadadadadadadadadadadadadadadadadadadadadadadadadadada
dadadadadadadadadadadadadadadadadadadadadadadadadadadadadada
dadadadadadadadadadadadadadadadadadadadadadadadadadadadadada
dadadbdadadadadadadbdadadadadadadadadadadbdbdadadadadadadada
dadadadadadadadadadbdadadadadadadadadadadbdadadadadbdbdadada
dadadadadadadadadadadadadadadadadadadadadadadadadbdbdadadada
dadadadadadadadadadadadadadadadadadadadadadadadadbdadbdadada
dadadadadadadadadadadadadadadadadadadadadadadadadadadadbdada
dadadadadadadadadbdbdbdbdbdbdbdbdbdadadadadadadadadadadadbda
dadadadadadadadadbdadadadadadadadbdadadadadadadadadadadadada
dadadadadadadadadbdadadadadadadadbdbdbdadadadadadadadadadada
dadadadadadadadadbdadbdadadadadbdbdbdadadadadadadadadadadada
dadadadadadadadadbdadadadbdadbdbdadadadadadadadadadadadadada
dadadadadbdadadadbdadadadadadbdbdadadadadadadadadbdbdadadada
dadadadbdadadadadbdadadadadadadbdadadadadadadadadbdadadadada
dadadadbdadadadadbdbdadadadadbdbdadadadadadadadadadadadadada
dadadadadbdadadadadbdbdbdbdbdbdadadadadadadadadadadadadadada
dadadadadadadadadadadadadadadadadadadadadadadadadadadadadada
dadadadadadadadadadadadadadadadadadadadadadadadadadadadadada
dadadadadadadadadadadadadadbdadadadadadadadadadadadadadadada
dadbdbdbdadadadadadadadadbdbdadadadadadbdadadadadadadadadada
dadadbdbdadadadadadadadadadadadadadadbdadadadadadadadadadada
dadadadadadadadadadadadadadadadadadadadadadadadadadadadadada
dadadadadadadadadbdadadadadadadadadadadadbdadadadadadadadada
dadadadadadadadadbdadadadadbdadadadadadadadadadadadadadadada
dadadadadadadadadadadadadadbdadadadadadadadadadadadbdadadbda
dadbdbdbdadadadadadadadadadbdbdadadadadadadadadadadbdadbdbda
dadadbdadadadadadadadadadadadadadadadadadbdbdadadadadadbdada
dadadadadadadadadadadadadadadadadadadadadadadadadadadadadada
dadadadadadadadadadadadadadadadadadadadadadadadadadadadadada













































