aaakakajajadadadaeaeaeababababababababababababababalalababab
aaaaakakajadadadaeabababababababababababababababalalabababab
aaaaakakajadadadaeababababababababababababababalalababababab
aaakakakajadadadaeaeababababababababanabababalalabababababab
aaakajajadadadadaeaeabababanababababababababalababababababab
aaakakajadadadaeaeababababababababababababalalababababababab
aaakajajadadadaeaeaeabababababababababababalabababababababab
aaakakajadadadaeaeaeaeabanabababababababalalabababababababab
aaaaakajadadadadaeaeaeababababababababalalalalalabababababab
aaakajajadadadadaeaeabababanababababalalabababalababababanab
aaakajajadadadadaeaeabababababababalalababababalabababababab
aaakakajadadadaeaeaeabababababababalabababababalalalalababab
aaaaakajadadaeaeaeababababababababalababababababababalalalab
aaaaakajadadaeaeaeaeababababababalalabababanababababalabalal
aaakajajadadadaeaeaeabababababalalababababababababalalababab
aaakakajadadadadaeaeabababababalabababababababalalalabababab
aaakakajajadadadaeaeabababababalababababalalalalabababababab
aaaaakakajajadadaeaeaeababababalababalalalababababababababab
aaaaakakajajadadaeaeaeababababalabalalababababanabababababab
aaaaakajajadadadaeababababababalalalabababababababababababab
aaakakajadadadadaeaeabababababalabababababababababababababab
aaaaakajadadadaeaeaeabababababalabababababanabanabababababab
aaaaakajadadadaeaeaeababababalalabababababababababababababab
aaaaakajadadadadaeabababababalababababababababababababababab
aaakajajadadadadaeaeaeabababalababababababababababababababab
aaakakajadadadaeaeaeababababalababababababababababababababab
aaakajajadadadaeababababababalababababababababababababababab
aaakajajadadadaeababababababalababababababababababababababab
aaaaakajadadadaeaeabababababalababababababababababababababab
aaaaakajadadadadaeaeaeabababalababababababababababababababab






