abababalabababababacacacacababababacacacacacacacacacacababab
abababalabababababacacacacacabababacacacacacacababababababab
abababalabababababacacacacacacabacacacacacacababanababababab
abababalabababababacacacacacacacacacacacacababababababababab
abababalabanababababacacacacacacacacacacabababababababababab
abababalababababababacacacacacacacacacababababababababababab
ababalalalababababababacacacacacacacanababalalalalababababab
ababalabalababababababacacacacacacacalalalalababalalalalaban
alalalabalababababanabacacacacacacabanabaeaeaeaeaeaeaealalal
ababababalalababababacacacacacacacababaeaeajajajajajaeaeabab
abababababalalababanacacacacacacacanaeaeajajakakakajajaeabab
ababababababalalalacacacacacacacacabaeajajakakakakakajaeabab
ababababababababanacacacacacacacanabaeajajakakakakajajaeabab
abababababababababacacacacacacacababaeaeajajajajajajaeaeabab
ababababanababanacacacacacacacacanababaeaeaeajajajaeaeababab
ababababababababacacacacacacacababababababaeaeaeaeaeabababab
abababababababanacacacacacacacanabababababababababababababab
abababababababacacacacacacacacababababababanabababababababan
ababalalalalanacacacacacacacanababababababababababababababab
ababalababalalacacacacacacacabababababababababababbjbjbjabab
ababalababanacacacacacacacacanababanababababababbjbjbjbjbjab
ababalabababacacacacacacacalalababababababababbjbjbjbjbjbjbj
anabalababanacacacacacacacanalababababababbjbjbjbjbjbjbjbjbj
abalalababacacacacacacacacabalabababababbjbjbjbjbjbjbjbjbjbj
alalababanacacacacacacacanabalalalalalbjbjbjbjbjbjbjbjbjbjbj
abalabababacacacacacacacalalalabababalbjbjbjbjbjbjbjbjbjbjbj
abalabanacacacacacacacacanabababababalalalalalbjbjbjbjbjbjbj
abalababacacacacacacacabababababababbjbjbjbjalalalalalbjbjbj
abalabanacacacacacacacanabababanabababbjbjbjbjbjbjbjalalalal
abalabacacacacacacacacabababababababababbjbjbjbjbjbjbjbjbjbj





































