abababababababababababababababalabababababababababababababab
ababababababababababababababalalalalalababababababababababab
ababalalalalababababalalalalalabababalalabababababababababab
alalalababalalalabalalababababababababalalababababababababab
abababababababalalalababababababababababalalababababababalal
ababababababababalababababababababababababalabababababalalab
abababababababanalanabababababababababababalalababababalabab
abababababababacacacacanababababababababababalabababalalabab
abababanabanacacacacacacabanababababababababalalabalalababab
abababacacacacacacacacacacacacanabababababababalalalabababab
abanacacacacacacacacacacacacacacacanabanabababababalalababab
abacacacacacacacacacacacacacacacacacacacababababababalababab
acacacacacacacacacanabacacacacacacacacacacanababababalababab
acacacacacacacacabababanabanacacacacacacacacacanababalababab
acacacacacacacacabaeaeaeaeababacacacacacacacacacababalababab
acacacacacacacacabaeajajaeaeabanabacacacacacacacacanalababab
alanabacacacacacanaeaeajajaeaeaeabanabacacacacacacacalababab
alalababacacacacababaeaeajajajaeaeaeabanabacacacacacacababab
abalabanacacacacacanabaeajajajajajaeaeaeabanacacacacacanabab
abalabababacacacacacabaeaeajajakajajajaeaeababacacacacacabab
abalabababanacacacacanabaeaeajajakajajajaeaeababacacacacabab
abalabababababacacacacababaeaeajajakajajajaeaeababacacacacan
abalalababababanacacacacanabaeajajakakakajajaeaeabacacacacac
ababalabababababacacacacacabaeaeajakakakajajajaeaeabacacacac
ababalabababababanacacacacanabaeajajakakajajajaeababacacacac
ababalalabalalalalacacacacacabaeajajajajajajaeaeabacacacacac
abababalalalabababanacacacacanaeajajajajaeaeaeabacacacacacac
abababalalabababababacacacacabaeajajaeaeaeabababacacacacacac
abababalabababababanacacacacanaeajaeaeababababacacacacacacac
abababalababababababacacacacabaeaeaeabacacacacacacacacacacac
































