abababababababababababababababababababababababababababababab
abababababababababababababababababababababababababababababab
abababababababababababababababababababababababababababababab
abababababababababababababababababababababababababababababab
abababababababababababababababababababababababababababababab
abababababababababababababababababababababababababababababab
abababababababababababababababababababababababababababababab
abababababababababababababababababababababababababababababab
abababababababababababababababababababababababababababababab
abababababababababababababababababababababababababababababab
abababababababababababababababababababababababababababababab
abababababababababababababababababababababababababababababab
abababababababababababababababababababababababababababababab
abababababababababababababababababababababababababababababab
abababababababababababababababababababababababababababababab
abababababababababababababababababababababababababababababab
abababababababababababababababababababababababababababababab
abababababababababababababababababababababababababababababab
abababababababababababababababababababababababababababababab
abababababababababababababababababababababababababababababab
abababababababababababababababababababababababababababababab
abababababababababababababababababababababababababababababab
abababababababababababababababababababababababababababababab
abababababababababababababababababababababababababababababab
abababababababababababababababababababababababababababababab
ababababababababababababababababababababepeaeaeaeaeaabababab
ababababababababababababababababababababeqabababababeaababab
ababababababababababababababababababababeqababababababeaeaea
ababababababababababababababababababababeqababababababababab
ababababababababababababababababababababeqababababababababab






























































