aaaaaaaaaaaaaaaaaaaaaaaaaaaaaaaaaaaaaaaaaaaaaaaaaaaaaaaaaaaa
aaaaaaaaaaaaaaaaaaaaaaaaaaaaaaaaaaaaaaaaaaaaaaaaaaaaaaaaaaaa
aaaaaaaaaaaaaaaaaaaaaaaaaaaaaaaaaaaaaaaaaaaaaaaaaaaaaaaaaaaa
aaaaaaaaaaaaaaaaaaaaaaaaaaaaaaaaaaaaaaaaaaaaaaaaaaaaaaaaaaaa
aaaaaaaaaaaaaaaaaaaaaaaaaaaaaaaaaaaaaaaaaaaaaaaaaaaaaaaaaaaa
aaaaaaaaaaaaaaaaaaaaaaaaaaaaaaaaaaaaaaaaaaaaaaaaaaaaaaaaaaaa
aaaaaaaaaaaaaaaaaaaaaaaaaaaaaaaaaaaaaaaaaaaaaaaaaaaaaaaaaaaa
aaaaaaaaaaaaaaaaaaaaaaaaaaaaaaaaaaaaaaaaaaaaaaaaaaaaaaaaaaaa
aaaaaaaaaaaaaaaaaaaaaaaaaaaaaaaaaaaaaaaaaaaaaaaaaaaaaaaaaaaa
aaaaaaaaaaaaaaaaaaaaaaaaaaaaaaaaaaaaaaaaaaaaaaaaaaaaaaaaaaaa
aaaaaaaaaaaaaaaaaaaaaaaaaaaaaaaaaaaaaaaaaaaaaaaaaaaaaaaaaaaa
aaaaaaaaaaaaaaaaaaaaaaaaaaaaaaaaaaaaaaaaaaaaaaaaaaaaaaaaaaaa
aaaaaaaaaaaaaaaaaaaaaaaaaaaaaaaaaaaaaaaaaaaaaaaaaaaaaaaaaaaa
aaaaaaaaaaaaaaaaaaaaaaaaaaaaaaaaaaaaaaaaakakakakakakakakakak
aaaaaaaaaaaaaaaaaaaaaaaaaaaaaaaaaaakakakakajajajajajajajajaj
aaaaaaaaaaaaaaaaaaaaaaaaaaaaaaaaakakajajajajadadadadadadadad
aaaaaaaaaaaaaaaaaaaaaaaaaaaaaaaaakajajajadadaeaeaeaeaeaeaeae
aaaaaaaaaaaaaaaaaaaaaaaaaaaaaaaaakajajajaeaeaeafafafafafafaf
aaaaaaaaaaaaaaaaaaaaaaaaaaaaaaakakajajadaeafagagahaiaiaiaiai
aaaaaaaaaaaaaaaaaaaaaaaaaaaaaaakakajadaeafagahaiaiaiabababab
aaaaaaaaaaaaaaaaaaaaaaaaaaaaaaakakajadaeagahaiaiabababababab
aaaaaaaaaaaaaaaaaaaaaaaaaaaaaaakakajadaeagaiaianababababanab
aaaaaaaaaaaaaaaaaaaaaaaaaaaaaaakajajadaeahaiabababababababab
aaaaaaaaaaaaaaaaaaaaaaaaaaaaakakajadaeafaiaiabababababababab
aaaaaaaaaaaaaaaaaaaaaaaaaaaaakakajadaeafaiaiababanababanabal
aaaaaaaaaaaaaaaaaaaaaaaaaaaaakakajadaeafaiababababababalalab
aaaaaaaaaaaaaaaaaaaaaaaaaaaaakakajadaeafaiabababababalababal
aaaaaaaaaaaaaaaaaaaaaaaaaaaaakakajadaeafahabababababalalacal
aaaaaaaaaaaaaaaaaaaaaaaaaaaaakakajadaeafaiabababanalabalacac
aaaaaaaaaaaaaaaaaaaaaaaaaaaaakakajadaeafaiababababalabacacac



