abababababababababababanacacacacabababababababababababababab
ababababababababababanacacacacanabababababababababababababab
abababababababababababacacacacababababababababababababababab
abababababababababanacacacacanababababababababababababababab
ababababababababababacacacacabababababababababababababababab
ababababababababanacacacacanabababababababababababababababab
abababababababababacacacacababababababababababababababababab
abababababababanacacacacanababababababababababababababababab
abababababababacacacacacalalabababababababababababababababab
abababababanacacacacacanabalalababababababababababababababab
abababababacacacacacababababalalalalabababababababababababab
abababanacacacacacanabababababababalalalalababababababababab
anabacacacacacacabababababababababababalalalabababababababab
acacacacacacacanabababababababababababababalalababababababab
acacacacacanababababababababababababababababalababababababab
acacacacababababababababababababababababababalababababababab
acacabanababababababababababababababababababalalabababababab
anababababababababababababababababababababababalalalabababab
abababababababababababababababababababababababababalalababab
abababababababababababababababababababababababababalalalalal
abababababababababababababababababababababababababalabababab
ababababababababababababababababababababababababalalabababab
abababababababababababababababababababababababalalababababab
abababababababababababababababababababababababalabababababab
ababababababababababababababababababababababalalabababababab
ababababababababababababababababababababababalababababababab
ababababababababababababababababababababababalababababababab
ababababababababababababababababababababababalababababababab
ababababababababababababababababababababababalababababababab
ababababababababababababababababababababababalababababababab

















