cacacacacacacacacacacacacacacacacacacacacacacacacacacacacaca
cacacacacacacacacacacacacacacacacacacacacacacacacacacacacaca
cacacacacacacacacacacacacacacacacacacacacacacacacacacacacaca
cacacacacacacacacacacacacacacacacacacacacacacacacacacacacaca
cacacacacacacacacacacacccccccccccccccccccccccccccccacacacaca
cacacacacacacacacacacccdcacacacacacacacacacacacacdcacacacaca
cacacacacacacacacacacccdcacacacacacacacacacacacacdcacacacaca
cacacacacacacacacacacccdcbcbcbcbcbcbcbcbcbcbcbcbcdcacacacaca
cacacacacacacacacacccbcbcbcbcbcbcbcbcbcbcbcbcbcbcacacacacaca
cacacacacacacacacacccbcbcbcbcbcbcbcbcbcbcbcbcbcbcacacacacaca
cacacacacacacacacacccbcbcbcbcbcbcbcbcbcbcbcbcbcbcacacacacaca
cacacacacacacacacacccbcbcbcbcbcbcbcbcbcbcbcbcbcacacacacacaca
cacacacacacacacacccbcbcbcbcbcbcbcbcbcbcbcbcbcbcacacacacacaca
cacacacacacacacacccbcbcbcbcbcbcbcbcbcbcbcbcbcbcacacacacacaca
cacacacacacacacacccbcbcbcbcbcbcbcbcbcbcbcbcbcbcacacacacacaca
cacacacacacacacacccbcbcbcbcbcbcbcbcbcbcbcbcbcbcacacacacacaca
cacacacacacacacccbcbcbcbcbcbcbcbcbcbcbcbcbcbcacacacacacacaca
cacacacacacacacccbcbcbcbcbcbcbcbcbcbcbcbcbcbcacacacacacacaca
cacacacacacacacccbcbcbcbcbcbcbcbcbcbcbcbcbcbcacacacacacacaca
cacacacacacacacccbcbcbcbcbcbcbcbcbcbcbcbcbcacacacacacacacaca
cacacacacacacacdcbcbcbcbcbcbcbcbcbcbcbcbcbcacacacacacacacaca
cacacacacacacacdcbcbcbcbcbcbcbcbcbcbcbcbcbcacacacacacacacaca
cacacacacacacacdcbcbcbcbcbcbcbcbcbcbcbcbcbcacacacacacacacaca
cacacacacacacacacacacacacacacecacacacacacacacacacacacacacaca
cacacacacacacacacacacacacacacacacacacacacacacacacacacacacaca
cacacacacacacacacacacacacacacacacacacacacacacacacacacacacaca
cacacacacacacacacacacacacacacacacacacacacacacacacacacacacaca
cacacacacacacacacacacacacacacacacacacacacacacacacacacacacaca
cacacacacacacacacacacacacacacacacacacacacacacacacacacacacaca
cacacacacacacacacacacacacacacacacacacacacacacacacacacacacaca






