cacacacacacacacacacacacacacacacacacacacacacacacacacacacacaca
cacacacacacacacacacacacacacacacacacacacacacacacacacacacacaca
cacacacacacacacacacacacacacacacacacacacacacacacacacacacacaca
cacacacacacacacacacacacacacacacacacacacacacacacacacacacacaca
cacacacacacacacacacacacccccccccccccccccccccccccccccacacacaca
cacacacacacacacacacacccdcacacacacacacacacacacacacdcacacacaca
cacacacacacacacacacacccdcacacacacacacacacacacacacdcacacacaca
cacacacacacacacacacacccdcbcbcbcbcbcbcbcbcbcbcbcbcdcacacacaca
cacacacacacacacacacccbcbcbcbcbcbcbcbcbcbcbcbcbcbcacacacacaca
cacacacacacacacacachcbcbcbcbcbcbcbcbcbcbcbcbcbcbcacacacacaca
cacacacacacacacacacccbcbcbcbcbcbcbcbcbcbcbcbcbcbcacacacacaca
cacacacacacacacacacccbcbcbcbcbcbcbcbcbcbcbcbcbcacacacacacaca
cacacacacacacacacccbcbcbcbcbcbcbclcbcbcbcbcbcbcacacacacacaca
cacacacacacacacacccbcbcbcbcbcmcfcjckcgcbcbcbcbcacacacacacaca
cacacacacacacacacicbcbcbcbcbcbcbclcbcbcbcbcbcbcacacacacacaca
cacacacacacacacacccbcbcbcbcbcbcbcbcbcbcbcbcbcbcacacacacacaca
cacacacacacacacccbcbcbcbcbcbcbcbcbcbcbcbcbcbcacacacacacacaca
cacacacacacacacccbcbcbcbcbcbcbcbcbcbcbcbcbcbcacacacacacacaca
cacacacacacacachcbcbcbcbcbcbcbcbcbcbcbcbcbcbcacacacacacacaca
cacacacacacacacccbcbcbcbcbcbcbcbcbcbcbcbcbcacacacacacacacaca
cacacacacacacacdcbcbcbcbcbcbcbcbcbcbcbcbcbcacacacacacacacaca
cacacacacacacacdcbcbcbcbcbcbcbcbcbcbcbcbcbcacacacacacacacaca
cacacacacacacacdcbcbcbcbcbcbcbcbcbcbcbcbcbcacacacacacacacaca
cacacacacacacacacacacacacacacecacacacacacacacacacacacacacaca
cacacacacacacacacacacacacacacacacacacacacacacacacacacacacaca
cacacacacacacacacacacacacacacacacacacacacacacacacacacacacaca
cacacacacacacacacacacacacacacacacacacacacacacacacacacacacaca
cacacacacacacacacacacacacacacacacacacacacacacacacacacacacaca
cacacacacacacacacacacacacacacacacacacacacacacacacacacacacaca
cacacacacacacacacacacacacacacacacacacacacacacacacacacacacaca







