ababababababalabababababababababababababababababalababababab
ababababababalabababababababababababababababababalalalalalab
abababalalalalabababababababababababababababababalabababalal
abababalabababababababababababababababababababalalababababab
abababababababababaqababababababababababababalalabababababab
ababalabababababaraqarababanababababababababalababababababab
ababababanababarapaqaparabababanababababababalalabababababab
ababalabababaqapapaqapapaqababababababababababalabababababab
abababababaraqarabaqararararababanababababababalabababababab
abalababarapaqaparapabapaqababababababababababababababababab
ababanaqapapaqcbapaqapapaqabapatabababababababababababababab
alabaraqarararararaqarabaqanatabababababababababalababababab
ababanaqabapcbapcbaqapapaqababababababababababababababababab
alababaqapapaoapapaqapababapatababababababababababababababab
acacababananacabanababanapapatababalabababababababababababab
acabacababacabababacababacatalababababalababalalabababababab
ababababababababababababababababababababababababalababababab
abababababababababababababababababababababababababababababab
abababababababababababababababababababababababababababababab
abababababababababababababababababababababababalabababababab
ababababababababababababababababababababababalababababababab
arabababababababababababababababababababalababalabababababab
abababababababababababababababababababalabababalabababababab
abababababababababababababababababalabababababababababababab
abababababababababababababababalababababababalababababababab
ababababababababababababababababababababababalababababababab
abababababababababababalabalababababababalalalababababababab
abababalalalalabalabalababababababababalalababababababababab
ababalalabababababababababababababalalalabababababababababab
alalalababababababababababababababalabababababababababababab











































