ababababababbjbjbjbjbjbjbjbjaeajajajaeabababababalababababab
ababababababbjbjbjbjbjbjbjbjaeajajajaeabababababalababababab
ababababababbjbjbjbjbjbjbjalamamamamamalalalalalalababababab
abababababababbjbjbjbjbjalalbjaeajajajaeaeababababababababab
abababababababbjbjbjbjalalbjbjaeaeajajajaeaeabababababababab
abababababababbjbjbjalalbjbjbjbjaeajajajajaeaeababababababab
abababababababbjbjbjalbjbjbjbjbjaeajajajajajaeababababababab
abababababababbjbjalalbjbjbjbjbjaeajajajajajaeaeabababababab
alalalalalalalbjbjalbjbjbjbjbjbjaeaeajajajajajaeaeababababab
bjbjbjbjbjbjalalalalbjbjbjbjbjbjbjaeajajajajajajaeababababab
bjbjbjbjbjbjalbjbjbjbjbjbjbjbjbjbjaeajajajajajajaeababababab
bjbjbjbjbjbjalbjbjbjbjbjbjbjbjbjbjaeajajajajajajaeaeabababab
bjbjbjbjbjbjalbjbjbjbjbjbjbjbjbjbjaeajajajajajajajaeabababab
bjbjbjbjbjbjalbjbjbjbjbjbjbjbjbjbjaeaeajajajajajajaeabababab
bjbjbjbjbjbjalbjbjbjbjbjbjbjbjbjbjbjaeaeajajajajajaeaeababab
bjbjbjbjbjalalbjbjbjbjbjbjbjbjbjbjbjbjaeajajajajajajaeababab
bjbjbjbjbjalbjbjbjbjbjbjbjbjbjbjbjbjbjaeaeajajajajajaeaeabab
bjbjbjbjalalbjbjbjbjbjbjbjbjbjbjbjbjbjbjaeaeajajajajajaeabab
bjbjbjbjalbjbjbjbjbjbjbjbjbjbjbjbjbjbjbjbjaeajajajajajaeaeab
bjbjbjalalbjbjbjbjbjbjbjbjbjbjbjbjbjbjbjbjaeaeajajajajajaeab
bjbjbjalbjbjbjbjbjbjbjbjbjbjbjbjbjbjbjbjbjbjaeajajajajajaeab
bjbjbjalbjbjbjbjbjbjbjbjbjbjbjbjbjbjbjbjbjbjaeajajajajajaeae
bjbjalalbjbjbjbjbjbjbjbjbjbjbjbjbjbjbjbjbjbjaeaeajajajajajae
bjbjalbjbjbjbjbjbjbjbjbjbjbjbjbjbjbjbjbjbjbjbjaeajajajajajae
bjbjalbjbjbjbjbjbjbjbjbjbjbjbjbjbjbjbjbjbjbjbjaeaeajajajajae
bjbjalbjbjbjbjbjbjbjbjbjbjbjbjbjbjbjbjbjbjbjbjbjaeajajajajae
bjbjalbjbjbjbjbjbjbjbjbjbjbjbjbjbjbjbjbjbjbjbjbjaeaeajajajaj
alalalbjbjbjbjbjbjbjbjbjbjbjbjbjbjbjbjbjbjbjbjbjbjaeajajajaj
bjbjalbjbjbjbjbjbjbjbjbjbjbjbjbjbjbjbjbjbjbjbjbjbjaeaeajajaj
bjbjalbjbjbjbjbjbjbjbjbjbjbjbjbjbjbjbjbjbjbjbjbjbjbjaeaeajaj































