dadadadadadadadadadadadadadadadadadadadadadadadbdbdbdbdbdbdb
dadadadadadadadadadadadbdadadadadadadadadadadbdbdbdbdbdbdbdb
dadadadbdadbdadadadbdbdadadadadadadbdadadadbdbdbdbdbdbdbdbdb
dadadadadbdbdadadadbdadadadadadadadadadadadbdbdbdbdbdbdbdbdb
dadadadadbdbdadadadadadadadadadadadadadadbdbdbdbdbdbdbdbdbdb
dadadadadadadadadadadadadadadadadadadadbdbdbdbdbdbdbdbdbdbdb
dadadadadadadadadadadadadadadadadadadbdbdbdbdbdbdbdbdbdbdbdb
dadadadadbdadadadadadadadadadadadbdbdbdbdbdbdbdbdbdbdbdbdbdb
dadadadadbdadadadadadadadadadadbdbdbdbdbdbdbdbdbdbdbdbdbdbdb
dadadadadbdadbdadadadbdadadadbdbdbdbdbdbdbdbdbdbdbdbdbdbdbdb
dadadadadadadbdadadadbdadadadbdbdbdbdbdbdbdbdbdbdbdbdbdbdbdb
dadadadadadadadadadadadadadadbdbdbdbdbdbdbdbdbdbdbdbdbdbdbdb
dadadadbdadbdadadadadadadadbdbdbdbdbdbdbdbdbdbdbdbdbdbdbdbdb
dadadadadadadadadadadadadadbdbdbdbdbdbdbdbdbdbdbdbdbdbdbdbdb
dadadadbdadadadadadadadadbdbdbdbdbdbdbdbdbdbdbdbdbdbdbdbdbda
dadadadbdadadadadadadadbdbdbdbdbdbdbdbdbdbdbdbdbdbdbdbdbdada
dadadadadadadadadadadbdbdbdbdbdbdbdbdbdbdbdbdbdbdbdbdbdbdada
dadadadadadadadadadbdbdbdbdbdbdbdbdbdbdbdbdbdbdbdbdbdbdadada
dadadadadadadadadadbdbdbdbdbdbdbdbdbdbdbdbdbdbdbdbdbdbdadada
dadadadadbdbdadadbdbdbdbdbdbdbdbdbdbdbdbdbdbdbdbdbdbdadadada
dbdadadadadadadadadbdbdbdbdbdbdbdbdbdbdbdbdbdbdbdbdbdadadada
dadadadadbdadadadadbdbdbdbdbdbdbdbdbdbdbdbdbdbdbdbdadadadada
dbdadbdadadadadadbdbdbdbdbdbdbdbdbdbdbdbdbdbdbdbdbdbdadadada
dadadadadadadadadbdbdbdbdbdbdbdbdbdbdbdbdbdbdbdbdbdbdadadada
dadadadadadadbdbdbdbdbdbdbdbdbdbdbdbdbdbdbdbdbdbdadadadadada
dadadadadadbdbdbdbdbdbdbdbdbdbdbdbdbdbdbdbdbdbdbdadadadadbda
dadadadadadadbdbdbdbdbdbdbdbdbdbdbdbdbdbdbdbdbdbdbdadadadada
dadadadadadbdbdbdbdbdbdbdbdbdbdbdbdbdbdbdbdbdbdbdbdadadadada
dbdadadadbdbdbdbdbdbdbdbdbdbdbdbdbdbdbdbdbdbdbdbdadadadadadb
dadbdadbdbdbdbdbdbdbdbdbdbdbdbdbdbdbdbdbdbdbdbdbdadadadadbda























































