abababababababababababababababababababababababababababababab
abababababababababababababababababababababababababababababab
abababababababababababababababababababababababababababababab
abababababababababababababababababababababababababababababab
abababababababababababababababababababababababababababababab
abababababababababababababababababababababababababababababab
abababababababababababababababababababababababababababababab
abababababababababababababababababababababababababababababab
abababababababababababababababababababababababababababababab
abababababababababababababababababababababababababababababab
abababababababababababababababababababababababababababababab
abababababababababababababababababababababababababababababab
abababababababababababababababababababababababababababababab
abababababababababababababababababababababababababababababab
abababababababababababababababababababababababababababababab
abababababababababababababababababababababababababababababab
abababababababababababababababababababababababababababababab
abababababababababababababababababababababababababababababab
abababababababababababababababababababababababababababababab
abababababababababababababababababababababababababababababab
abababababababababababababababababababababababababababababab
abababababababababababababababababababababababababababababab
abababababababababababababababababababababababababababababab
abababababababababababababababababababababababababababababab
abababababababababababababababababababababababababababababab
aeaeaeababababababababababababababababababababababababababab
ajajaeaeabababababababababababababababababababababababababab
ajajajaeaeaeabababababababababababababababababababababababab
ajajajajajaeaeababababababababababababababababababababababab
ajajajajajajaeababababababababababababababababababababababab




















