dbdbdbdbdbdbdbdbdbdbdbdbdbdbdbdbdadadadadadadadadadadadadada
dbdbdbdbdbdbdbdbdbdbdbdbdbdbdbdbdadadadadadadadadadadadadada
dbdbdbdbdbdbdbdbdbdbdbdbdbdbdbdbdadadadadadadadadadadadadada
dbdbdbdbdbdbdbdbdbdbdbdbdbdbdbdadadadadadadadadadadbdbdadada
dbdbdbdbdbdbdbdbdbdbdbdbdbdbdadadadadadadadadadadadadadbdada
dbdbdbdbdbdbdbdbdbdbdbdbdbdbdadadadadadbdadbdadadadadadadada
dbdbdbdbdbdbdbdbdbdbdbdbdbdadadadadadadbdadadadadadadadadada
dbdbdbdbdbdbdbdbdbdbdbdbdadadadadadadadadadadadadbdadadadada
dbdbdbdbdbdbdbdbdbdbdbdadadadbdadadadadadadadadadadadadadada
dbdbdbdbdbdbdbdbdadadadadadadadadadadadadbdadadadadadadadada
dbdbdbdbdbdbdbdadadadadadadadadadadadadadadadadadadadbdadada
dbdbdbdbdbdbdadadadadadbdadadadadadadadadadadadadadadadbdada
dbdbdbdbdadadadadadadadadadadbdbdadadadadadadbdadadadadadada
dbdadadadadadadadadadbdbdadadadadadbdbdadadadadadadadbdadada
dadadadadadadadadadadadbdadadadadadadadadadadadadadadbdadada
dadadadadbdbdbdadadadadadadadadadadadadadadbdadadadadadadada
dadadadadbdadadadadadadadadadadbdadadadbdbdbdadadadadadadada
dadadbdadadadadadadadadadadadbdadadadadadadadadadadadadadada
dadadadadadadadadadadadadadadbdbdadadadadadadadadadadadadada
dadadadbdadadadbdadadadadadadadbdadadadadadbdadadadbdbdbdada
dadadadadadadadbdadadadadadadadadadadadadadadadadadbdadadada
dadadadadadadadadadadadadadadadadadadadadadadadadadbdadadbda
dadadadadadadadbdadadadadadadadadadadadadadadadadadadadadada
dadadadadbdadadadadadadadadadadadadadadadadadadadadadadadada
dadadadadadadadadadadadadadadadadadadadadadadadadadadadadada
dadadadadadadadadadadbdbdadbdadadadadadadadadadadbdadadadada
dadadadadadadadadadadadadadbdadadadadadadadadadbdadadbdadbda
dadadadadbdadbdadadadadadadadadadadadadadadadadadbdbdadadada
dadadadadbdadadadadadadadadadadbdadadadadadadadadbdadadadada
dadadadadadbdadadadadadadadadadadadadadadadadadadadadadadada
























































