aaaaaaaaaaaaaaaaaaaaaaaaaaaaaaaaaaaaaaaaaaaaaaaaaaaaaaaaaaaa
aaaaaaaaaaaaaaaaaaaaaaaaaaaaaaaaaaaaaaaaaaaaaaaaaaaaaaaaaaaa
aaakakakakakakakakakakakakaaaaakaaaaakakaaaaakakakakaaakakak
akakdbdbdbakakakakdbdbdbakakakakakakakakakakakdbdbakakakdbak
dbdbdbdbdbdbdbdbdbdbdadbdbdbdbdbdbdbdbdbdbdbdbdbdbdbdbdbdbdb
dbdbdadadadbdbdbdbdbdadadbdbdbdbdbdbdadadbdbdbdadadbdbdbdadb
dadbdadadadadbdbdbdadadadadbdbdbdadadadadadbdadadadbdbdadada
dadadadadadadadadbdadadadadbdadadadadadadadadadadadadadadada
dadadadadadadadadadadadadadadadadadadadadadadadadadadadadada
dadadadadadadadadadadadadadadbdadbdadadadadadadadadadadadada
dadadadadadbdbdbdadadadadadadbdadadadadadadadadadadadadadada
dadadadadbdadadadadadadadadadadadadadadadadadadadadadadadada
dadadadadadadadadadadadadadadadadadadadadadadadadadbdbdadada
dadadadadadadadadadadadadadadadadadadadadbdadadadadbdbdadada
dadadadadadbdadadadadadadbdbdadadadadadadbdadadadadadbdadada
dadadadadadadadbdadadadadadadadadadadadadadadadadadadbdbdada
dadadadadadadbdbdbdadadadadadadadadadadadadadadadadadadadada
dadadadadadadadadadadadadadadadadadadadadadadadadadadadadada
dadadadadadadadadadadadadadadadadadadadadadadbdadbdadadadada
dadadadadadadadadadadadadadadadadadadadadadadadbdadadadadada
dadadadbdadadadadadadadadbdadbdadadadadadadadadadadadadadada
dadadadbdadadadadadadadadadbdbdadadadadadadadadadadadadadada
dadadbdbdbdadadadadadadadadbdadbdadadadadadadadadadadadadada
dadadadbdbdadadadadadadadadadadadadadadadadbdadadadadadadada
dadadadadadadadadbdadadadadadadadadadadadadbdbdadadadadbdada
dadadadadadadadadbdbdbdadadadadadadadadadadadadadadadadadada
dadadadadadadadadadbdadadadadadadadadadadadadadadadadadadada
dadadadadadadadadadadadadadadadadadbdadbdadadadadadadadadada
dadadadadadadadadadadadadadadadadadadbdbdadadadadadadadadada
dadadadadadadadadadadadadadadadadadadadbdadadadadadadadadada




















