dadadadadadadadadadadadadadadadadadadadadadadadadadadadadada
dadadadadadadadadadadadadadadadadadadadadadadadadadadadadada
dadadadadadadadadadadadadadadadadadadadadadadadadadadadadada
dadadadadadadadadadadadadadadadbdadadadadadadadadadadadadada
dadadadadadadadadbdadadadadadadbdadbdadadadadadadadadadadada
dadadadadadadadbdbdadadadadadadadadadadadadadadadadadadadada
dadadadadadadadbdadadadadadadbdadadadadadadadadadadadadadada
dadadadadadadadadadadadadadbdadadadadadadadadadadadadadadada
dadadadadadadadadadadadadadadbdbdadadadadadadbdadadadadadada
dadadadadadadadadadadadadadadadbdadadadadadbdbdbdadadadadada
dadadadadadadadadadadadadadadadadadadadadbdbdbdbdadadadadada
dadadadadadadbdadadadadadadadadadadadadadadbdbdbdbdadadadadb
dadadadadadadbdadadadadadadadadadadadadadadbdbdadadadadbdada
dadadadadadadbdadadadadadbdadadadadadadadadadadadadadadadada
dadadadadadadadadadadadadadadbdadadadadadadadadadadadadadada
dadadadadadadadadadadadadadbdadadadadadadadadadadadadadadada
dadadadadadadadadadadadadadadadadadbdadadadadadadadadadadada
dadadadadadadadadadadadadadadadadadadadadadadadadadbdbdadada
dadadadadadadadadadadadadadadadadadadadadadadadadadbdbdadada
dadadadadadadadadadadbdadadadadadbdbdbdadadadadadadadadadada
dadadadbdbdadadadadadbdadadadadadadbdadadadadadadadadadadada
dadbdadbdbdadadadadadadadadadadadadadadadadadadadadadadadada
dadadadadadadadadadadadadbdadadadadadadadadbdadadadadadadada
dadadadadadadadbdbdadbdadadadadadadadadadadadadadadadadadada
dadadadadadadadadadadadadadadbdadadadadadadadadadadadadadada
dadadadadadadadadadbdadadadadbdadadadadadadadbdadbdadadadada
dadadadadadadadadadadbdbdadadadbdadadadadadadadbdadadadadada
dadadadadadadadadadadadadadadadadadadadadadadadadadadadadada
dadadadadadadadadadadadadadadbdadadadadadadadadadadadadadada
dadadadadadadadadadadadadadadadadadadadadadadadadadadadadada


















