ababababababababababababababalababababababababababababababab
abababababababababababababalabababababababababababababababab
ababababababababababababababababababanababababababababanabab
ababababababababanababababalabababababababababababababababab
ababababanababababababababalalababababababababababababababab
abababababababababababababababababababababanabababababababab
ababababababababababanababalalababababababababababanabababab
abababababababababababababababababababababanabababababababab
abababanabababababababababababababababababababababababababab
abababababababababababababalababababanababababababababababab
abababababababababababababababalabababababababababababababab
abababababababababababababalabababababababababababababababab
ababababababababanababababababababababababababababababababal
abababababababababababababalabalabababalabababalabalabababal
abababababababalabababalalabababababababalabalabababalababab
alabalababalabalababababalababababababababababababababababab
abababalababababanabababababababababanababababababababababab
ababababababababababababababanababababababababababababababab
abababababababababababababababababanabababababababababababab
ababanababababababababababababababababababababanabababababab
ababababababanababababanababababababanababababababababababab
ababababababababababababababababababababababababanababababab
abababababababababababababababababababababababababababababab
abadabaeaeabababababaeadadababaeadabaeababadadababadabaeaeab
adadaeadadadaeadadadadadaeadadadadadadadadadadadadaeadadadad
adaeajaeajajaeadajaeadajadajajadadadajajadajaeaeajadadajaead
ajajajadajajadajajadajajadadajajajadajaeaeajadajajajadajajad
ajajajajajajajajajajajajajajajajajajajajajajakajajajajajajaj
akakajajajajakajakajajajajajakajajajajajajakakajakajajakajaj
akakakakakakakakakakakakakakakakakakakakakakakakakakakakakak













