abababababababababababababababababababababababababababababab
abababababababababababababababababababababababababababababab
abababababababababababababababanabababababababababababababab
abababababababababababababababababababababababababanabababab
abababababababababababababanabababababababababababababababab
ababababababanababababababababababababababababababababababab
abababababababababababababababababababababababababababababab
ababababababababababababababababababanababababababababababab
abababababababababababababababababababababababababalalalalal
abababababababalalalalalalabababababababababalalalalabababab
ababababababalaladadadadalalalalalalalalababalababababababab
ababababalalalabadajajadadadadadadadadalalalalababababababab
abababalalababadadajajajajajadadajajadadadadalababababababab
alalalalabababadajajajajajajajajajajajajajadalalalababababab
abababababababadadajajajajajajajajajajajajadadabalalabababab
ababababababababadadajajajajajajajajajajajajadababalalababab
abababababababababadajajajajajajajajajajajajadabababalalabab
abababababababababadadajajajajajajajajajajajadabababalalabab
ababababababababababadadajajajajajajajajajadadababalalababab
abababababababababababadadajajajajajajajadadabababalabababab
ababababababanabababababadadadadadadadadadabababalalabababab
ababababababababababanababababababababababababalalababababab
abababababababababababababababanababababalalalalabababababab
ababababababababababababababababababalalalabalababababababab
ababababababababababababababababababalabababalalalabanabalal
ababababababababababababababababababalalababababalalalalalab
abababababababababababababababababababalabababababababababab
ababababababababababababababababababalalabababababababababab
abababababababababababababababababalalababababababababababab
ababababababababababababababababalalabababababababababababab







