abababababababababababalababababababababababababanababababab
ababanababanabababababalabababababababababababababababababab
abababababababababalababababanababababababababababababababab
ababababababalalababababababababababababababanabababababanab
ababababababababababababababababababababanababababababababab
abababalalababababalababababanababababababababababanabababab
abababababababababababalabababababababababababababababababab
ababalabababababababababababalabababanababababababababababab
alabababababababababababababalababababababababababababababab
abababababababababanababanabababalababababababababababababab
ababababanabababababanababababababababalalababababababababab
abababababababababababadadadadadadadadadadalabalabababababab
ababababababababababadadajajajajajajajajadadababalabalababal
abababababananababadadajajajajajajajajajajadadababababababab
ababababababababadadajajajakakakakakakakajajadadabababababab
abababababababadadajajajakakakakakakakakakajajadadababababab
abababababababadajajajajakakakakakakakakakajajajadababababab
abababanabababadajajajajakakakakakakakakakajajajadabanababab
abababababababadajajajajakakakakakakakakakajajajadabanababab
abababababababadajajajajakakakakakakakakakajajajadababababab
abababababababadajajajajakakakakakakakakakajajajadababababab
abababababababadadajajajajakakakakakakakajajajadadabanababab
abababababanababadadajajajajajajajajajajajajadadabababababab
abababababababababadadajajajajajajajajajajadadababababababab
abababababababanababadadajajajajajajajajadadabanabababababab
abababababanabanabababadadajajamamajajadadabababanababababab
ababababababababababababadadadamamadadadabababababababanabab
ababababababababababanababababalabababababanabababababababab
abababababababababababanababababalababababababababababababab
ababababababababababababababababalababababababababababababab













