abababababababababababababababalabababababababababababababab
abababababababababababababababalababababanababababababababab
ababababababababababanababababalababababababababababanababab
ababababababababababababababababalabalababababababababababab
abababababababababababababababababababababababababababababab
ababababababababababababababababababalababababababababanabab
ababababanabababababababababababababababalababababababababab
ababababababababababababababababalalabababababababababababab
abababababababababababanababababababababababalababababababab
ababababababababababababababababababababababababalababababab
ababababababababababababababababalababababanababalalabalabab
abababababababababababababababalanababababababababababalalal
ababababababababababababababababababababababababababababalal
ababanabababababababababababababababababanabababababababalal
abababababababababababababababababababababababababababalalal
abababababababababababababababalalababababababababalalalabab
ababababababababababababababababalabababababababalalabababab
ababababanababababababababababababababababababalalababababab
abababababababababababababababalabababababalabababababababab
abababababababababababababababalabababalabalabababababababab
ababababababanababababababababababalabalabababababababababab
ababababababanababababababababababalabababababababababababab
acacababababababababababababalalabababababababababababanabab
acabacacababababababalabalababababababababababababababababab
ababacacabacabababalalabababababababababababanababababababab
abababacababacababababababababababababababababababababababab
ababababacacabacabababababanabababababababababababababababab
ababababababacacabacabababababababababababababababababababab
abababababababacacabacababababababababababababababababababab
ababababababababacabacacababababanababababababababababababab

















