aaaaakajajadadaeaeababababababalabababababababababababababab
aaaaakakajajajadadadabababababalabababababababababababababab
aaaaaaakakajajadaeadadababababalabababababababababababababab
aaaaaaakakajadaeadabababababalalalababanabababababababababab
aaaaakajajajadadadabababababalabalalabababababababababababab
aaaaakajajaeadadadababababalalababalabababababababababababab
aaaaakajadadadaeadabababalalababalalababababababababanababab
aaaaakajadadadadadabalalalabababalababababababababababababab
aaaaakakajaeadadadalalabababababalabanababababababababababab
aaaaakakakajajajadabababababababalalababalalalalababababalal
aaaaaaakakajadaeadababababababababalalalalababalalabalalalab
aaaaaaaaakajaeadadadababababababalalababababababalalalababab
aaaaaaaaakajadadaeadabababababalalababababababababababababab
aaaaaaakakajadadadababababababalabababababanabababababababab
aaaaakajajajadaeadababababababalababababababanababababababab
aaaaakajadadadadadababababababalalababababababababababababab
aaaaakajajaeadadadabababababababalababababababababababababab
aaaaakakajadajadadabababababababalalabalalalabababababalalal
aaaaakakajajajajadababababababababalalalabalalalabalalalabab
aaaaakajajadadadadadabababababababalabababababalalalabababab
aaaaaaakakajadaeaeadabababanababalalabababababababababababab
aaaaakakajajajadadabababanabababalababababababababababababab
aaaaakadadadajadadabababababababalababababababababababababab
aaaaakajadaeadadadadababababababalalabababababababababababab
aaaaaaajajadadaeadadabababababababalabababababababababababab
aaaaakakajajadaeadaeabababababababalalababababababababababab
aaaaakakakajajadadabababababababababalababababababababababab
aaaaaaakajadaeadadabanababababababalalababababababababababab
aaaaaaakajajaeadaeadabababababababalabababababababababababab
aaaaakakajadadaeadababababababababalabababababababababababab











