abababababababababababababababalabababababababababababababab
abababababababababababababababalalalabababababababababababab
abababababababababababababababababalabababababababababababab
abababababababababababababababababalabababababababababababab
ababababababababababababababababalalalababababababababababab
ababababababababababababababalalalabalababababababababababab
abababababababababababababalalabababalalalababababababababab
abababababababababababababalababababababalalalabababalalalal
abababababababababababababalababababababababalalalalalababab
ababababababababababababalalabababababababababababababababab
ababababababaeababababalalababababababababababababababababab
aeaeaeaeaeaeaeaeaeababalabababababababababababababababababab
ajajajajajajajajaeaealalaeaeaeaeaeababababababababababababab
akakakakakakakakajaeamaeaeajajajaeaeaeababababababababababab
ajajajajajajajajakakamakakakakakajajaeaeabaeaeaeaeaeaeababab
aeaeaeaeaeaeaeaeaeajamajajakakakakajajaeaeajajajajajaeaeaeae
ababababababababaeaeamaeajajakakakakakajajakakakakakajajajaj
abababababababababalalaeaeaeajajakakakakakakajajajakakakakak
ababababababababalalabababaeaeaeajajajajajajaeaeaeaeaeajajaj
ababababababababalabababababaeaeaeaeaeaeaeaeaeabababaeaeaeae
ababababababababalalabababababababababababababababababababab
ababababababababalalabababababababababababababababababababab
abababababababababalalababababababababababababababababababab
ababababababababababalababababababababababababababababababab
abababababababababalalalabababababababababababababababababab
alalabababababalalalabalalababababababababababababababababab
abalalababalalalababababalalalalalalalalalalabababababababab
ababalabalalabababababababababababababababalalababababababab
ababalalalabababababababababababababababababalalalalalalalab
ababalabababababababababababababababababababababababababalab

















