abacacacacacababababababalababababababababababababababababab
abacacacacacacabababababalalababababababababababababalalalal
ababacacacacacababababababalalalalalalalalalalalalalalababab
ababacacacacacabababababababalabababababababababalababababab
ememacacacacacemememememememalemememememememememalememememab
eneseoeoeoeoeoepeneneneneneseoepenenenenenenesemalemepesemab
ababedededededabababababababalabababababababeremalemeqeremab
ababacacacacacacababababababalalababababababeremalemeqeremab
abababacacacacacabababababababalabababababababeneoepaberemem
abababacacacacacabababababababalalalababababababalabababesem
abababacacacacacacababababababalabalalalalalababalabababeyem
ababababacacacacacababababababalabababababalalalalalalaletal
ababababacacacacacababababababalabababababababababalababesem
ababababacacacacacacabababababalalalabababababababalababerem
emememememacacacacacacememememememalemememememememalememevem
eneneseueseoeoeoeoeoeoepeneneneneseoepeneneseueneseoepenenen
ababeremereoeoeoeoeoeoeqabababababalabababeremababalabababab
ababeremabacacacacacacabababemememalememaberemababalabababab
ababeremabacacacacacacacababemepeneoesememeremababalababalal
ababeremababacacacacacacababemezabalabesemeremababalalalalab
ababeremememacacacacacacacalalewalalaletalaletalalalabababab
alalabenesemabacacacacacacabemepabalaberemeremabalababababab
abalalalaletalacacacacacacabemeqabalaberemeremabalababababab
abababexeyemacacacacacacacabemelelecelelemeremabalababababab
ababeremememacacacacacacabababababalabababeremabalababababab
ababeremabacacacacacacabababababalalabababerememalememememab
ababeremabacacacacacacalalalalalalabababababeneneoenenesemab
elelelemabacacacacacacabababababalalalalalalalalalababeremab
abababababacacacacacacacababababababababababababalababeremab
ababababababacacacacacacababababababababababababalababeremab






















































