aaaaaaaaaaaaaaaaaaaaaaaaaaaaaaaaaaaaaaaaaaaaaaaaaaaaaaaaaaaa
aaaaaaakakaaaaaaaaaaaaaaakakakaaakakaaaaaaaaaaakakakaaaaaaaa
akakakakakakakakakakaaaaakakakakakakakaaaaaaakakakakakaaaaak
akakakdbdbakdbakakakakakakakakakdbdbakakaaakakdbdbakakakakak
dbdbdbdbdbdbdbdbdbdbdbdbdbdbdbdbdbdbdbakakakdbdbdbdbdbakakdb
dbdbdbdbdbdbdbdbdbdbdbdbdbdbdbdbdbdbdbdbdbdbdbdbdbdbdbdbdbdb
dadadbdbdbdadadbdadadadbdbdbdbdadadadadadadadadadadadadbdbda
dadadadadadadadadadadadadadadbdbdadadadadadadadadadadadadada
dadadadadadadadadadadadadadadadadadadadadadadadadadadadadada
dadadadadadadadadadadadadadadadadadadadadadadadadadadadadada
dadadadadadadadadadadadadadadadadadadadadadbdadadadadadadada
dadadadadadadbdadadadadadadadadadadadadadadbdadadadadadadada
dadadadadadadbdadadadadadadadadadadadadbdadadadadbdadadadada
dadadadadadadadadadadadadadadadadadadadadadadadadadadadadada
dadadadadadadbdbdadbdadadadbdbdadadadadadadadadadadadadbdada
dadadadadadbdadadadadadadadadadadadadadbdbdadadadadadbdadada
dadadadadadadadadadadadadadadbdadadadadbdadbdadadadadadadada
dadadadadadadadadadadadadbdadbdadadadbdadadadadadadadadadada
dadadadadadadadadadadadadadadadadadadadadadadadadbdadadadada
dadadadadadadadadadadadadadadadadadadadadadadadadadadadadada
dadadadadadadadadadadadadadadadadadadadadadadadadadbdadadada
dadadadadbdadbdadadadadadadadbdadadadadadadadadadadadbdadbda
dadadadadadadbdadadadadadbdadadbdadadadadadadbdadadadbdadada
dadadadadadadbdadadadadadadadbdbdadadbdbdadadadadadadbdadada
dadadadadadbdadbdbdadadadadadadadbdadadadadadadadadadadadada
dadadadadadadbdbdadadadadadadadadadadadadadadadadadadadadada
dadadadadadadadadadadadadadadadadadadadadadadbdbdadadadadada
dadadadadadadadadadadadadadadadadadadadbdadadadadadadadadada
dadadadadadadadadadadadadadadadadadadadadbdadadadadadadadada
dadadadadadadadadadadadadadadadadadadadadadadadadadadadadada






























































