aaaaaaaaaaaaaaaaaaaaaaaaaaaaaaaaaaaaaaaaaaaaaaaaaaaaaaaaaaaa
akaaaaaaaaaaaaaaaaaaaaaaaaaaaaaaaaaaaaaaaaaaaaaaaaaaaaaaaaaa
akakakakakakakakakakakakakakakakakakakaaaaaaaaaaaaaaaaaaakak
dbakakakakakakakakakakakakakakakakakakaaaaaaaaaaaaaaaaakakak
dbdbdbdbdbdbdbdbdbdbakakakdbdbdbdbdbakakakakaaaaaaakakakdbdb
dadbdbdbdbdbdbdbdbdbdbdbdbdbdbdbdbdbdbdbdbakakakakakdbdbdbdb
dadadadadadadadadadadbdbdbdadadadbdbdbdbdbdbdbdbdbdbdbdbdada
dadadadadadadadadadadadadadadadadadadadadadbdbdbdbdbdadadada
dadadadadadadadadadadadadadadadadadadadadadadadadadadadadada
dadadadadadadadadadadadadadadadadadadadadadadadadadadadadada
dadadadbdadadadadadadadadadadadadadadadadadadadadadadadadada
dadadadadadbdadadadadadadadadadadadadadadadadadadadadadadada
dadadadadadadadadadadadadbdbdadadadadadadadadadadadadadadada
dadadbdadadadadadadadadadadadadadadadadbdadbdadadadbdadadada
dadadadadbdadadadbdbdadadadadadadadadadadadadadadbdadbdadada
dadadadadadadadadadadadadadadadadadadadadadbdadbdadadadadada
dadadadadadadadadadadadadadadadadadadadadbdadbdadadadadadada
dadadadadadadadadadadadadadadadadbdadadbdadadadadadadadadada
dadadadadadadadadadadbdadadbdadadbdadadadadadadbdadadadadada
dadadbdadadadadadadadadadadadadadadadadadadadadadadadadadada
dadadadadadadadadadadadadadadadadadadadadadadadbdadadadadada
dadadadadadadadadadadadadadadadadadadadadadadadadadadadadada
dadadadadadadadadadbdadadadbdadadadadadadadadadadadadadbdbda
dadadadadbdadadadadadadadbdadadadadadadadadadadadadadadadada
dadadadadadadbdadadadadadbdadadadadadadadadadbdadadadadadada
dadadadadbdbdadadadadadadadadadadadbdadadadadbdadadadadadada
dadadadadadadadadadadadadadadadadadadadadadadadadadadadadada
dbdadadadadadadadadadbdadadadadadadadbdadadbdadadbdadadadada
dbdadadadadadadadadadadbdadadadadadadadadadadadadadadadadada
dadbdadadadadadadadadadadadadadbdadadadadadadadadadadadadada























































