abababababababarasacacacacacacacanababababababababaqabababab
ababababababarasasasacacacacacacacabababababababarasabababab
abababababaqasasasasasacacacacacacanabababababarasasasababab
ababababaraqarasasasasasacacacacacabababababaqasasasasasabab
abababarapaqaparasasasasasaracacacanabababaraqarasasasasasab
ababarapapaqapaparasasasaqacacacacacanabarapaqaparasasasasar
abaqapapapayapapapaqasapaqacacacacacabaqapapauapapaqasasaqab
araqarararararararaqarapaqacacacacacaraqarararararaqarapaqab
abaqapapapapapapapaqapapaqacacacacacacaqapapapapapaqapapaqab
abaqapapapapapapapaqapacacacacacacacacaqapapapapapaqapababab
abaqapapapaoapapapaqacacacacacacacacacaqapapaoapapaqabababab
ababalacacacacacaqacacacacacacacacacacacacacacacacalalalabab
alalalabanabanarasalalalacacacacacacacanabababanabaqabalalal
alabababababarasasasalalacacacacacacacabababababarasabababal
abababababaqasasasasasalacacacacacacacanabababarasasasababab
ababababaraqarasasasasasacacacacabanababababaqasasasasasabab
abababarapaqaparasasasasasaracacabababababaraqarasasasasasab
ababarapapaqapaparasasasaqacacacanabababarapaqaparasasasasar
abaqapapapawapapapaqasapaqacacacabababaqapapaqapapaqasasaqab
araqarararararararaqarapaqacacacacanaraqarararararaqarapaqab
abaqapapapapapapapaqapapaqacacacacabanaqapapapapapaqapapaqab
abaqapapapapapapapaqapababanacacacacabaqapapapapapaqapababab
abaqapapapaoapapapaqababababacacacacabaqapapaoapapaqabababab
amamamamamamamamamamamamamamamamamamamamamamamamamamamamamam
amamamamamamamamamamamamamamamamamamamamamamamamamamamamamam
amadadamamadadamamadadamamadadamamadadamamadadamamadamamadam
amajajamamajajamamajajamamajajamamajajamamajajamamajamamajam
akakakakakajakakakajakakakajajakakakakakakakakakakakakakakak
aaaaaaakakakaaakakaaakakaaakakaaaaaaakakaaakaaaaakakaaakakaa
aaaaaaaaaaaaaaaaaaaaaaaaaaaaaaaaaaaaaaaaaaaaaaaaaaaaaaaaaaaa




















