ababababababababababababababababababababacacacacacababababab
abababababababababababababababababanababacacacacacabanababab
abababababababababababababababababababacacacacacabababababab
ababababababababababababababababanababacacacacacabanabababab
abababababababababababababababababababacacacacacalalababalal
abababababababababababababalalalalalacacacacacababalalalalal
ababababababababababababalalalabababacacacacacababababababab
abababababababababalalalalababababacacacacacacababababababab
ababalalalabalalalalabababababababacacacacacacababababababab
alalalabalalalababababababanabababacacacacacababababanababab
abababababababababababababababababacacacacacabababababababab
ababababababababababababababababacacacacacababababababababab
ababababababababababababanabababacacacacacababababababababab
abababababababababababababababacacacacacabababababababababab
abababababababababababababababacacacacacabababanabababababab
ababababababababababanabababacacacacacababababababababababab
ababababababababababababababacacacacacababababababababababab
alalalalabababababababababacacacacacababanababababababababab
ababalalalababababanabababacacacacacabababababababababababab
ababababalalalabababababacacacacacababababababababababababab
ababababababalalalabababacacacacacababababababababababababab
ababababababababalalalacacacacacabanabababababababababababab
ababababababababababalacacacacacabababababababababababababab
ababababababababababacacacacacalabababababababababababababab
abababababababanababacacacacacalalalalababababababalalalabab
ababababababababababacacacacacabababalalalababalalalabalalal
abababababababababacacacacacababanabababalalalalabababababab
ababababababanababacacacacacabababababababababababababababab
ababababababanabacacacacacacacababababababababababababababab
ababababababababaqacacacacacacanabababababababababababababab










