ababababababalalalalalalalalacacacabalalabababababaeajajajaj
abababababalalababaqabababalacacacalalababababababaeajajajaj
ababalalalalababarasabababalacacacalabababababababaeaeajajaj
ababalababababarasasasababalacacacabababababababaqabaeaeajaj
alalalabababarasasasasasabanacacacanabababababarasababaeaeaj
abababababaqasasasasasasasabacacacabababababarasasasababaeae
ababababaraqarasasasasasasasaracacanabababaqasasasasasababab
abababarapaqaparasasasasasaqacacacabababaraqarasasasasasarab
ababarapapaqapaparasasasapaqacacacanabarapaqaparasasasaqabab
abaqapapapaqapapapaqasapapaqacacacabaqapapaqapapaqasapaqabab
araqarararaqarararaqarapapaqacacacaraqararawararaqarapaqabab
abaqapapapapapapapaqapapapaqacacacabaqapapapapapaqapapaqabab
abaqapapapapapapapaqapapatatacacacanaqapapapapapaqapatatabab
abaqapapapaoapapapaqapatatabacacacabaqapapaoapapaqatatababab
abababababalalalanananalalabacacacalalalalalabababababababab
abababababababalalalalalalacacacacacalababababababababababab
ababababababababalababababacacacacacalababababababababababab
ababababababababalababababacacacacacabababababababababababab
abababababababalalabababacacacacacacacababababanabanababanab
abababanabanababababacacacacacacacacacacacababababababanabab
abanababababababacacacacacacacacacacacacacacacababababababab
ababababababacacacacacacacacacacacacacacacacacacacababababan
ababababacacacacacacacacacacacacacacacacacacacacacacacababab
ababacacacacacacacacacacacacacacacacacacacacacacacacacacacab
acacacacacacacacacacacacacacabababacacacacacacacacacacacacac
acacacacacacacacacacacacabababababababacacacacacacacacacacac
acacacacacacacacacanabanabanabababanabanabanacacacacacacacac
acacacacacacabanalabababababababababababababalalabacacacacac
acacacanabalalalalababababababababababababababalalabbjacacac
acababababalababababababababababababababababababalbjbjbjbjac


































