aaaaaaaaaaaaakajadadadabababababababalabababalalalalabababab
aaaaaaaaaaakakajadadadabababababababalalalalalabaqalabababab
aaaaaaaaakakakajadamamamababababababalababababarasalalababab
aaaaaaaaaaaaakajadamamamababababababalabababarasasasalalabab
aaaaaaaaaaakakajadamamamabababababalalababaqasasasasasalalab
aaaaaaaaaaaaakajadamamamabababababalababaraqarasasasasasalal
aaaaaaaaaaaaakajadamamamababababalalabarapaqaparasasasasaral
aaaaaaaaakakakajadamamamababababalabaqapapaqapapaqasasaqabal
aaaaaaaaaaakakajadamamamababababalaraqararavararaqarapaqabal
aaaaaaaaaaaaakajadamamamababababalabaqapapapapapaqapapaqalal
aaaaaaaaaaakakakadamamamababababalabaqapapapapapaqapatatalab
aaaaaaaaaaaaakakadamamamababababalalaqapapaoapapaqatatabalab
aaaaaaaaaaaaakajadamamamabababababalabababalabababaqabalalal
aaaaaaaaaaaaakajadamamamabababababalalalalalalalarasalalabal
aaaaaaaaaaakakajadamamamababababalalabababababarasasasababab
aaaaaaaaaaakakajadamamamababababalabababababaqasasasasasabab
aaaaaaaaaaaaakajadamamamababababalababababaraqarasasasasasab
aaaaaaaaaaaaakajadamamamababababalabababarapaqaparasasasasar
aaaaaaaaaaakakajadamamamababababalababaqapapaqapapaqasasaqab
aaaaaaaaaaaaakajadamamamababababalabaraqararaxararaqarapaqab
aaaaaaaaaaaaakajadamamamabababababababaqapapapapapaqapapaqab
aaaaaaaaaaaaakajadamamamabababababababaqapapapapapaqapatatab
aaaaaaaaaaakakajadamamamabababababababaqapapaoapapaqatatabab
aaaaaaaaaaakakajadamamamamamamamamamamamamamamamamamamamamam
aaaaaaaaaaaaakamamamamamamamamamamamamamamamamamamamamamamam
aaaaaaaaaaamamamamamadadadadadadadadadadadadadadadadamamadam
ajajajajajamamamajajajajajajajajajajajajajajakajajajamamajam
adadadadamamamakakajakakakajajakakakajakajakakakakakakakakak
adanabadamamadakakaaakakaaakakaaakakakakaaakaaaaakakaaakakaa
ababababanabadakaaaaaaaaaaaaaaaaaaaaaaaaaaaaaaaaaaaaaaaaaaaa


































