bbbaaaaaaaaaaaaaaaaaaaaaaaaaaaaaaaaaaaaaaaaaaaaaaaaaaaaaaaaa
bbbaaaaaaaaaaaaaaaaaaaaaaaaaaaaaaaaaaaaaaaaaaaaaaaaaaaaaaaaa
bbbaaaaaaaaaaaaaaaaaaaaaaaaaaaaaaaaaaaaaaaaaaaaaaaaaaaaaaaaa
bbbaaaaaaaaaaaaaaaaaaaaaaaaaaaaaaaaaaaaaaaaaaaaaaaaaaaaaaaaa
bbbaaaaaaaaaaaaaaaaaaaaaaaaaaaaaaaaaaaaaaaaaaaaaaaaaaaaaaaaa
bbbaaaaaaaaaaaaaaaaaaaaaaaaaaaaaaaaaaaaaaaaaaaaaaaaaaaaaaaaa
bbbaaaaaaaaaaaaaaaaaaaaaaaaaaaaaaaaaaaaaaaaaaaaaaaaaaaaaaaaa
bbbaaaaaaaaaaaaaaaaaaaaaaaaaaaaaaaaaaaaaaaaaaaaaaaaaaaaaaaaa
bbbaaaaaaaaaaaaaaaaaaaaaaaaaaaaaaaaaaaaaadadadaaaaaaaaaaaaaa
bbbaaaaaaaaaaaaaaaaaaaaaaaaaaaaaaaaaaaaaadabadadadadadaaaaaa
bbbaaaaaaaaaaaaaaaaaaaaaaaaaaaaaaaaaaaaaadababanababadaaaaaa
bbbaaaaaaaaaaaaaaaaaaaaaaaaaaaaaaaaaaaaaadabadadadadadaaaaaa
bbbaaaaaaaaaaaaaaaaaaaaaaaaaaaaaaaaaaaaaadadaaaaaaaaadaaaaaa
bbbaaaaaaaaaaaaaaaaaaaaaaaaaaaaaaaaaaaaaaaadadaaaaaaadaaaaaa
bbbaaaaaaaaaaaaaaaaaaaaaaaaaaaaaaaaaaaaaaaaaadadaaaaaaaaaaaa
bbbaaaaaaaaaaaaaaaaaaaaaaaaaaaaaaaaaaaaaaaaaaaadadaaaaaaaaaa
bbbaaaaaaaaaaaaaaaaaaaaaaaaaaaaaaaaaaaaaaaaaaaaaaaaaaaaaaaaa
bbbaaaaaaaaaaaaaaaaaaaaaaaaaaaaaaaaaaaaaaaaaaaaaaaaaaaaaaaaa
bbbaaaaaaaaaaaaaaaaaaaaaaaaaaaaaaaaaaaaaaaaaaaaaaaaaaaaaaaaa
bbbaaaaaaaaaaaaaaaaaaaaaaaaaaaaaaaaaaaaaaaaaaaaaaaaaaaaaaaaa
bbbaaaaaaaaaaaaaaaaaaaaaaaaaaaaaaaaaaaaaaaaaaaaaaaaaaaaaaaaa
bbbaaaaaaaaaaaaaaaaaaaaaaaaaaaaaaaaaaaaaaaaaaaaaaaaaaaaaaaaa
bbbaaaaaaaaaaaaaaaaaaaaaaaaaaaaaaaaaaaaaaaaaaaaaaaaaaaaaaaaa
bbbaaaaaaaaaaaaaaaaaaaaaaaaaaaaaaaaaaaaaaaaaaaaaaaaaaaaaaaaa
bbbaaaaaaaaaaaaaaaaaaaaaaaaaaaadadadadaaaaaaaaaaaaaaaaaaaaaa
bbbaaaaaaaaaaaaaaaaaaaaaaaaaaaadababadadaaaaaaaaaaaaaaaaaaaa
bbbaaaaaaaaaaaaaaaaaaaaaaaadadadabababadadaaaaaaaaaaaaaaaaaa
bbbaaaaaaaaaaaaaaaaaaaaaaaadanabababanabadadaaaaaaaaaaaaaaaa
bbbaaaaaaaaaaaaaaaaaaaaaaaadabababababababadaaaaaaaaaaaaaaaa
bbbaaaaaaaaaaaaaaaaaaaaaaaadabanababababanadaaaaaaaaaaaaaaaa



