dadadadadadadbdbdbdbdbdbdbdbdbdbdadadadadadadbdbakakakakakak
dadadadadbdadbdbdbdbdbdbdbdbdbdbdbdadadadadbdbdbakakakakakak
dadbdadadbdbdadbdbdbdbdbdbdbdbdbdbdbdadadbdbdbakakakakajajaj
dadbdadadadbdadadbdbdbdbdbdbdbdbdbdbdbdbdbdbakakakakajajadad
dadadadadadadadadadbdbdbdbdbdbdbdbdbdbakakakakakakakajajadab
dadadadadadadadadadadbdbdbdbdbdbdbakakakakakakakakajajadadab
dadadadadadadadadbdbdbdbdbdbakakakakakakakakakajajajadadabab
dadadadadadbdbdbdbdbdbdbdbakakakakakajajajajajajajadadababab
dadadadadbdbdbdbdbdbakakakakakakakakajajajadadadadadabababab
dadbdbdbdbdbdbakakakakakakakakakakajajadadadabababababababab
dbdbdbdbakakakakakakakakakakakakajajadadabababababababababab
dbdbdbdbakakakakakakakakakajajajajajadababababababababababab
dbdbakakakakakakakakakajajajajadadadadababababababababababab
akakakakakakakakajajajajadadadadabababababababababababababab
akakakakakakajajajadadadadababababababababababababababababab
akakakakajajajadadadabababababababababababababababababababab
akajajajajajadadabababababababababababababababababababababab
ajajajadadadadababababababababababababababababababababababab
ajadadadabababababababababababababababababababababababababab
adadabababababababababababababababababababababababababababab
adababababababababababababababababababababababababababababab
abababababababababababababababababababababababababababababab
abababababababababababababababababababababababababababababab
abababababababababababababababababababababababababababababab
abababababababababababababababababababababababababababababab
abababababababababababababababababababababababababababababab
abababababababababababababababababababababababababababababab
abababababababababababababababababababababababababababababab
abababababababababababababababababababababababababababababab
abababababababababababababababababababababababababababababab











































