bbbaaaaaaaaaaaaaaaaaaaaaaaaaaaaaaaaaaaaaaaaaaaaaaaaaaaaaaaaa
bbbaaaaaaaaaaaaaaaaaaaaaaaaaaaaaaaaaaaaaaaaaaaaaaaaaaaaaaaaa
bbbaaaaaaaaaaaaaaaaaaaaeaeaeaeaeaeaeaaaaaaaaaaaaaaaaaaaaaaaa
bbbaaaaaaaaaaaaaaeaeaeaeabababababaeaaaaaeaeaeaeaaaaaaaaaaaa
bbbaaaaaaaaaaaaeaeababababamamaaaaaaaaaaaeababaeaaaaaaaaaaaa
bbbaaaaaaaaaaaaeababababalamaaaaaaaaaaaeababababaeaeaaaaaaaa
bbbaaaaaaaaaaaaeababababalamamaeaeaeaeaeaeababababaeaaaaaaaa
bbbaaaaaaaaaaaaeaeababalaeaeaaaaaaaaaqaaaaaeaeababaeaaaaaaaa
bbbaaaaaaaaaaaaaaeaeaealaaaaaaaeaearasaeaaaaaaaeabaeaaaaaaaa
bbbaaaaaaaaaaaaaaaaaaaamaaaaaeabarasasasabaeaaaaaeaeaaaaaaaa
bbbaaaaaaaaeaeaeaeaeaealaeaeabarasasasasasabaeaaaaaaaaaaaaaa
bbbaaaaaaaaeababababalabababaqasasasasasasasaraeaeaeaaaaaaaa
bbbaaaaaaaaeaeabababalababaraqarasasasasasaqabababaeaaaaaaaa
bbbaaaaaaaaaaeababalababarapaqaparasasasapaqabababaeaaaaaaaa
bbbaaaaaaaaaaeaeabalabaqapapazapapaqasapapaqabababaeaaaaaaaa
bbbaaaaaaaaaaaaeabalaraqarararararaqarapapaqabababaeaaaaaaaa
bbbaaaaaaaaaaaaeaealalaqapapapapapaqapapapaqabababaeaaaaaaaa
bbbaaaaaaaaaaaaaaeabalaqapapapapapaqapapatababababaeaaaaaaaa
bbbaaaaaaaaaaaaaaeabalaqapapaoapapaqapatabababababaeaaaaaaaa
bbbaaaaaaaaaaaaaaeabalalababalababababababababababaeaaaaaaaa
bbbaaaaaaaaaaaaaaeababalabalalabaeaeaeaeaeababababaeaaaaaaaa
bbbaaaaaaaaaaaaaaeabababalamamaaaaaaaaaaaeababaeaeaeaaaaaaaa
bbbaaaaaaaaaaaaaaeabababalaaaaaaaaaaaaaaaeababaeaaaaaaaaaaaa
bbbaaaaaaaaaaaaaaeabababalamamaaaaaaaaaaaeababaeaaaaaaaaaaaa
bbbaaaaaaaaaaaaaaeababababababaaaaaaaaaaaeababaeaaaaaaaaaaaa
bbbaaaaaaaaaaaaaaeaeaeaeababababaaaaaaaaaeaeaeaeaaaaaaaaaaaa
bbbaaaaaaaaaaaaaaaaaaaaeaeaeaeaeaaaaaaaaaaaaaaaaaaaaaaaaaaaa
bbbaaaaaaaaaaaaaaaaaaaaaaaaaaaaaaaaaaaaaaaaaaaaaaaaaaaaaaaaa
bbbaaaaaaaaaaaaaaaaaaaaaaaaaaaaaaaaaaaaaaaaaaaaaaaaaaaaaaaaa
bbbaaaaaaaaaaaaaaaaaaaaaaaaaaaaaaaaaaaaaaaaaaaaaaaaaaaaaaaaa



