ababababababababababalababababababababababababababadajajajaj
abababababanabababababababababababababababanabababadajajajaj
anababababababababababalalababababanabababababababadadajajaj
ababababababababababababababababababababanabababababadajajaj
ababababababanababanabababalababanabababababababababadadajaj
abababanababababababababababalababababababababababababadadaj
ababababababababababababababalabababababababababababababadad
abababababababababababababababalabababababababababababababab
ababababababababababanabanababalabababababababababababababab
abababanabababanabababababababababababababababanabababababab
abababababababababababababababababalalababababababababababab
abababababababababababababababababababababababababanabababab
ababalalababababababababababalababalababalababababababababab
alabalababalalabalalabababalabababababalabababababababababab
abababababababababababalababababababababalababababababababab
abananabababababababababababababababababababalabababanababab
ababababababanababababababababanababababababababalababababab
ababababababababababababababababababababababababalababababab
ababababababababababababababanababababababababababalabababab
ababanababababababababababababababababababababababababalabab
ababababababababababababababababababanababababababababababab
ababababababababababababababababababababababababababababalal
abababababababababababababababaeabababababababababababababab
abaeaeabadabaeaeababaeabababaeaeaeababaeabadadaeabaeabadadab
adadadadaeadadaeaeadadaeadaeadadadadadadadadadadadaeaeaeaeae
adaeadadajajajadadajajajajadajajajaeaeadajajaeaeaeadajajajad
ajaeadajajajajajajajajajajadajajajadadajajajajajaeadadajajad
ajajajajajajajajajajajajajajajajajajajajajajajajaeajajajajaj
ajajajajajakajajajakakakajajakakajajajajakakakakajakakakakak
akakakakakakakakakakakakakakakakakakakakakakakakakakakakakak














