abababababababababababababanabababababalabababababababababab
abababababababababababababababababalalalabababababababababab
ababanababababanabababababababalalalabababababababababababab
ababababababanababababababababalabababababababababababababab
abababababababababanabababalalalababababababababababababanab
abababababababababababababalabababababababababababababababab
abababababababababababababalababababanabababababababanababab
alalabalalalalababababalalalabababababababababababababababab
abalalalababalalalabalalabababababababababababababababababab
ababababababababalalalababababababababababababababababababab
abababababababalalababababababababababababababababababababab
abababababababalabababababababababababababababababababababab
ababababababalalabababababababababababababababababababababab
ababababababalababababababababababababababaeaeaeaeabaeaeaeae
ababababababalalababababababababababaeaeaeaeajaeaeaeaeajajaj
aeaeaeaeaeaealalaeaeaeaeaeaeababaeaeaeajajajajajajajajajajaj
ajajajajajaeamamaeajajajajaeaeaeaeajajajajajajajajaeaeaeaeae
ajajajajajajamamajajajajajajajajajajaeaeaeajajajaeaeaeababab
ajajaeaeaeaeamamaeajajaeaeaeaeajaeaeaeabaeaeaeaeaeababababab
aeaeaeabababalalaeaeaeaeababaeaeaeababababababababababababab
ababababababalalabababababababababababababababababababababab
abababababababalalababababababababababababababababababababab
ababababababababalababababababababababanabababababababababab
ababababababababalalalababababababababababababababababababab
abanababababababababalabababababababababababanababababababab
ababababababababababalalabababababababanabababababababababab
ababababanababanabababalalababababababababababababababababan
ababababababababababababalalabababababababababababababababac
abababababababababababababalabababababababababababababanacac
ababababababababababababalalababababababababababababababacac














