abababababababababababababababababababababababababanabababab
abababababababababababababababababababababababababababababab
ababababababababanababababanababababababababanababababababab
abababababababababababababababababababababababababababababab
arababababababababababababababababababababalalalalalalalalab
ababababababababababababababababababababalalababalabababalal
ababababanabababababababababababababalalalaeababalanabababab
abababababababababababababababababalalaeaeaeaeaealababababab
ababababababababababanabababababalalaeaeajajajaealababababab
ababababababababababababababalalalaeaeajajajajaealababababab
abababababababababababababalalaeaeaeajajajajajaealababababab
ababababababababababababalalaeaeajajajajajaeaeaealababanabab
abababababababababababalalaeaeajajajajajajaealalalababababab
ababalalalalalalalalalalaeaeajajajajajajaeaealababababababab
abalalababababababalaeaeaeajajajajajajajaealalababababababab
alalabababababababalalaeajajajajajajajajaealabababababababab
ababababababababababalaeaeajajajajajajajaealabababababababab
ababababababababababalalaeajajajajajajajaealabababababababab
abababababababababababalaeaeajajajajajajaealalalababababanab
abababababanabababababalalaeaeajajajajajamamaealalababababab
abanabababababababanababalalaeaeaeajajamamajaeaealababababab
abababababababababababababalalalamamamamajajaeaealababababab
abababababanabababababababababalaeajajajajajaealalababababab
abababababababababababababababalaeaeajajajajaealabababababab
abababababababababababababababalalaeajajajajaealabababababab
abababababababababanababababababalaeaeaeaeaeaealabababababab
abababanababababababababababababalalalalaeaealalababanababab
ababababababanababababababababababababalalaealababababababab
ababababababababababababababababababababalalalababababababab
ababababababababababababababababanababababalabababababababab











