abababababababababacacababababababababababaqabababababababab
abababababababababacacabababababababababarasabababababababab
abababababababababacacababababababababarasasasababababababab
abababababababababacacabababababababarasasasasasabababababab
abababababababababacacababababababaqasasasasasasasarabababab
abababababababababacacabababababaraqarasasasasasaqababababab
abababababababababacacababababarapaqaparasasasapaqababababab
abababababababababacacabababaqapapazapapaqasapapaqababababab
abababababababababacacababaraqarararararaqarapapaqababababab
abababababababababacacabababaqapapapapapaqapapapaqababababab
abababababababababacacabababaqapapapapapaqapapababababababab
abababababababababacacabababaqapapaoapapaqapabababababababab
adadadadadadabababacacacacacacacacacacacacacacacacacacacacac
ajajajajajadadadadacacacacacacacacacacacacacacacacacacacacac
ajajajajajajajajajamamacacacacacacacacacacacacacacacacacacac
adadadadajajajajamamamajajajajajajadadadadamamadadadajajajaj
abababadadadadacacacajajajajajajajajajajajamamajajajajajajaj
ababababababacacacacadajajajajajajajajajajamamajajajajadadad
ababababababacacacadadajajajajaeaeaeadadadamamadadadadadabab
abababababacacacadadajajajajajadabababababacacababababababab
ababababacacacadadajajajajajajadadababababacacababababababab
ababababacacacadajajajajajajajajadadabababacacababababababab
abababacacacadajajajajajajajajajajadacacacacacababababababab
abababacacacadajajajajajajamamajajajamacacacacacabababababab
ababacacacadajajajajamamamamamamamamamamadacacacacababababab
ababacacacadamamamamamajajajajajajajajajajadabacacacabababab
abacacacamamamajajajajajajajajajajajajajajadababacacacacabab
acacacacadajajajajajajajadadadajajajajajadadabababacacacacac
acacacadadajajajajajajadadabadadadajajajadababababababacacac
acacadadadadadadadadadadabababadadadadadadababababababababab
















