ajajajajajajaeabababababababababalababababababababababababab
ajajajajajajaeaeaeaeabababababababababanabababababanabababab
aeaeajajajajajajajaeaeababababababalabababababababababababab
abaeaeajajajajajajajaeabababababababalabalabababalababababab
ababaeajajajajajajajaeaeababababababababababababababalababal
ababaeaeajajajajajajajaeaeababababababababalabababababababab
abababaeaeajajajajajajajaeabababababababababalababababanabab
ababababaeaeajajajajajajaeabababababanababababalabababababab
abababababaeaeajajajajajaeababababababababababababababababab
ababababababaeaeajajajajaeaeababababababababababalababababab
abababababababaeajajajajajaeabababababanabababababababababab
abababababababaeajajakakajaeabababababababababalabababababab
abababababababaeajakakajaeaeabababababababababalabababanabab
abababababababaeajakakajaeabababababababababalababababababab
abababababababaeajakakaeaeababababanabababababababababababab
anabanabababaeaeajakakaeabababababababababalalabababababanab
acacacabanabaeajajakajaeababanababacabababababanabababababab
acacacacacaeaeajakakajaeaeabacabacacacacabacababababacacabac
acacacacacamamamakakamamamacabacababababacacacabacabacabacab
acacacacacamamajakakajamamamacacabacabacababacabacabacacabac
anabacacacaeaeajakakajajajaeacababababacacabacacabanacababac
ababalabanabaeajakakajajajaeabanababababababalabacabacababab
ababalababaeaeakakakajajaeaeabababababanababalababababababab
ababalababaeaeajakakakajaeababababababababababababanabababab
ababalabababaeajakakajajaeabababababababababalababababababab
ababalabababaeakakakajaeaeabababanabababababababalabababanab
ababalalabaeaeajakakajaeabababababababababababababababababab
abababalalaeajakakajaeaeababababababababababababababalababab
ababababalaeajakakaeaeabababanababababababababababababababan
ababababalaeajakakaeababababababababababababanabababalababab

























