dadadadadadadadadbdbdbdbdbdbdbdbdbdbdbdbdbdadadadadadadadada
dadadadadadadadbdbdbdbdbdbdbdbdbdbdbdbdbdadadadadadadadadada
dadadadadadadadbdbdbdbdbdbdbdbdbdbdbdbdbdadadadadadadadadada
dadadadadadadbdbdbdbdbdbdbdbdbdbdbdbdbdbdbdadadadadadadbdada
dadbdadbdadadbdbdbdbdbdbdbdbdbdbdbdbdbdbdbdadadadadadbdbdada
dadadadadadadbdbdbdbdbdbdbdbdbdbdbdbdbdbdadadadadadadbdadada
dadadadbdadadbdbdbdbdbdbdbdbdbdbdbdbdbdbdadadadadadadadadada
dadadadbdadadbdbdbdbdbdbdbdbdbdbdbdbdbdbdbdadadadadadadadada
dadadadadadadadbdbdbdbdbdbdbdbdbdbdbdbdbdadadadadadadadadada
dadadadadadadadbdbdbdbdbdbdbdbdbdbdbdbdbdadadadadadadadadada
dadadadadadadadadbdbdbdbdbdbdbdbdbdbdbdbdadadadadadadadadada
dadbdadadadadadadbdbdbdbdbdbdbdbdbdbdbdbdadadadadadadadadada
dadadadadadadadadadbdbdbdbdbdbdbdbdbdbdbdbdadadadadbdadadada
dadadbdbdadadadadbdbdbdbdbdbdbdbdbdbdbdbdbdadadadadbdadadada
dadadadadbdadadadbdbdbdbdbdbdbdbdbdbdbdbdadadadadadadadbdada
dadadadadadadadadbdbdbdbdbdbdbdbdbdbdbdbdadadadadadadadadada
dadadadadadadadbdbdbdbdbdbdbdbdbdbdbdbdadadadadadadadadadada
dadadadadadadadbdbdbdbdbdbdbdbdbdbdbdbdbdadadadadadadadadada
dadadbdadadadadbdbdbdbdbdbdbdbdbdbdbdbdbdadadadadadadadadada
dadadadadadadbdbdbdbdbdbdbdbdbdbdbdbdbdbdbdadadadadbdadadada
dadadbdadadbdbdbdbdbdbdbdbdbdbdbdbdbdbdbdadadadbdbdadadadada
dadadbdbdadadbdbdbdbdbdbdbdbdbdbdbdbdbdbdadadadadadadbdadada
dadbdadadadadadbdbdbdbdbdbdbdbdbdbdbdbdbdadadadadadadbdadada
dadadadbdadadadbdbdbdbdbdbdbdbdbdbdbdbdbdadadadbdadadadbdada
dadadadbdadadbdbdbdbdbdbdbdbdbdbdbdbdbdbdadadadadadadadadada
dadadbdadadadbdbdbdbdbdbdbdbdbdbdbdbdbdbdbdadadadadadbdadada
dadadadadadadadbdbdbdbdbdbdbdbdbdbdbdbdbdbdbdadadadadadadada
dadadadadadadadadbdbdbdbdbdbdbdbdbdbdbdbdbdbdadadadadadadada
dadadadbdbdadadadadbdbdbdbdbdbdbdbdbdbdbdbdbdadadadadadadada
dadadadadadadadadbdbdbdbdbdbdbdbdbdbdbdbdbdbdadadadadadadada



















































