ababababababababababababababalabababababababababababacacacac
ababababababababababababababalabababababababababababacacacac
ababababababababababababababalabababababababababababacacacac
ababababababababababababababalababababababababababacacacacac
ababababababababababababababalalabababababababababacacacacab
abababababababababababababababalabababababababababacacacabab
abababababababababababababababalabababababababababacacacabab
abababababababababababababababalabababababababababacacacabab
ababababababababababababababalalabababababababababacacacabab
ababababababababababababalalalababababababababababacacacabab
ababababababababababababalababababababababababababacacacabab
ababababababababababababalalabababababababababababacacacacab
abababababababababababababalababababababababababababacacacab
ababababalalalalabababababalababababababababababababacacacac
ababababalababalalabababalalalalalabababababababababacacacac
ababababalabababalalalalalabababalababababababababababacacac
ababababalabababababababababababalalababababababababababacac
ababababalababababababababababababalalabababababababababacac
abababalalabababababababababababababalababababababababababac
abababalababababababababababababababalababababababababababab
abababalababababababababababababababalababababababababababab
abababalababababababababababababababalalabababababababababab
alalalalabababababababababababababababalabababababababababab
abababalalababababababababababababababalabababababababababab
ababababalalalalabababababababababababalalababababababababab
abababababababalababababababababababababalababababababababab
abababababababalababababababababababababalababababababababab
abababababababalababababababababababababalababababababababab
abababababababalababababababababababababalalalababababababab
abababababababalababababababababababababababalababababababab













































