abababababababababalababadajajajadabababababalababababababab
ababababababanababalabadadajajajadadababalababababababababab
alalababababababalalamamamajajajamadadabalababababababababab
abalalababababalalabadajajajajajajajadalabababababananababab
ababalalababalalababadajajajajajajajadadalalabababababababab
abababalalalalabababadajajajajadadajajadadabalababanabababab
ababababalalababababadadajajajajadadajajadadalababababababab
abababalalababababababadadajajajadadadajajadabababababababab
abababalababababababababadajajajadadajajajadalababababababab
abababalalabababanababadadajajajadadajajadadabalabababababab
ababababalalabababababadajajajadadajajadadalabababababababab
abababababalalababababadadajajajajajajadalabababanababababab
ababababababalabababababadajajajajajajadalabababanabababanab
abababanababalabababababadajajajajajadadabababababababababab
ababababababalabababababadadajajajadadalalababababababababab
ababababababalalabababababadajajajadabababababababababababab
abababababababalabababababadadajajadadalalababababababababab
abababababababalababababababadajajajadadabalabababanabababab
abababababababalalabababababadadajajajadadabalababababababab
ababababababababalalabababababadajajajajadababalabababanabab
abababababababababalalabababadadajajajadadabababababanababab
ababababababababababalalalamamamajajajamalabalababababababab
abababababababababababalalamajajajamamadalababababababababab
ababababababababababababadajajajajajadadabababababalabababab
abababanababababababababadadajajajajajadabababanababalababab
abababababababababababababadajajajajajadababababanababababab
abababababababababababababadadajajajadadabababababababalabal
ababababababababababababababadajajajadabababababababanababab
abababababababababanababababadajajajadababababababababababab
ababababababababababababababadajajajadababababababababababab

















