abababababababababaqabababababababababababababababababababab
ababababababababarasabababababababababababababababababababab
abababababababarasasasababababababababababababababababababab
ababababababarasasasasasabababababababababababababababababab
abababababaqasasasasasasasarabababababababababababababababab
ababababaraqarasasasasasaqababababababababababababababababab
abababarapaqaparasasasapaqatabababababababababababababababab
ababaqapapblapapaqasapatatababababababababababababababababab
abaraqarararararaqarapatababababababababababababababacacacac
ababaqapapapapapaqapatatabababababababababacacacacacacacacac
ababaqapapaoapapaqapatabababababababacacacacacacacacacacacac
alalalabalababababababababababacacacacacacacacacacacacacacac
alalalalabalababababababacacacacacacacacacacacacacacacacacac
alalabalababalabababacacacacacacacacacacacacacacacacacababab
ababababalalabababacacacacacacacacacacacacacacababababababab
ababababababababacacacacacacacacacacacababababababababababab
abababababababacacacacacacacacacabababababababababababababab
abababababababacacacacacacacabababababababababababababababab
ababababababacacacacacacacababababababababababababababababab
ababababababacacacacacacabababababababababababababababababab
ababababababacacacacacacabababababababababababababababababab
abababababacacacacacacacabababababababababababababababababab
abababababacacacacacacacabababababababababababababababababab
abababababacacacacacacababababababababababababababababababab
abababababacacacacacacababababababababababababababababababab
ababababacacacacacacacababababababababababababababababababab
ababababacacacacacacabababababababababababababababababababab
ababababacacacacacacabababababababababababababababababababab
ababababacacacacacacabababababababababababababababababababab
ababababacacacacacababababababababababababababababababababab










