dadadadadadadadadadadadadadadadadadadadadadadadadadadadadada
dadadadadadadadadadadadadadadadadadadadadadadadadadadadadada
dadadadadadadadadadadadadadadadadadadadadadadadadadadadadada
dadadadadadadadadadadadadadadadadadadadadadadadadadbdadadada
dadadadadadadadadadadadadadadbdadadadadadadadadadadadbdadada
dadadadadadadadadadadadadadbdbdadadadadadadadadadadadadadada
dadadadadadadadadadadadadadadbdadadadadadbdbdbdadadadadadada
dadadadadbdadadadadadadadadbdbdadadadbdbdbdadadbdadadadadada
dadadadadadadbdbdadadadadadadadadadbdbdadadadadbdadadadadada
dadadadadadadadadadadadadadadadadadbdadadbdadadbdbdbdadadada
dadadadadadadadadadadadadadadadadadbdbdadadadadadadbdadadada
dadadadadadadadadadadadadadadadadbdbdbdadadadadadadbdadadada
dadadadadadadadadadadadadadadadadbdbdadadadadadbdbdbdadadada
dadadadadadadadbdadadadadadadadadadbdadadadadadbdadadadadada
dadadadadadadbdbdadadadadadadadadadbdbdadadadbdbdadadadadada
dadadadadadadbdadadadadadadadadadadadbdbdbdbdbdadadadadadada
dadadadadadadadadadadadadadadadadadadadadadadadadadadadadada
dadadadadadadadadadadadadadbdadadadadadadadadadadadadadadada
dadadadadadadadadadadadadadadadadadadadadadadadadadadadadada
dadadadadadadadadadadadadadadadadadadadadadbdbdbdadadadadada
dadadadadbdadadadadbdbdadadadadadadadadadadadbdadadadadadada
dadadadadbdadadadadbdadadadadadadadadadadadadadadadadadadada
dadadadadadadadadadadadadadadadadadadbdadadadadadadadadadada
dadadadadadadadadadadadadadadadadadbdadadadadadadadadadadada
dadadadadbdadadadadadadadadadadadadbdadadadadadadadbdbdadada
dadadadadadadbdadadadadadadadadadadadadadadadadadadbdbdadada
dadadadadadadadadadadadadadadadadadadadadadadadadbdbdadadada
dadadadadadadadadadadadadadadadadadadadadadadadadadadadadada
dadadadadadadadadadadadadadadadadadadadadadadadadadadadadada
dadadadadadadadadadadadadadadadadadadadadadadadadadadadadada



















