ababababababababababababalababababababababababababababababab
abababababababababalalalabalalababababababababababababababab
ababanababanababalababababababababababababababababababababab
ababababababababababababababababalabababababanababababababab
abababababababalababababababababalababababababababababababab
ababanabababalababababababababababalabalababababababanababab
abababababababababababababababababababalabababababababababab
ababababababalabababababababanababababababababababababababab
abababababalabababababanababababababababalalabababababanabab
ababababababababababababababababababababababalababababababab
abanabababalabababababababababababababababababababababababab
abababababalababababababababababababababababababalababababab
ababababalababababababababababanabababababababalalababababab
abababababababababababababababababababababababababababababab
ababababalabababababababalabalabababalabalalababalalalababab
ababababababababalalabalalabalabalabalabababababababalababab
abababalabababalalababababababababababababababababababababab
abababalalalababababababababababababababababababanababalabab
alalababababababababababababababababababababababababababalal
ababalabababanabababababababanabababababababababababababalal
abalalababababababababababababababababababababababalabababab
abababalabababababababababababababababababababababalabababab
abababababalalababababababababanababababababalababababababab
ababababababalabababababababababababababalalabababababababab
ababababababababababababababababababababalababababababababab
ababababababababalalababababababalalalalabababababababababab
abababababababababalalababababalalababababababababababababab
ababababababababababalalababalalababababanabababababanababab
abababababababababababalalalalababababababababababababababab
abababababababababababalalalalababababababababababababababab














