aaaaaaaaaaaaaaaaaaaaaaaaaaaaaaaaaaaaaaaaaaaaaaaaaaaaaaaaaaaa
aaaaaaaaaaaaaaaaaaaaaaaaaaaaaaaaaaaaaaaaaaaaaaaaaaaaaaaaaaaa
aaaaaaakaaakakakaaaaaaakakaaaaakaaaaakakaaaaaaaaakakaaaaaaaa
akakakakakakakakakakakakakakakakakakakakakakakakakakakakakak
akdbakakakakdbdbdbakakdbdbakakakakakdbdbakdbdbdbakakakakakdb
dbdbdbdbdbdbdbdbdbdbdbdbdbdbdbdbdbdbdbdbdbdbdbdbdbdbdbdbdbdb
dbdadbdbdbdbdadadbdadbdbdadbdbdbdbdbdadadbdadadadbdbdbdbdbda
dadadadadadadadadadadadadadadbdbdadadadadadadadadadadadadada
dadadadadadadadadadadadadadadadadadadadadadadadadadadadadada
dadadadadadadadadadadadadadadadadadadadadadadadadadbdadadada
dadadadadadadadadadadadadadadadadadadadadadadadadbdbdadadada
dadadadadadadadadadadadadadadadadadadadadadadadadadadadadada
dadadadadadadadadadadadadadadadadadadadadadadadadadadadadada
dadadadadadadadadadadadadadadadadadadadbdadadadadadadadadada
dadadbdbdbdadadadadadbdadbdadadadadadbdadadadadadadadadadada
dadadadadadadadadadadadadbdadadadadadbdbdadadadadadadadadada
dadadadadbdadbdadadadadadbdadadadadadadadadadadadadadbdadada
dadadadadadadadadadadadadadadadadadadadadadadadadadadbdadada
dadadadadadadadadadadadadadadadadadadadadadadadadadadbdadbda
dadadadadadbdbdadadadadadadadadadadadadadadadadadadadadbdada
dadadadadadadadadadadadadadadadadadadadadadadadadadadadadada
dadadadadadadadbdadadadadadadadadadadadadadadbdadadadadadada
dadadadadadadadadadadadadadadbdbdbdbdadadbdadadbdbdadadadada
dadadadadadadadadadadadadadadadadadbdbdadadadadadadadadadada
dadadadadadadadadadadadadadadadadadbdadadadadadadadadadadada
dadadadadadbdadadadadadadadadadadadadadadadadadadbdadadadada
dadadadadbdadadbdadadadadadadadadadadadadadadadadadadadbdbda
dadadadadadbdbdadadadadadadadadadadadadadadadadadadadbdbdada
dadadadadadadadadadadadadadadadbdadbdadadadadadadadadadadada
dadadadadadadadadadadadadadadadadadadadadadadadadadadadadada



















