dadadadadadadadadadadadadadadadadadadbdbdbdbdbdbdbdbdbdbdbdb
dadadadadadadadadadadadadadadadadbdbdbdbdbdbdbdbdbdbdbdbdbdb
dadadadadadadadbdadadadadadadbdbdbdbdbdbdbdbdbdbdbdbdbdbdbdb
dadadadadadadadadadadadadadadbdbdbdbdbdbdbdbdbdbdbdbdbdbdbdb
dadadadbdbdadadadadadadadadbdbdbdbdbdbdbdbdbdbdbdbdbdbdbdbda
dadadadadadadbdadadadadadadbdbdbdbdbdbdbdbdbdbdbdbdbdbdbdada
dadadadadadadadadadadadadadbdbdbdbdbdbdbdbdbdbdbdbdbdbdbdada
dadadadadadadadadadadadadbdbdbdbdbdbdbdbdbdbdbdbdbdbdbdbdada
dadadadadbdbdadadadadadadbdbdbdbdbdbdbdbdbdbdbdbdbdbdbdadada
dadadadadadadadadadadadbdbdbdbdbdbdbdbdbdbdbdbdbdbdbdbdadada
dadadadadbdadadadadadadbdbdbdbdbdbdbdbdbdbdbdbdbdbdbdadadada
dadadadadadadadadadadadbdbdbdbdbdbdbdbdbdbdbdbdbdbdbdadadada
dadadadadadadadadadadbdbdbdbdbdbdbdbdbdbdbdbdbdbdbdadadadbda
dadadadbdadadadadadbdbdbdbdbdbdbdbdbdbdbdbdbdbdbdadadadadbda
dadadadbdadadadadadbdbdbdbdbdbdbdbdbdbdbdbdbdbdbdadadadbdada
dadadadadbdadadadbdbdbdbdbdbdbdbdbdbdbdbdbdbdbdadadadbdadada
dadadadbdadadadadbdbdbdbdbdbdbdbdbdbdbdbdbdbdbdadadadadadada
dadadadadadadadadbdbdbdbdbdbdbdbdbdbdbdbdbdadadadadadadadada
dadadadadadadadbdbdbdbdbdbdbdbdbdbdbdbdbdadadadadadadbdadada
dadadbdbdadadadbdbdbdbdbdbdbdbdbdbdbdbdbdadadadadadadadadada
dadadadbdbdadadadadbdbdbdbdbdbdbdbdbdbdbdbdadadadadadbdbdada
dadadadadadadadadbdbdbdbdbdbdbdbdbdbdbdbdbdbdadadadadadbdada
dadadadadadadadadbdbdbdbdbdbdbdbdbdbdbdbdbdbdbdadadadbdadada
dadbdadadadadadadadbdbdbdbdbdbdbdbdbdbdbdbdbdbdadadadadadada
dadadadadadadadadbdbdbdbdbdbdbdbdbdbdbdbdbdbdbdbdadadbdadada
dadadadadadadadadadbdbdbdbdbdbdbdbdbdbdbdbdbdbdbdadadadadada
dadadadadadadadadadbdbdbdbdbdbdbdbdbdbdbdbdbdbdbdadadadbdada
dadadadbdbdadadadadadadbdbdbdbdbdbdbdbdbdbdbdbdbdadadadbdada
dadadadadadadadadadadadbdbdbdbdbdbdbdbdbdbdbdbdbdadadadadada
dadadadadadadadadadadadadbdbdbdbdbdbdbdbdbdbdbdbdadadadadada

















































