abababababanababababababababababalababababanabababababababan
ababababababababababababababababalababababababababababababab
ababababababababanababababanababalalalalalalalababababanabab
ababababababababababababababababalalaeaeaeaealalalababababab
abababanabababababababababababalalaeaeajajaeaeaealababababab
abababababababababababababababalaeaeajajajajajaealababababab
ababababababababababababababalalaeajajakakajajaealababababab
abababababababababababababalalaeaeajajakakajajaealababababab
ababababanababababababababalaeaeajajakakakakajaealababababab
abababababababababanabababalaeajajakakakakakajaealalabababan
abababababababababababababalaeajajakakakakajajaeaealalababab
abababababababababababanabalaeaeajajajakakakajajaeaealalalal
abababababababababababababalalaeaeajajajakakajajajaealababab
ababababababababababababababalalaeajajajajajajajajaealababan
ababanababababababababababababalaeaeajajajajajajaeaealababab
ababababanababababababababababalalaeaeajajaeaeaeaealalababab
ababababababababababababababalalalalaeaeajaealalalalabababab
abababababababababababalalalalababalalaeaeaealababababanabab
abababababababababalalalababababanabalalababalababababababab
alalababababababalalabababababababababalalalalababababababab
abalalababababalalababababababababababababalalabanababababan
ababalalalababalababababanabababababababababalababababababab
ababababalababalabababababababababanabanababalababababababab
arabababalalalalababababababababababababababalababababababab
abanababanabalabababababababababababababababalalababanababab
ababababababalababanabababanabababababababababalabababababab
ababababababalababababababababababababababababalabababababab
anababanababalanabababababababababababababababalalababababab
ababababababalababababababababababababababanababalababababab
ababababababalabababababababababanababababanababalabababanab







































