dbdbdbdbdbdbdbdbdbdbdbdbdbdbdbdbdadadadadadadadadadadadadada
dbdbdbdbdbdbdbdbdbdbdbdbdbdbdadadadadadadadadadadadadadadada
dbdbdbdbdbdbdbdbdbdbdbdbdadadadadadadadadbdbdadadadadadadadb
dbdbdbdbdbdbdbdbdbdbdadadadadadadadadadadadadadadadadbdbdada
dbdbdbdbdbdbdbdbdadadadadadadadadadadadadadadbdadadadadadbda
dbdbdbdbdbdadadadadadadadbdadadadadadadbdbdadadadadadadadada
dbdbdadadadadadadadadadadadadadadadadadadadadadadadadadadada
dbdbdadadadadadadadadadadadadadadbdadadadadadadadadadadadada
dadadadadadadadadadadadadadadadadadadadadbdbdadadadadadadada
dadadadadadadadadadadbdadadadadadadadadadbdadadadadadadbdbdb
dadadadadadadadadadadadadadadadadadadadadadadadbdbdbdbdbdbak
dadadadadadadadadadbdadadadadadadadadadbdbdbdbdbdbakakakakak
dadadbdbdadadadadadbdadadadadadbdbdbdbdbdbakakakakakakakakak
dadadbdadadadadadadadadadadbdbdbdbakakakakakakakakakakakakak
dbdbdadadadadadadadadadadbdbakakakakakakakakakakakakakakakak
dbdbdbdadadadadadadbdbdbdbakakakakakakakakakakakakakakakakak
dbdbdbdbdbdbdbdbdbdbdbdbakakakakakakakakakakakakakakakakakak
akakakakdbdbdbdbakakakakakakakakakakakakakakakakakakakakajaj
akakakakakakakakakakakakakakakakakakakakajajajajajajajajajaj
akakakakakakakakakakakakakakajakakajajajajajajajajajajajajaj
akakakakakakakakakakakakakakajajajajajajajadadadadadajadadad
akakakakakakakajakakakajajajajajajajadadadadadadadadadadadad
akakakakakakakajajajajajajajajajadadadadadadadababababababab
akakakajajajajajajajadadadadadadadadabababababababababababab
akajajajajajajadadadadadadadabababababababababababababababab
ajajajajadadadadadadabababababababababababababanabababanabab
ajadadadadadababababababababababababababababanababababababab
adadadadababababababababababanabanababababababababababababab
abababababababanababanabababababababababanababababababababab
ababababababababababababababababanababababababababababanabab






















































