abababababababacacabacababababababababababababababababababab
ababababababanabababanacabababababababababababababababababab
ababababababababacabacababababababanababababababababanababab
aeadaeadadababababacacacacababababababababababababababababab
ajajajajaeaeabababacabacababababababababababababanababababab
ajajajajajadababababacacabacabababababanabababababababababab
ajajajajajaeadababababacacacabababababababababababababababab
akakajajajajadabababababacabababababababanababababababababab
akakakajajajaeababababacabacabababababababababababababababab
akakakajajadadabababababacacacababababababababababababababab
akakakajajaeaeabanabababababacacabababababababababababababab
akakajajajajaeababababababacababacababababababababababanabab
akajajajajajadababababababacacabacababababababababababababab
ajajajajajaeadabababababababacacacababababababababababababab
ajajajajajadabababababababababacacacabalabalabababalalababal
ajajajajadaeabababababababababacabacacabababalabalababababab
ajajadaeadabababababababababababacabacababababababababababab
adaeadabababababababababababababababacacabababababababababab
ababababababababababababababababacacabacabababababababababab
ababababababanabababababababababacabacacabanabababababababab
abababababababababababababanabababacacababababababababanabab
ababanababababababababababababababacabacacabababanababababab
abababababababababababababababababacacabacababababababababab
ababababababababababababababababababacacacacabababababababab
ababababababababababababababababababababacababababababababab
abababababababababalababanababalababacacabacabababababababab
ababalalabababalabalabababalabalababababacacababanabababanab
ababalababalabalabababababababababababacacabacababababababab
alababababababababababababababababanabacabacabababababababab
ababababababababababababababababababababacacabacabababababab









