dadadadadadadadadadadadadadadadbdbdbdbdbdbdbdbdbdbdbdbdbdbdb
dadadadadadadadadadadadadadadadadbdbdbdbdbdbdbdbdbdbdbdbdbdb
dadadbdadadadadadadadbdadadadadadbdbdbdbdbdbdbdbdbdbdbdbdbdb
dadadadbdadadadadadadbdadadadadadadbdbdbdbdbdbdbdbdbdbdbdbdb
dadadbdbdadadadadadadbdadadadadadadadbdbdbdbdbdbdbdbdbdbdbdb
dadadadadadbdadadadadadadadadadadadadadadbdbdbdbdbdbdbdbdbdb
dadadadadadadadadadadadadadadbdadadadadadadbdbdbdbdbdbdbdbdb
dadadadadadadadadadadadadadadadadadadadadadbdbdbdbdbdbdbdbdb
dadadadadadadadadadbdadadadadadadadadadadadadbdbdbdbdbdbdbdb
dadadadadbdadadadadadadadadadadadadadadadadadadadadadadadada
dadadadbdadbdadadadadbdadbdadadadadadadadadadadadadadadadada
dadadadadbdadadadadadadadadadadadadadadadadadadadadadadadada
dadadadadadadadadadadadadadadadadadadadadadadadadadadadadada
dadadadadbdadadadadadadadadadadadadbdbdadadadadadadadadadada
dadadadadbdadadadbdadadbdadadadadadadbdbdadadadadadadadadada
dadadadadadadadadadadbdbdbdadadadadadadadadadadadbdbdbdbdbdb
dadadadadadadadadadadadadadadadadadadadadadadadbdbdbdbdbdbdb
dadadadadadadadadadadadadadadadadadbdbdbdbdbdbdbakakakakakak
dadadadadadadadadadadadadbdbdbdbdbdbdbdbdbdbdbakakakakakakak
dbdbdbdbdbdbdbdbdbdbdbdbdbdbdbakakakakakakakakakakakakakakak
dbdbdbdbdbdbakakakakakakakakakakakakakakakakakakakakakakakak
akakakakakakakakakakakakakakakakakakakakakakakakakakakakakak
akakakakakakakakakakakakakakakakakakakakakakakakakakakakakak
akakakakakakakakakakakakakakakakakakakakakakakakakakakakakak
akakakakakakakakakakakakakakakakakakakakakakakakakakakakakak
akakakakakakakakakakakakakakajajajajajajajajajajajakakakajaj
akakakakakakakakajajajajajajajajajadajajadadadadajajajajajaj
akakakakakakajajajajajajadadadadadadadadadadadadadadadadadad
akakakakakajajajadadadadadadabababababababababababababababab
akakakakakajajadadababababababababababababababababababababab





















































