ababababababababababababalababababababababababababababacacac
ababababababababababababalalabababalalalabababababanacacacac
abababababababababababababalalalalalabalalalalababacacacacac
ababababababababababababalalabababadadadababalanacacacacacab
ababababababababababababalababadadadajadababalacacacacacanab
ababababababababalalalalalababadajajajadababacacacacacababab
abababababababalalababababababadajajajadabacacacacacanababab
ababababababalalababababababadadajajajadabacacacacababababab
ababababababalabababababababadajajajadadanacacacanababababab
ababababababalanabanabanababadadajadadabacacacalabababababab
abababababanalacacacacacacabanadadadanacacacacalabababababab
abababanabacacacacacacacacacababababacacacacanalabababababab
abanabacacacacacacacacacacacacabanacacacacababalababababanab
abacacacacacacacacacacacacacacacacacacabababalalabababababab
acacacacacacacacacanabanacacacacacacanababalalababababababab
acacacacacacacanababababacacacacalalalalalalabababababababab
acacacacacanababababababanacacacacanalababababababababababab
acacacanabababababababababacacacacalalababababababababababab
acanabababababababababababanacacacacanabababababanababababab
ababababababababababababababacacacacabababababababanabababab
ababababababababababababababanacacacacanabababababababababab
abababababababababababababababacacacacababababababababababab
abababababababababababababababacacacacababababababababababab
ababababababababababababababanacacacacanabababababababababab
ababababababanababababababababacacacacabababanababababababab
abababababababababababababababacacacacababababababababababab
abababababababababababababababacacacacababababababababababab
abababababababababababababababacacacacababababababababababab
ababababababababababababababanacacacacanabababababababababab
abababababababababababababababacacacacababababababababababab





















