aaaaaaaaaaaaaaaaaaaaaaaaaaaaaaaaaaaaaaaaaaaaaaaaaaaaaaaaaaaa
aaaaaaaaaaaaaaaaaaakaaaaakakakaaakaaaaakaaaaaaaaaaaaakakaaaa
aaaaaaaaaaaaakakakakakakakakakakakakakakakakakdbakakakakakak
aaaaaaaaaaaaakakdbdbdbdbdbakdbdbdbakakakdbdbakdbdbakakdbakak
aaaaaaaaakakakdbdbdbdbdbdbdbdbdbdbdbdbdbdbdbdbdbdbdbdbdbakdb
aaaaaaaaakakdbdbdbdbdbdadbdbdadadbdbdbdbdbdbdbdbdbdbdbdbdbdb
aaaaaaakakdbdbdbdadadadadbdbdbdadadbdbdbdadadbdadbdbdbdadadb
aaaaakakakdbdbdadadadadbdbdadadadadadadadadadadadadadadadada
aaaaaaakakdbdbdadadadadadadadadadadadadadadadadadadadadadada
aaaaakakdbdbdbdbdadadadadadadadadadadadadadadadbdadadadadada
aaakakakakdbdbdbdbdadadadadadadadadadadadadadadbdadadadadada
aaaaakakdbdbdbdadadadadadbdbdadadadadadadadadadbdbdadadadada
aaaaakakdbdbdbdbdadadadadadadadadadadadadadadadadadadadadada
aaaaakakdbdbdbdadadadadadadadadadadadadadbdadbdbdadadadadada
aaakakakdbdbdbdadadadadadadadadadadadbdadadadadadbdbdadadada
aaaaakakakdbdbdbdbdadadadadadadadadbdbdadadadadadadadadadada
aaaaakakdbdbdbdbdadadadadadadadadadadadadadadadadadadadadada
aaaaakdbdbdbdbdadadadadadadadadadadadadadadadadadadadadadada
aaaaakakdbdbdbdadadadadadbdbdadadadadadadadadadadadbdadadada
aaaaaaakakdbdbdbdadadadadbdbdbdbdadadadadadadadbdadbdadadada
aaaaaaakdbdbdbdbdadadadadbdbdbdadadadadadadbdadadadbdadadada
aaaaaaakdbdbdbdbdadadadadbdbdbdadadadadadbdadadbdbdadadadada
aaaaaaakdbdbdbdadadadadadadadadadadadadadbdbdbdadadbdadadada
aaaaaaakdbdbdbdbdadadadadadadadadadadadbdadadbdadadbdadadada
aaaaakakakdbdbdadadadadadadadadadadadadadadadadadadadadadada
aaaaakakakdbdbdadadadadadbdadadadadadadadadadadadadadadadada
aaaaakakdbdbdbdbdadadadbdbdadadadadadadadadadadadadadadadada
aaaaaaakdbdbdbdbdadadadadadbdadadadadadadadadadadadadadadada
aaaaakakakdbdbdadadadadadadadadadadadadadadadadadadadadadada
aaaaaaakakdbdbdbdadadadadadadadadadadadadadadadadadadadadada
















