abababaladajakakadababababababanababababababababalababababab
abababaladajakakadadabababababababababababababababababababab
abanabaladajakakajadadababababababababababababalabababababab
abababaladajakakakajadadababababababababababalababababababab
abababaladadajakakakajadadabababababanababalabababanabababab
abababalaladadakakakakajadadabababababababababababababababab
abababalalaladajakakakakajadadababababababalabababababanabab
ababalalabaladajajakakakakajadadababababababalababababababab
abalalababaladadajakakakakakajadababanababababalabababababab
abalababababaladadajakakakajadadabababababalabababababanabab
abalababababalaladajajakakadadabababababalababalabababababab
abalabababababaladadadakakadababababababalababalabababababab
alalabababababalalalamakakamamalababalabababababalabalababab
abalalababanababalalamamakakamadalababababababababalabababab
ababalabababababaladadajakakajadababababababababababalababab
ababalalababababaladajakakakajadababababababababababababalab
abababalalabababaladajajakakajadabababababababababababababab
ababababalabababaladadajakakajadadababababababababababababal
ababababalalababalaladadajakakajadadabababababababababababab
abababababalabababalabadadakakajajadababanababanabababababab
abanabababalalalabalababadajakajadadababababababanababababab
abababababababalabalabadadakakajadababababababababababababab
ababababababalalabaladadajakakadadabababababanababababababab
abababababalalababaladajakakajadadababababababababababanabab
abababababalanababaladajakakajajadadabababababababababababab
abababababalalalanaladajajakakajajadabanabababababababababab
abababababababalalaladadajajakajajadabanabababababababababab
abababababababababalaladadajakajajadabababababanababanababab
ababababababababababalaladakakajadadabababababababababababab
abababababababababababaladakakajadadabababababababababababab


















