bjaeajajajaeabababababababababababalabababababababababababab
bjaeajajajaeabababababababababababalabababababababababababab
bjaeaeajajaeaeababababababababababalabababababababababababab
alalaeajajajaeaeabababababababababalabababababababababababab
bjalaeajajajajaeabababababababababalabababababababababababab
bjalaeaeajajajaeaeababababababababalabababababababababababab
bjalalaeaeajajajaeaeabababababababalabababababababababababab
bjbjalalaeajajajajaeaeababababababalalababababababababababab
bjbjbjalaeajajajajajaeaeababababababalababababababababababab
bjbjbjalaeaeajajajajajaeababababababalalabababababababababab
bjbjbjalalaeajajajajajaeaeababababababalabababababababababab
bjbjbjbjalaeaeajajajajajaeaeabababababalalababababababababab
bjbjbjbjalalaeajajajajajajaeababababababalababababababababab
bjbjbjbjbjalaeaeajajajajajaeababababababalabababababababalal
bjbjbjbjbjalalaeajajajajajaeaeabababababalabababababababalab
bjbjbjbjbjbjalaeajajajajajajaeabababababalalalalalalalalalab
bjbjbjbjbjbjalaeaeajajajajajaeababababababalabababababababab
bjbjbjbjbjbjalalaeajajajajajaeaeabababababalabababababababab
bjbjbjbjbjbjbjalaeaeajajajajajaeaeababababalabababababababab
alalalalalalalalbjaeaeajajajajajaeababababalabababababababab
bjbjbjbjbjbjbjalbjbjaeajajajajajaeaeabababalabababababababab
bjbjbjbjbjbjbjalbjbjaeajajajajajajaeabababalabababababababab
bjbjbjbjbjbjbjalbjbjaeaeajajajajajaeabababalabababababababab
bjbjbjbjbjbjbjalbjbjbjaeajajajajajaeabababalalababababababab
bjbjbjbjbjbjalalbjbjbjaeajajajajajaeababababalababababababab
bjbjbjbjbjbjalbjbjbjbjaeaeajajajajaeababababalababababababab
bjbjbjbjbjbjalbjbjbjbjbjaeajajajajaeababababalababababababab
bjbjbjbjbjalalbjbjbjbjbjaeaeajajajaeababababalalabababababab
bjbjbjbjbjalbjbjbjbjbjbjbjaeaeajajaeabababababalalababababab
bjbjbjbjbjalbjbjbjbjbjbjbjbjaeajajaeababababababalababababab




























