abababababababababababababababalabababababababababababababab
ababababababababababababababalalalalalababababababababababab
ababalalalalababababalalalalalabababalalabababababababababab
alalalababalalalabalalababababababababalalababababababababab
abababababababalalalababababababababababalalababababababalal
ababababababababalababababababababababababalabababababalalab
abababababababanalanabababababababababababalalababababalabab
abababababababacacacacanababababababababababalabababalalabab
abababanabanacacacacacacabanababababababababalalabalalababab
abababacacacacacacacacacacacacanabababababababalalalabababab
abanacacacacacacacacacacacacacacacanabanabababababalalababab
abacacacacacacacacacacacacacacacacacacacababababababalababab
acacacacacacacacacanabacacacacacacacacacacanababababalababab
acacacacacacacacabababanabanacacacacacacacacacanababalababab
acacacacacacacacabaeaeaeaeababacacacacacacacacacababalababab
acacacacacacacacabaeajajaeaeabanabacacacacacacacacanalababab
alanabacacacacacanaeaeajajaeaeaeabanabacacacacacacacalababab
alalababacacacacababaeaeajajajaeaeaeabanabacacacacacacababab
abalabanacacacacacanabaeajajajajajaeaeaeabanacacacacacanabab
abalabababacacacacacabaeaeajajajajajajaeaeababacacacacacabab
abalabababanacacacacanabaeaeajajajajajajaeaeabacacacacacabab
abalabababababacacacabababaeaeajajajajajaeaeabacacacacacacan
abalalababababanacacacacanabaeajajajajaeaeababacacacacacacac
ababalabababababacacacacacabaeaeajajajaeababacacacacacacacac
ababalabababababanacacacacanabaeajajajaeababacacacacacacacac
ababalalabalalalalacacacacacabaeajajaeaeabacacacacacacacacac
abababalalalabababanacacacacanaeajaeaeababacacacacacacacacac
abababalalabababababacacacacabaeajaeababacacacacacanabanacac
abababalabababababanacacacacanaeajaeabacacacacacabababababan
abababalababababababacacacacabaeaeaeacacacacacanabababababab






























