dadadadadadadadadadadadadadadadadadadadadadadadadadadadadada
dadadadadadadadadadadadadadadadadadadadadadadadadadadadadada
dadadadadadadadadadadadadadadadadadadadadadadadbdadadadadadb
dadadadadadadadadadadadadadadadadadadbdbdadbdadadadadadadbdb
dadadadadbdbdbdbdadadadadadbdadadadadadadadadadadadadadadbak
dadadadadbdbdbdbdadadadbdbdadadadadadbdadadadadadadadadadbak
dadadadadadadadadadadadadadadadadadadadadadadadadadadadbdbak
dadadadadadadadadadadadadadadadadadadadadadadadadadadbdbakak
dadadadadadadbdadadadadadadadadadadadadadadadadadadadbakakak
dadadadadbdbdadadadadadadbdadadbdadadadadadadadadadbdbakakak
dadadadadadadadadadadadadbdbdadadadadadadadadadadbdbakakakak
dadadadbdadadbdadadadadadbdadadadadadadadadadadbdbakakakakak
dadadadadadadadadadadadadadadbdadadadadadadadadbakakakakakak
dadadadadadadadadadadadadadadadadadadadadadadadbakakakakakak
dadadadadadadadbdbdadadadadadadadadadadadadbdbdbakakakakakak
dadadadadadbdadadadadadadadbdadadadadadadadbakakakakakakakak
dadadadadadadadadadadadadadbdadadadadadadadbakakakakakakakak
dadadadadadadadadadbdadadadadadadadadadadbdbakakakakakakakak
dadadbdadadadadbdadadbdadadadbdadadadadadbakakakakakakakakak
dadadadadadadadbdadbdadadadadadadadadadbdbakakakakakakakakak
dadadadadadadadadadbdadadadadadadadadbdbakakakakakakakakakak
dadadadadadadadadadadadbdadadadadadadbakakakakakakakakakakak
dadadadadadadadadadadadadadadadadadbdbakakakakakakakakakakak
dadadadbdadadadadadadadadadadadadadbakakakakakakakakakakakak
dadadadbdadadadadadadadadadadadbdbdbakakakakakakakakakakakak
dadadbdbdbdbdbdadadadadadadadadbdbdbakakakakakakakakakakakaj
dadadadadadadbdadadadadadadadbdbdbakakakakakakakakakakakakaj
dadadadadadadadadadadadadadadbdbdbakakakakakakakakakakakakaj
dadadadadadadadadadadadadadadbdbdbakakakakakakakakakakakakaj
dadadadadadadadadadadadadadbdbdbdbakakakakakakakakakakakakaj



























































