aaaaaaaaakdbdbdadadadadadadadadadadadadadadadadadadadadadada
aaaaaaakakdbdbdadadadadadadadadadbdadadadadadadadadadadadada
aaaaaaakakdbdbdbdadadadadadadadadbdbdadadadadadadadbdadadada
aaaaaaaaakdbdbdbdadadadadadadadadbdbdadadadadadadbdbdadadada
aaaaaaakakdbdbdadadadadadadadadadadadadadadadbdbdbdadadadada
aaaaaaaaakdbdbdadadadadadadadadadadadadadadadadadadadadbdada
aaaaakakakdbdbdbdadadadadadadadadadadadadadadadadadadbdadada
aaaaakakakdbdbdadadadadadadadadadadadadadadadadadadadbdbdada
aaaaaaakakdbdbdadadadadadadadadadadadadadadadadadadadadadada
aaaaakakdbdbdbdbdadadadadadadadadadadadadadbdbdadadadadadada
aaakakakakdbdbdbdbdadadadadadadbdbdadadadadadadadadadadadada
aaaaakakdbdbdbdbdbdadadadadadbdbdadadadadadadadadadadadadada
aaaaakakdbdbdbdbdadadadadadadbdadadadadadadadadadadadadadada
aaaaakdbdbdbdbdbdadadadadadadadadadadadadadadbdadadadadadada
aaakakdbdbdbdbdadadadadadadadadadadadadadadadadadadadadadada
aaaaakakakdbdadadadadadadadadadadadadadadbdadadadadadadadada
aaaaakakdbdbdadadadadadadadadadadadadadadadadadadadadadadada
aaaaakakakdbdbdadadadadadadadadadadadadadadadadbdbdadadadada
aaaaaaaaakdbdbdbdadadadadadadadadadadadbdbdadbdbdbdadadadada
aaaaaaakakdbdbdbdadadadadadadadadadadbdbdbdbdbdbdbdadadadada
aaaaaaakdbdbdbdbdadadadadadadadadadadbdbdbdbdbdbdbdadadadada
aaaaaaakdbdbdbdbdbdadadadadadbdadadadbdadadadbdbdbdadadadada
aaaaaaakakdbdbdadadadadadadadbdadadadadadadadbdbdbdadadadada
aaaaaaakakdbdbdadadadadadadadadadadadadadadbdbdbdadadadadada
aaaaaaaaakdbdbdadadbdbdbdadadadadadadadadbdbdbdbdadadadadada
aaaaakakdbdbdbdbdadadbdbdadadadadadadadadbdbdbdadadadadadada
aaaaaaakdbdbdadadadadadadadadadadadadadadadadadadadadadadada
aaaaaaakdbdbdbdadadadadadadadadadadadadadadadadadadadadadada
aaaaakakakdbdbdadadadadadadadadadadadadadadadadadadadadadada
aaaaakakakdbdbdadadadadadadadadadadadadadadadadadadadadadada















