bjbjbjbjbjbjbjbjbjbjbjbjbjbjbjbjbjbjbjbjbjbjbjbjbjalabababab
bjbjbjbjbjbjbjbjbjbjbjbjbjbjbjalalalalalalalbjbjbjalabababab
bjbjbjbjbjbjbjbjbjbjbjbjbjbjalalbjbjbjbjbjbjalalalalabababab
bjbjbjbjbjbjbjalalalalalalalalbjbjbjbjbjbjbjbjbjbjalabababab
bjbjbjbjbjbjbjalbjbjbjbjbjbjbjbjbjbjbjbjbjbjbjbjalalabababab
alalalalalalalalbjbjbjbjbjbjbjbjbjbjbjbjbjbjbjalalababababab
bjbjbjbjbjbjbjalalalbjbjbjbjbjbjbjbjbjbjbjbjalalabababababab
bjbjbjbjbjbjbjbjbjalbjbjbjbjbjbjbjbjbjbjbjbjalababababababab
bjbjbjbjbjbjbjbjbjalbjbjbjbjbjbjbjbjbjbjbjbjalabababababalal
bjbjbjbjbjbjbjbjbjalbjbjalalalalalalalbjalalalababababalalbj
bjbjbjbjbjbjbjbjbjalalalalabababababalalalbjalalalalalalbjbj
bjbjbjbjbjbjbjbjbjalabababababababababalbjbjbjbjbjbjbjbjbjbj
bjbjbjbjbjbjbjbjbjalabababababababababalbjbjbjbjbjbjbjbjbjbj
bjbjbjbjbjbjbjbjbjalababababababababalalbjbjbjbjbjbjbjbjbjbj
bjbjbjbjbjbjbjalalalababababababababalbjbjbjbjbjbjbjbjbjbjbj
bjbjbjbjbjbjbjalababababababababababalbjbjbjbjbjbjbjbjbjbjbj
bjbjbjbjbjbjbjalabababababababababalalbjbjbjbjbjbjbjbjbjbjbj
abbjbjbjbjbjbjalabababababababababalbjbjbjbjbjbjbjbjbjbjbjbj
ababbjbjbjalalalababababababalalalalbjbjbjbjbjbjbjbjbjbjbjbj
alalalalalalababababababababalababalbjbjbjbjbjbjbjbjbjbjbjbj
ababababababababababababalalalababalbjbjbjbjbjbjbjbjbjbjbjbj
ababababababababababababalababababalbjbjbjbjbjbjbjbjbjbjbjbj
abababababababababababalalabababbjalbjbjbjbjbjbjbjbjbjbjbjbj
abababababababababababalabababbjbjalbjbjbjbjbjbjbjbjbjbjbjbj
abababababababababababalalababbjbjalalalalalalalalbjbjbjbjbj
ababababababababababababalababbjbjbjbjbjbjalbjbjalalalalbjbj
ababababababababababababalababbjbjbjbjbjbjalbjbjbjbjbjalbjbj
abababababababababalalalalababbjbjbjbjbjbjalalalbjbjbjalalal
abababababababababalabababbjbjbjbjbjbjbjbjbjbjalalbjbjbjbjbj
abababababababababalababbjbjbjbjbjbjbjbjbjbjbjbjalbjbjbjbjbj

































