aberemabababalabababababanacacacacanababababalababababababab
aberemabababalababababababacacacacabababababalababababababab
abeyemabababalababababanacacacacacanababababalababababababab
aletetalalalalabababababacacacacababababababalababababababab
abesemabababalababababanacacacacanabababababalababababababab
aberemabababalabababababacacacacacabababababalalabababababab
abeyemabababalalababababanacacacacanabababababalabababababab
elememababababalabababababacacacacababababababalabababababab
ebababababababalabababanacacacacacanabababababalabababababab
abababababababalalalalalacacacacababababababalalabababababab
abababababababalabababanacacacacanabababababalababababababab
abababababababalabababababacacacacabababababalababababababab
abababababababalababababanacacacacanababababalababababababab
ababababababalalababababacacacacacabababababalababababababab
abababababalalababababanacacacacanabababababalababababababab
abalalalalalababababababacacacacabababababalalababababababab
alalababababababababababanacacacacanabababalabababababababab
abalabababababababababababacacacacababababalabababababababab
abalalababababababababanacacacacanababababalalalalalalalabab
ababalalababababababababacacacacalalalalalalababababaqalalal
abababalabababababababanacacacacacanabababababababarasababab
abababalabababababababababacacacacabababababababarasasasabab
abababalalabababababababanacacacacanabababababaqasasasasasab
ababababalalababababababacacacacacabababababaraqarasasasasas
abababababalabababababanacacacacanababababarapaqaparasasasaq
abababababalababababababacacacacababababaqapapbkapapaqasapaq
ababababalalababababababanacacacacanabaraqarararararaqarapaq
abababalalababababababababacacacacalalabaqapapapapapaqapapaq
abababalabababababababanacacacacanabalalaqapapaoapapaqapatat
abababalababababababababacacacacabababalalalalalabababababab








































