ababababababababababababababalababababababababababababababab
abababababababababababababalabalabababababababababababababab
ababababababababababababababababalababababababababababababab
ababababababababababalabalabababababababababababanababababab
abababababababababalabababababababababababababababababababab
ababababababababababababababababalalabababababababababababab
ababababababababalalabababababababababababababababababababab
ababababababalababababababababababalalababababababanabababab
abababababalalabababababababanababababababababababababababab
abababalababababanabababababababababalabalababababababababan
ababalabababababababababababababababababalababababababababab
alabababababababababababababanababababababababababababababab
abalalabababababababababababababababababalabanababababababab
abababalababababababababababababababanababalabababababababab
ababababalabalababababababababababababababababababababababab
ababababababalalabalabababababababababababalabababababababab
ababababababababababalalababalabababababababalababababababab
ababababababababababababababalabalabalabababalababababababab
anababababababababababababababababababababalabababababababab
ababababanababababababababababalabababababababalabababababab
abababababababababanabababababalabababanababababababalababab
ababababababababababababababababalababababababababababalabal
abababababababababababababababababababababababababababababab
adababadadabababadaeababadaeabalababaeababadabaeadababababae
aeadaeadaeaeadaeadadaeaeadadadadaladaeadadaeadadadaeadadadad
adajajadadajaeadajadadadadajajamamadajadadajajadadajadajajad
ajajadadajajadajajadajadadadajamamajajadajajajajadajadajadad
ajajajajajajajajajajajajajajajajamamajajajakakajajajajajajaj
akakajajakajakakakajajajajajakakajajajajajakakajakakajakajaj
akakakakakakakakakakakakakakakakakakakakakakakakakakakakakak












