aaaaaaaaaaaaaaaaaaaaaaaaaaaaaaaaaaaaaaaaaaaaaaaaaaaaaaaaaaaa
aaaaaaaaaaaaaaaaaaaaaaaaaaaaaaaaaaaaaaaaaaaaaaaaaaaaaaaaaaaa
akakakakakakakakakakakakaaaaaaaaaaaaakakakakakakakaaaaaaakak
akakakakakakakakakakakakaaaaaaaaaaaaakakakakakakakakakakakak
dbdbdbdbdbdbdbdbdbakakakaaaaaaakakakakdbdbdbdbdbdbajajajdbdb
dbdbdbdbdbdbdbdbakakakakakakakakakakakdbdbdbdbdbdbdbdbdbdbdb
dadadadadadadbdbakakakakakakakakdbdbdbdbdbdadadadadbdbdbdada
dadadadadadadbdbdbakakakakakdbdbdbdbdbdbdadadadadadadadadada
dadadadbdbdbdbdbdbakakakdbdbdbdbdbdbdadadadadadadadadadadada
dadbdbdbdbdbdbdbdbdbdbdbdbdbdbdbdbdbdadadadadadbdadadadadada
dbdbdbdbdbdbdbdbdbdbdbdbdbdbdbdbdbdbdadadadadadadadadadadada
dbdbdbdbdbdbdbdbdbdbdbdbdbdbdbdbdadadadadadbdadadadadadadada
dbdbdbdbdbdbdbdbdbdbdbdbdbdbdbdadadadadadadadadadadadadadada
dbdbdbdbdbdbdbdbdbdbdbdbdbdadadadadadadadadadadadadadadadada
dbdbdbdbdbdbdbdbdbdbdbdbdadadadadadadadadadadadbdbdadadadada
dbdbdbdbdbdbdbdbdbdbdbdbdbdbdadadadadadadadadadbdadadadadada
dbdbdbdbdbdbdbdbdbdbdbdbdbdadadadadadadadadadadbdadadbdadada
dbdbdbdbdbdbdbdbdbdbdbdadadadadadadadadadadadadadadadadadada
dbdbdbdbdbdbdbdbdbdadadadadadadadadadadadadadadadadadadadada
dbdbdbdbdbdbdbdbdbdbdadadadadadadadadadadadadadadadbdadadada
dbdbdbdbdbdbdbdbdbdbdbdadadadadadadadadadadadadadadbdbdbdada
dbdbdbdbdbdbdbdbdbdbdbdadadadadadadadbdadadadbdadadadadadada
dbdbdbdbdbdbdbdadadadadadadadadadadadadadadadadadadbdadadada
dbdbdbdbdbdadadadadadadadadadadadadadadadadadadadadadadbdada
dbdbdbdbdbdbdbdadadadadadadadadadadadadadadbdadadadadadadada
dbdbdbdbdbdbdadadadadadadadadadadadadadadadadadbdadadadadada
dbdbdbdadadadadadadadadadadadadadadadadbdbdadbdadadadadadbda
dbdbdbdadadadadadadadadadadadadadadadadadbdadbdadadadadadada
dbdbdbdbdadadadadadadadadadadadadadadadadadadadadbdadadadada
dbdbdbdbdadadadadadadadadadadadadadadadadadadadadadadadadada





























































