dadadadadadadadadbdbdbdbdbdbdbdbdbdbdadadadadadadadadadadada
dadadadadadadadbdbdbdbdbdbdbdbdbdbdadadadadadadadadadadadada
dadadadadadadadbdbdbdbdbdbdbdbdbdbdadadadadadadadadadadadada
dadadadadadadadbdbdbdbdbdbdbdbdbdbdadadadadadadadbdbdadadada
dadadadbdadadadadbdbdbdbdbdbdbdbdbdbdadadadadadadbdadadadbda
dadadadadadadadadbdbdbdbdbdbdbdbdbdbdadadadadadadadadadadada
dadadadbdadadadadadbdbdbdbdbdbdbdbdbdbdadadadadadadadadadbda
dadadadadbdbdadadadbdbdbdbdbdbdbdbdbdbdadadadadadbdbdadadada
dadadadadadadadadbdbdbdbdbdbdbdbdbdbdadadadadadadbdbdadadada
dadadadadadadadadbdbdbdbdbdbdbdbdbdbdadadadadbdadadadadadada
dadadadadadadadadbdbdbdbdbdbdbdbdbdbdadadadadadadadadadadada
dadadadadadadadbdbdbdbdbdbdbdbdbdbdadadadadadadadadadadadada
dadadadadadadadbdbdbdbdbdbdbdbdbdbdadadadadadadadbdadadadada
dadbdadadadadbdbdbdbdbdbdbdbdbdbdadadadadadadadadadadadadada
dadbdadadadadbdbdbdbdbdbdbdbdbdbdadadadadadadadadadadadadada
dadadadbdadadadbdbdbdbdbdbdbdbdbdbdadadadadadadadadadadadada
dadadadbdadadadbdbdbdbdbdbdbdbdbdbdadadadadadadbdadadadadada
dadadadadadadadadbdbdbdbdbdbdbdbdbdbdadadadbdadbdadadbdadada
dadbdadadadadadadbdbdbdbdbdbdbdbdbdbdadadadadadadadadadadada
dadadadadbdadbdbdbdbdbdbdbdbdbdbdbdadadadadadadadadadadadada
dadbdadadbdadadbdbdbdbdbdbdbdbdbdbdadadadadbdadadadadadadada
dadbdadadadadbdbdbdbdbdbdbdbdbdbdadadadadadadadadadadadadada
dadadadadadadbdbdbdbdbdbdbdbdbdbdadadadadadadadadadadadadada
dadadbdadadbdbdbdbdbdbdbdbdbdbdadadadadadadadadadadadadadada
dadadadadadbdbdbdbdbdbdbdbdbdbdadadadadadadadadadadadadadada
dadbdadadbdbdbdbdbdbdbdbdbdbdadadadadadadadadadadadadadadada
dadadadadbdbdbdbdbdbdbdbdbdbdadadadadadadadadbdadadadadadada
dadadadbdbdbdbdbdbdbdbdbdbdadadadadbdbdadadadadadbdadadadada
dadadadbdbdbdbdbdbdbdbdbdbdadadadbdbdadadadadadadadadadadada
dadadbdbdbdbdbdbdbdbdbdadadadadadadadadadadadadadadadadadada














































