abababababababababababababababababababababababababababalalab
abababababababababababababababababababababababababababalabab
ababababababababababababababababababababababababababalalabab
abababababababababababababababababababababababababalalababab
ababababababababababababababababalalalalalalabababalabababab
ababababababababababababababalalalalabababalalabalalabababab
ababababababalalalalabababalalabababababababalalalababababab
ababababababalabalalababalalabababadadadabababababababababab
ababababalalalababalalabalabababadajajadabababababababababab
alalabalalabababababalalalababadadajadababababababababababab
abalalalababababababababalalabadajajadababababababababababab
abababababababababababababalaladajajadababababababababababab
ababababababababababababababamamajadabababababababababababab
ababababababababababababababadamamababababababababababababab
ababababababababababababababadajamalabababababababababababab
ababababababababababababababadajalalabababababababababababab
ababababababababababababababadajadalabababababababababababab
abababababababababababababadadajadalalababababababababababab
abababababababababababababadajajadabalalabababababababababab
abababababababababababababadajadadababalabababababababababab
abababababababababababababadajadabababalalababababadadadadad
abababababababababababababadajadabababalalabababadadajajajaj
abababababababababababababadajadabababalalababadadajajakakak
abababababababababababababadajadabababalaladadadajajakakakak
adadadadadadadadadadadadadadajadadadadamamadajajajakajajajaj
ajajajajajajajajajajajajajajajajajajajamamajajakakajajadadad
akakakakakakakakakakakakakakakakakakakamamakakakajajadadabab
akakakakakakakakakakakakakakakakakakakamamakajajajadadababab
ajajajajajajajajajajajajajajajajajajajamamajajadadadabababab
adadadadadadadadadadadadadadadadadadadamamadadadabababababab
