aaaaaaaaaaaaaaaaaaaaaaaaaaaaaaaaaaaaaaaaaaaaaaaaaaaaaaaaaaaa
aaaaaaaaaaaaaaaaaaakakakaaaaaaaaakakaaaaakaaaaaaaaaaaaaaakaa
akakakakakakakakakakdbakakakakakakakakakakakakakakakakakakak
akakakdbakdbakakakdbdbdbakakakakdbdbakakakdbdbdbdbakakdbdbak
dbdbdbdbdbdbdbdbdbdbdbdbdbdbdbdbdbdbdbdbdbdbdbdbdbdbdbdbdbdb
dbdbdbdadadbdbdbdbdadadadbdbdbdbdbdbdbdbdbdbdadadadbdbdadadb
dadbdadadadadbdadbdadadadadadadbdadadbdadadadadadadbdadadada
dadadadadadadadadadadadadadadadadadadadadadadadadadadadadada
dadadadadadadadadadadadadadadadadadadadadadadadadadadadadada
dadadadbdadadbdadadadadadadadadadadadadadadadadbdadadadbdada
dadadadadadadadadadadadadadadadadadadadadbdadadadadadadadada
dadadadadadadadbdadadbdbdadadadadadbdadadbdbdadadadadadadada
dadadadbdadadadbdbdadadadadadadadadadadadadadadadadadadadada
dadadadadbdadadbdadadadadadadadadadadadadadadadadadadadadada
dadadadadadadadadadadadadadbdadadadadadadadadadbdadadadadada
dadadadadadadadadadbdadadadadadbdadadbdadadadadadadadbdadada
dadadadadadadadbdbdadadadadadbdadbdadadadadadbdadadbdadadada
dadadadadadadadadadadadadadadadadadadadadadadadadadbdbdadada
dadadadadadadadadadadadadadadadadbdadadadadadadadadadbdadada
dadadadbdadadadadadadadadbdadadadadadadbdadadadadbdadadadada
dadadadbdadadadadadadadadbdadadadadadadadadadadadadadadadada
dadadadadadadbdbdadadadadadadadadadadadadadadadadadadadadada
dadadadadadadadadadbdadadadadadadadadadadadadadadadadadadada
dadadadadadadadbdadadadbdadadadadadadbdadadadbdadadadadadada
dadadadadadadadadadadadadadadadadbdadadadadadadbdbdadadadada
dadadadadadadadadadadadbdadadadbdadadadadadadbdbdbdadadadada
dadadbdadadadadadadadadadadadadadadadadadadadadadadadadadada
dadadadadadadadadadadadadadadadadadadbdadadadadadadadadadada
dadadadadadbdadadadadadadadadadadadadadadadadadadadadadadada
dadadadadadadadbdadadadbdadadadadadadadadadadadadadadadadada





















