ababababababababababababababababalababababababababababababab
abababababababababababababababalalababababababababababababab
ababababababababababababababalalababababababanababababababab
ababababababababababababababalababababababababababababababab
alabababababababababababababalalalalalababababababababababab
alalalalababababababalalalalalabababalalalababababalalalalal
abababalalalababalalalabababalabababababalalalalalalabababab
abababababalalalalabababababalababababababababababababababab
abababababababababababababalalabanabababaeadadaeadadadaeabab
abababababababababababababalababababaeadajajajajajajajajaead
ababababababanababababababalabanababadajajajajajajajajajajad
ababanababababababababababalalabababadajajajajajajajajajajad
ababababababanababababababalabanababadajajajakajajakakajajad
abababababababababababababalalabababadaeajajakakakakakajajae
abababanababababababababababalabababaeadajajakakakakakajajad
ababababababababababababababalabababadadajajakakakakakajajae
abababababababababababababalalabababadajajajajakakakakajajad
abababababababababababababalabababaeaeajajajajajajajajajajad
abababababababababababababalalababababadajajajajajajajajajae
ababababababababababababababalababababadadajajajajajajajadad
abababababanababababababalalalababanababadaeadaeadaeadadabab
ababababababababababalalalabalalabababababababababababababab
abababababababababalalababababalabababababanababababababanab
abababababalalalalalabababababalalababababababababababababab
ababababalalalabababababababababalababababababababababababab
alalalalalabababababababababababalalalalabababababababalalal
ababababababababababanabababababalababalalalalababalalalabab
ababababababababababababababababalabababababalalalalabababab
abababababababababababababababalalababababababababababababab
abababababababababababababababalabababababababababababababab











