dadadadadadadadadadadadadadadadadadadadadadadadadadadadadada
dadadadadadadadadadadadadadadadadadadadadadadadadadadadadada
dadadadadadadadadadadadadadadadadadadadadadadadadadadadadada
dadadadadadadadadadadadadadadbdadadadadadadadadadbdbdadadada
dadadadbdadadadadbdadadadadadadadadadadbdbdadadadadadadadada
dadadadadadbdadadadadadadadadbdbdadadadadbdbdadadadadadadada
dadadadadadadadadadadadadadadadbdadadadadadadadadadadadadada
dadadadadadadadadadadadadadadadbdadadadadadadadadadbdadadada
dadadadadadadadbdadbdadadadadadadadadadadadadadadadadadadada
dadadadadadbdadadadadadadadadadadadadadadadadadadadadadadada
dadadadadadadadadadadadadadadadadadadadadadadbdadadadadadada
dadadadadadadadadadadadadadadadadadadadadadadadadadadadadada
dadadadadadadadadadadbdadadadadadadadadadadadadbdadadadadada
dadadadadadadadadadadadadadadadadadadadadbdadadbdbdadadadada
dadadadadadadadadadadadbdadadbdadadadadadadadadadadadadadada
dadadadadadadadadadadadadadbdadbdadadadadadadadadadadadadada
dadadadadadadadadadadadadadadadadadadadadadadadadadadadadada
dadadadadadadbdadadadadadadadadadadadadadadbdadadadadadadada
dadadadadadadadbdbdadadadadadadadadadadadadadadadbdadbdadada
dadadadadadadadadadadadadadadadadadadadadadadadadadadadadada
dadadadadadadadadadadadadadadadadadadadadadadadadadadadadada
dbdadadadadadadadadadadadadadadbdadadadadadadadadadadadadada
dbdbdbdbdbdbdadadadadadadadadadadbdbdadadadbdadadadadadadada
dbdbdbdbdbdbdbdbdbdbdadadadadadadadbdadadadadadbdadadadadada
dbdbdbdbdbdbdbdbdbdbdbdbdbdadadadadadadadadadadadadbdbdadada
dbdbdbdbdbdbdbdbdbdbdbdbdbdbdadadadadadadadadadadadadadadada
dbdbdbdbdbdbdbdbdbdbdbdbdbdbdbdadadadadadadadadadadadadadada
dbdbdbdbdbdbdbdbdbdbdbdbdbdbdbdbdbdadadadadadadadadadadadada
dbdbdbdbdbdbdbdbdbdbdbdbdbdbdbdbdbdbdadadadadadadadadadadada
dbdbdbdbdbdbdbdbdbdbdbdbdbdbdbdbdbdbdadadadadadadadadadadada

















































