dadadadadadadadadadadadadadadadadadadadbdbdbakakakakakajajad
dadadadadadadadadadadadadadadadadadadbdbdbakakakakakakajadad
dadadadbdbdadadbdadbdadadadadadadadbdbakakakakakakakakajadab
dadadadadadbdadadadadbdadadadadadadbdbakakakakakakakajajadab
dadadadadadadadadbdadadadadadadbdbdbakakakakakakakakajadadab
dadadadbdadadadadadadadadadadadbdbakakakakakakakakajajadabab
dadadadadbdadadadadadadadadadbdbdbakakakakakakakajajadadabab
dadadadadadadadadadbdbdbdadadbdbdbakakakakakakakajadadababab
dadadbdadadadadadbdbdbdbdbdbdbdbakakakakakakakajajadabababab
dadadbdadadadbdbdbdbakakdbdbdbakakakakakakakajajadadabababab
dadbdadadadadbdbdbakakakakakakakakakakakakakajadadababananab
dadadadadadbdbdbakakakakakakakakakakakakakajajadabababananab
dadadadadadbdbakakakakakakakakakakakakakajajadadabababababab
dadadadadbdbdbakakakakakakakakakakakakajajadadababababababab
dadadadbdbdbakakakakakakakakakakakajajajadadabababababababab
dadadbdbdbakakakakakakakakakakakajajadadadababababababababab
dadbdbdbakakakakakakakakakakakakajadadababababababababababab
dbdbdbakakakakakakakakakakakakajajadababababanababababababab
dbdbakakakakakakakakakakakakakajadadabababababababababababab
akakakakakakakakakakakakakakakajadabababababababanababababab
akakakakakakakakakakakakakakajajadabababanabanabanababababab
akakakakakakakakakakakakakajajadadabababanababababababababab
akakakakakakakakakakakakajajadadabababababababababababababab
akakakakakakakakakakakajajadadabababababababanababanabababab
akakakakakakajajajajajajadadadababababanabababababababababab
akakakakakajajajajadadadabababababananababababababababanabab
akakajajajajadadadadababababababababababababanababababanabab
ajajajadadadadabababababababanababanabababababababanabababab
ajadadadadababababababababababababababababababababababababab
adadadabababababanababababababababababababababababababababab


























































