dadadadadadadadbdbdbdbdbdbdbdbdbdbdbdbdbdbdadadadadadadadada
dadadadadadadadadbdbdbdbdbdbdbdbdbdbdbdbdbdbdadadadadadadada
dadadadadadadadadadbdbdbdbdbdbdbdbdbdbdbdbdbdadadadadadadada
dadadadadadadadadadadbdbdbdbdbdbdbdbdbdbdbdbdadadadadadadada
dadadadadadbdbdadadadbdbdbdbdbdbdbdbdbdbdbdbdbdadadadadadada
dadadadadbdadadadadadadbdbdbdbdbdbdbdbdbdbdbdbdadadadadadada
dadadadadadadadadadadadbdbdbdbdbdbdbdbdbdbdbdbdadadbdadadbda
dadadadadadbdadadadadadadbdbdbdbdbdbdbdbdbdbdbdadadadadadada
dadadadadadadadadadadadbdbdbdbdbdbdbdbdbdbdbdbdbdadadadadada
dadadadadadadadadadadadbdbdbdbdbdbdbdbdbdbdbdbdbdbdadadadada
dadadadadadadbdadbdadadbdbdbdbdbdbdbdbdbdbdbdbdbdbdadadadada
dadadadadadadadadbdadadbdbdbdbdbdbdbdbdbdbdbdbdbdbdadadbdada
dadadadadadadadadadadadbdbdbdbdbdbdbdbdbdbdbdbdbdbdbdadadada
dadadadadadadadadadadadbdbdbdbdbdbdbdbdbdbdbdbdbdbdbdbdadada
dadadbdbdadadadadadadadadbdbdbdbdbdbdbdbdbdbdbdbdbdbdbdbdada
dadadadadadbdadadadadadadbdbdbdbdbdbdbdbdbdbdbdbdbdbdbdbdbda
dadadadadbdadadadadadadadadbdbdbdbdbdbdbdbdbdbdbdbdbdbdbdbdb
dadadadadadadadadadadadadadadbdbdbdbdbdbdbdbdbdbdbdbdbdbdbdb
dadadadadadadadadadadadadadadadbdbdbdbdbdbdbdbdbdbdbdbdbdbdb
dadadadadadadadadadbdadadadadadadbdbdbdbdbdbdbdbdbdbdbdbdbdb
dadadadadadadadadadadbdadadadadadadadbdbdbdbdbdbdbdbdbdbdbdb
dadadadadadadadadadadadadadadadadadadadbdbdbdbdbdbdbdbdbdbdb
dadadadbdadadadadadadadadadadadadadadadbdbdbdbdbdbdbdbdbdbdb
dbdbdadbdbdbdbdbdadbdbdadadadadadadadadadbdbdbdbdbdbdbdbdbdb
dbdbdbdbdbdbdbdbdbdbdbdbdbdbdadadadadadadadadbdbdbdbdbdbdbdb
akdbdbakakdbdbdbdbdbakdbdbdbdbdadadadadadadbdadadadbdbdbdbdb
akakakakakakakakdbakakakdbdbdbdbdadadadadadadadadadadadbdbdb
akakakakakakakakakakakakakdbdbdbdbdbdbdbdadadadadadadadadbdb
akakakakakakakakakakakakakakakdbdbdbdbdbdbdbdadadadadbdadada
akakakakakakakakakakakakakakakakakdbdbdbdbdbdbdbdadadadadadb
















































