aaaaaaaaaaaaaaaaaaaaaaaaaaaaaaaaaaaaaaaaaaaaaaaaaaaaaaaaaaaa
aaaaaaaaaaaaaaaaaaaaaaaaaaaaaaaaaaaaaaaaaaaaaaaaaaaaaaaaaaaa
akakakakakakakakakakakakakakakakaaaaaaaaakakakakakakakakakak
dbdbakakdbdbakakakdbdbakdbdbakakakaaaaakakakajajajajajajajaj
dbdbdbdbdbdbdbdbdbdbdbdbdbdbdbakakakakakakajajadadadadadadad
dadadadadadadadadadadadadadadbakakakakakakajajadabababababab
dadadadadadadadadadadadadbdbdbakakakakakajajadadabababababab
dadadadadadadadadadadadadbakakakakakakakajadadababababababab
dadadadadadadadadadadadadbakakakakakakakajadabababababababab
dadadadadadadadadadadadadbakakakakakakakajadabababababababan
dadadadadadadadadadadadadbdbakakakakakakajadadababababanabab
dadadadadadadadadadadadadadbakakakakakajajajadababanabababab
dadadadadadadadadadadadadbdbakakakakakakajajadabababanababab
dadadadadadadadadadadadbdbakakakakakakakajadadababababababab
dadadadadadadadadadadadbakakakakakakakajajadabababababababab
dadadadadadadadadadadadbdbakakakakakakajadadabababababababab
dadadadadadadadadadadadbdbakakakakakakajadababababababanabab
dadadadadadadadadadadadadbakakakakakakajadababababanabababab
dadadadadadadadadadadadadbakakakakakakajadadabababababababab
dadadadadadadadadadadadadbakakakakakakajajadababanababababab
dadadadadadadadadadadadbdbakakakakakakakajadadababababanabab
dadadadadadadadadadadadbakakakakakakakakajajadababababababab
dadadadadadadadadadadbdbakakakakakakakakajadadabababanabanab
dadadadadadadadadadbdbakakakakakakakakajajadabababababababab
dadadadadadadadadbdbakakakakakakakakakajadadanababababababab
dadadadadadadadadbdbakakakakakakakakakajadadabababababababab
dadadadadadadadbdbakakakakakakakakakakajadadabababababababab
dadadadadadadbdbakakakakakakakakakakakajajadababababananabab
dadadadadadadbdbakakakakakakakakakakakajajadabababababababab
dadadadadadbdbdbakakakakakakakakakakakajajadabababababababab




























































