dadadadadadadadadadadadadadadadadadadadadadadadadadadadadada
dadadadadadadadadadbdadadadadadadadadadadadadadadadadadadada
dadadadadbdadadadadadadadadadadadadadadadadadadadadadadadada
dadadadbdadadadadadadadadadadadadadadadadadbdadadadadadadada
dadadadadadadadadadadadadadbdadadadadadadbdadadadadadadadada
dadadadadadadadadadbdadadadadadadbdadadadbdadadadadadadadada
dadadbdadadadadadbdadadadadadadadadadadadadadadadbdadadadada
dadadadadadadadadadadbdadadadadadbdadbdbdadbdadadadbdadadada
dadadbdadadadadadadadadbdadadadadadbdadadadadbdbdadadadadadb
dadadadadadadadadadadadbdbdadadadadadbdadadbdbdadadadadadada
dadadadadadadadadbdadadadadadadadadadadadbdadadadadadadadada
dadadadadbdadbdadadadadadadadadadadadadadadadadadadadadadada
dadadadadbdadadadadadadadadadadadadadadadadadadadadadadadada
dadadadadadadadadadadadadbdbdbdbdbdadadadadadadadadadadadada
dadadbdadbdadadbdadadadbdbdbdbdbdbdbdbdbdbdbdadadadadadadada
dadadadadadbdbdadadadadbdbdbdbdbdbdbdbdbdbdbdadadadadadadada
dadadadbdadadbdadadadbdbdbdbdbdbdbdbdbdbdbdbdbdbdadadadadada
dadadadadadadadadadadbdbdbdbdbdbdbdbdbdbdbdbdbdadadbdadbdbda
dadadadadadadbdadadadadbdbdbdbdbdbdbdbdbdbdbdbdbdbdbdbdbdada
dadadadadadadadadadadadadbdbdbdbdbdbdbdbdbdbdbdbdbdbdbdbdada
dadadadadadadadadadadadadbdbdbdbdbdbdbdbdbdbdbdbdadadadadada
dadadadadadbdadadadadadadbdbdbdbdbdbdbdbdbdbdbdadadadadadada
dadadadadadbdadadadadadadadbdbdbdbdbdbdbdbdbdbdadadadadadada
dadadadadadadadadadadadadadadadbdbdbdbdbdbdbdbdadadadadbdada
dadbdadadbdadadadadadadadadadadadbdbdbdbdbdbdadadadbdbdadada
dadadadbdbdadadadadbdbdadadadadadadbdbdbdbdbdadadadbdadbdbda
dadadadadbdadadadadadadadbdadadadadadadadadadadadadadbdadada
dadadbdadadadadbdadbdadbdadadadadadadadadadadadadadadadadada
dadadadadadadadadadadadadadadadadadadadadadadadadadadadbdada
dadadadadadadadadadadadadadadadadadadadadadadadadadadadadada


























































