aaakakakakakdbdadadadadadadadadadadadadadadadadadadadadadada
aaakakakakakdbdadadadadbdbdbdbdadadadadadadadadadadadadadada
aaaaakakakakdbdadadadadadadadadadadadadadadadadadadadbdadada
aaakakakakakdbdadadadadadadadadadadadadadadadadadadadadadada
aaakakakakakdbdbdbdadadadadadadadadadadadadadadadadadadbdbda
aaakakakakakdbdbdbdadadadadbdadadadadadadadadbdadadadadadada
aaaaakakakakdbdbdbdadadadadbdbdadadadadadadadadadadadbdadada
aaaaakakakakdbdbdbdadadadadadbdadadadadadadadadadadadadadada
aaaaakakakdbdbdadadadadadadbdbdadadadadadadadadadadadadadada
aaakakakdbdbdbdadadadadadadbdadadadadadadadadadadadadadadada
aaakakakdbdbdbdadadadadadadbdadadadadadadadadadadadadadadada
aaaaakakdbdbdadadadadadadadadadadadadadadadbdadadadadadbdbda
aaakakakdbdadadadadadadadadadadadadadadadadbdbdadadadadadada
aaaaakdbdbdadadadadadadadadadadadadadadadadbdadadadadadadada
aaakakdbdbdbdadadadadadadadadadadadadadadadbdbdadadadadadada
aaaaakakdbdbdadadadadadadadbdadadadadadadadadbdbdadadadadada
aaaaakakdbdbdadadadadadadadbdbdbdbdbdadadadadadbdadadadadada
aaaaakakdbdbdbdadadadadadadadadadadbdadadadadadbdbdadadadada
aaaaakakdbdbdbdadadadadadadadadadadadadadadadadadadadadbdada
aaaaakakdbdbdbdadadadadadbdbdadadadadadadadadadadadadadbdbda
aaaaaaaaakdbdbdadadadadadadadadadadadadadadbdadadadadadadada
aaaaaaakakdbdbdadadadadadadbdadadadadadadadadadbdadadadadada
aaaaaaakakdbdbdadadadadadadadadadadadadadadadadadadadadadada
aaaaakakdbdbdadadadadadadadadadadadadadadadadadadadadadadada
aaaaaaakdbdbdadadadadadadadadadadadadadbdbdbdadadadadbdbdbda
aaaaakakdbdbdadadadadadadadadadadadadadbdbdbdbdadadadbdbdbda
aaaaaaakdbdbdadadadadadbdbdadadadadadadadadadadadadadbdadada
aaaaaaakdbdbdadadadadadbdbdadadadadadadadadadadadadadadadada
aaaaakdbdbdadadadadadadadadadadadadadadadadadadadadadadadada
aaaaakdbdbdadadadadadadadadadadadadadadadadadadadadadadadada













