abababababababababababababalabababababababababababababababab
ababababababababababababababalababababababababababababababab
abababanabababababababababababababababababababababababababab
abababababababababababababalabababababababababababababababab
abababababababababababababalababababababababababababanababab
abababababababanababababababalababababababababababababababab
abababababababababababababababababababababababababababababab
ababababababababababababababalabababababanababababababababab
abababababababababababababababalabababababababababababababab
abababanababababababababababalababababababababanabababababab
abababababababababababababababababababababababababababababab
abababababababababababalalababalabababababababababababababab
alababababababababababalababababalababalabababababababababab
alababalabababalabalababababababababababalabababalabababalal
abababababalabababababanababababababababababalabababalalabab
abababababababababababababababababababababababababababababab
abababababababababababababababanabababababababababababababab
abanababababanababababababababababababababababababababababab
ababababababababababanababababababababababababababababababab
ababababanabababababababababanababababababababababababababab
ababababababababanababababababababababanabababababababababab
abababababababababababababababababababababababababababababab
abababababababababababababababababababababababababababadabab
aeadabaeababababadadadababababadaeadabababadaeabababadaeadab
adadadadadadaeadadadaeadaeadadadaeadadadadadadadadaeadadadad
adaeajaeajajaeadajaeadajadajajadaeadajajadajaeaeajadaeajaead
ajajajadajajadajajadajajadadajajajadajaeaeajadajajajadajajad
ajajajajajajajajajajajajajajajajajajajajajajakajajajajajajaj
akakajajajajakajakajajajajajakajajajajajajakakajakajajakajaj
akakakakakakakakakakakakakakakakakakakakakakakakakakakakakak














