ababababababababababababalababababababababababababababababab
abababababanababababababalababababababababababababababababab
ababababababababababababalababababababababababababababababab
abababababababababababababalababanababababababababababababab
abababababababababababababababababababababababanabababababab
abababababababababababababalabababababanabababababababababab
abababalalabalalabababalabababababababababababababababababab
alababalababababalababababababababababababababababababababab
ababababababababababababababalabababababababababababababalal
ababababadadaeadadabababababababababababababababababababalab
abababadaeajajajaeadabababababababababababababababababababab
ababadadajajajajajadadababalabababababababababababalalababab
abadaeajajajajajajajaeadabababalabababababalabalabababababab
abaeajajajakakakajajajadababababababalababababababababababab
abadajajajakakakajajajaeababalababababababababababababababab
abadadajajajajajajajaeadababalalabababababababababababababab
ababadaeajajajajajadadababababababababanabababababababababab
abababadaeajajajaeaeabababababababababababababababababababab
abababanadadadaeadabababababalababababababababababababababab
abababababababababababababalabababababababababanabababababab
abababababababababababababababababababababababababababababab
abababababababababababababalabababababababababababababababab
abababababababababababababalabababanabababababababababababab
ababababababababanabababababalababababababababababababababab
ababababanababababababababababababababababababababababababab
abababababanababanabababababalabababababanababababababababab
abababababababababababababababababababababababababababababab
abababanabababababababababababalabababababababababababababab
abababababababababababababababababababababababababababababab
ababababababababababababababalababababababababababababababab












