dadadadbdbdbdbdbdbdbdbdbdbdbdbdbdbdbdbdbdbdbdbdbdadadadadada
dadadadbdbdbdbdbdbdbdbdbdbdbdbdbdbdbdbdbdbdbdbdbdadadadadada
dadadadadbdbdbdbdbdbdbdbdbdbdbdbdbdbdbdbdbdbdbdbdadadadadada
dadadadadbdbdbdbdbdbdbdbdbdbdbdbdbdbdbdbdbdbdbdbdbdadadadada
dadadadbdbdbdbdbdbdbdbdbdbdbdbdbdbdbdbdbdbdbdbdadadadadadada
dadadadadbdbdbdbdbdbdbdbdbdbdbdbdbdbdbdbdbdbdbdbdadadadadada
dadadadbdbdbdbdbdbdbdbdbdbdbdbdbdbdbdbdbdbdbdbdadadadadadada
dadadadbdbdbdbdbdbdbdbdbdbdbdbdbdbdbdbdbdbdbdbdadadadbdadada
dadadadadadbdbdbdbdbdbdbdbdbdbdbdbdbdbdbdbdbdbdbdadadadadada
dadbdadadadbdbdbdbdbdbdbdbdbdbdbdbdbdbdbdbdbdbdbdadadadadadb
dadadadadadbdbdbdbdbdbdbdbdbdbdbdbdbdbdbdbdbdbdadadadadadbda
dadadadadbdbdbdbdbdbdbdbdbdbdbdbdbdbdbdbdbdbdbdadadadadadada
dadadbdbdbdbdbdbdbdbdbdbdbdbdbdbdbdbdbdbdbdbdadadadadadadada
dadadadbdbdbdbdbdbdbdbdbdbdbdbdbdbdbdbdbdbdbdadadadadadadada
dadadadadbdbdbdbdbdbdbdbdbdbdbdbdbdbdbdbdbdbdbdadadadadadada
dadadadadbdbdbdbdbdbdbdbdbdbdbdbdbdbdbdbdbdbdbdadadadadadada
dadadadadbdbdbdbdbdbdbdbdbdbdbdbdbdbdbdbdbdbdbdbdadadadadada
dadadadadbdbdbdbdbdbdbdbdbdbdbdbdbdbdbdbdbdbdbdbdadadadadada
dadbdadadadbdbdbdbdbdbdbdbdbdbdbdbdbdbdbdbdbdbdadadbdbdadada
dadadadadadadbdbdbdbdbdbdbdbdbdbdbdbdbdbdbdbdbdbdadadbdadada
dadbdadadadadbdbdbdbdbdbdbdbdbdbdbdbdbdbdbdbdbdadadadadadada
dadadbdadadbdbdbdbdbdbdbdbdbdbdbdbdbdbdbdbdbdadadadadadadada
dadadadadbdbdbdbdbdbdbdbdbdbdbdbdbdbdbdbdbdbdadadadadadadada
dadadadbdbdbdbdbdbdbdbdbdbdbdbdbdbdbdbdbdbdadadadadadadadada
dadadbdbdbdbdbdbdbdbdbdbdbdbdbdbdbdbdbdbdbdadadadadadadadada
dadadbdbdbdbdbdbdbdbdbdbdbdbdbdbdbdbdbdbdbdadadadadadadadada
dadbdbdbdbdbdbdbdbdbdbdbdbdbdbdbdbdbdbdbdadadadadbdbdbdadada
dadbdbdbdbdbdbdbdbdbdbdbdbdbdbdbdbdbdbdadadadadadbdbdbdadada
dbdbdbdbdbdbdbdbdbdbdbdbdbdbdbdbdbdbdadadadadadadadadadadada
dbdbdbdbdbdbdbdbdbdbdbdbdbdbdbdbdadadadadadadadadadadadadada























































