ababababababababababababababababanabababababababababababalab
abababababababababababababababababababababanababababababalab
ababababababababababababababababababababababababababalababab
ababababababababababanabababadadadadababababababalababababab
ababababababanababababababadadajajadadadadabalabalababababab
ababanababababababababababadajajajajajajajadalababababababab
ababababababababababababadadajajajajajajajadabababababababab
ababanabababababababababadajajajajajajajadadabababababababab
abababababababababababadadajajajajajajadadalalababababababab
ababababababababababababadajajajajajajadabalabababababababab
ababababababanabababababadadadajajajadadalababababababababab
ababababababababababanabababadadadadadalababababababananabab
abababababababababababababalalabalalabababababababababababab
abababababababababababababababababababababababababababababab
ababababababababababababalababababababababanabababababababab
abababababababababababalabababababababababababababanabababab
ababababalabalababababababababababababababababababababababab
ababalababababalabalalababababababababababababababababanabab
alababababababababababalababababanababababababababababababab
abanababanabababababalabababababababababababababanababababab
ababababababababanababababababababababababababababababababab
abababababababalabalabababababababababababababababababababab
ababababababamamadababadabababababadadababababababababababab
adababadadadadajamadaeadadabadabadadaeabadaeadadababadadadab
aeadadaeajajajajadaeadaeadadadaeadaeadaeadadadaeadaeadaeadad
adaeadadajajajadaeadadadadaeadadadadaeadadaeadaeadadadaeaead
adadadajajajajajajajajajajadadajajajajajajajajadadajadadadad
ajajadadajajajajajajajajajajadadajajajajajajajajadajajajajaj
ajajadaeadadadadajajajajajajajadajajajajajajajajajajajajajaj
ajajajajajajajajajajajajajajajajajajajajajajajajajajajajajaj















