bjbjbjbjbjbjbjbjbjalbjbjbjbjbjbjbjbjbjbjbjbjbjbjalbjbjbjbjbj
bjbjbjbjbjbjbjbjbjalalalalbjbjbjbjbjbjbjbjbjbjbjalbjbjbjbjbj
bjbjbjbjbjbjbjbjbjbjalbjalbjbjbjbjbjbjbjbjbjbjbjalbjbjbjbjbj
bjbjbjbjbjbjbjalalalalbjalalbjbjbjbjbjbjbjbjbjalalbjbjbjbjbj
bjbjbjbjalalalalbjbjbjbjbjalalbjbjbjbjbjbjalalalbjbjbjbjbjbj
ababbjalalbjbjbjbjbjbjbjbjbjalalalbjbjbjalalbjbjbjbjbjbjbjbj
abababalbjbjbjbjbjbjbjbjbjbjbjbjalalbjalalbjbjbjbjbjbjbjbjbj
alalalalbjbjbjbjbjbjbjbjbjbjbjbjbjalalalbjbjbjbjbjbjbjbjbjbj
abababalalababbjbjbjbjbjbjbjbjbjbjbjalbjbjbjbjbjbjbjbjbjbjbj
ababababalababababababbjbjbjbjbjbjbjalbjbjbjbjbjbjbjbjbjbjbj
abababanalanabanababababababababababalababababababababababab
abanabacacacacacacanababababababababalalabababababababababab
acacacacacacacacacacabanabababababababalalababababababababab
acacacacacacacacacacacacacanabanababababalababababababababab
acacacacacacacacacacacacacacacacabanababalanabanabababababan
acacacanabanalanabacacacacacacacacacabanalacacacacanabanacac
abanabababalalababanacacacacacacacacacacacacacacacacacacacac
abababababalabababababanabacacacacacacacacacacacacacacacacac
abababababalabababababababanabanacacacacacacacacacacacacacac
abababababalabababababababababababacacacacacabanabacacacacan
ababababalalababababababababababanacacacabanabababanalanabab
ababababalabababababababababababacacacacanabababababalababab
ababababalababababababababababanacacacabababababababalababab
abababalalabababababababababababacacacanabababababalalababab
abalalalabababababababababababanacacacabababababalalabababab
alalabalabababababababababababacacacacanababababalababababab
abababalabababababababababanacacacacababababababalababababab
abababalababababababababababacacacanababababababalababababab
abababalabababababababababanacacacabababababababalababababab
abababalababababababababababacacacanababababababalababababab

































