aaaaaaaaaaaaaaaaaaaaaaaaaaaaaaaaaaaaaaaaaaaaaaaaaaaaaaaaaaaa
aaaaaaaaaaaaaaaaaaaaaaaaaaakaaaaaaaaaaaaaaaaakakaaaaaaaaaaaa
akakakakakakakakaaaaaaakakakakakakakakakakakakakakakaaaaakak
akakakakakakakakakakakakakakakakakakakakakakdbakakakakakakak
akdbdbdbdbdbdbdbakakakdbdbdbdbdbakdbdbdbdbdbdbdbdbdbakakdbdb
dbdbdbdbdbdbdbdbdbakdbdbdbdbdbdbdbdbdbdbdbdbdbdbdbdbdbdbdbdb
dbdadadadadadadadbdbdbdadadadadadbdbdadbdbdadadadadadbdbdbda
dadadadadadadadadadadbdadadadadadadadadadadadadadadadadadada
dadadadadadbdadadadadadadadadadadadadadadadadadadadadadadada
dadadadadbdbdbdadbdadadadadadadadadadadadadadadbdadadadadada
dadadadadadadadadadadadadadadadbdadadadadadbdbdadadadadadbdb
dadadadadadadadadadadadadadadadbdadadadadadadadadadadadbdbdb
dadadadadadadbdbdadadadadadadadadadadadadadadadadadadbdbdbdb
dadadadadadadadadadadadadadbdadadadadadadadadadadadadbdbdbdb
dadadadadadbdadbdadadadadbdbdadadbdadadadadadadbdbdbdbdbdbdb
dadadadadadadadadadadadadadadadadadadbdadbdadadadbdbdbdbdbdb
dadadadadadadadadadadadadadadadadadadadbdbdadadbdbdbdbdbdbdb
dadadadadadadadadadadadadadadadadadadadbdadbdbdbdbdbdbdbdbdb
dadadadadadadadadadadadadbdadadadadadadadadbdbdbdbdbdbdbdbdb
dadadadadadadbdadadadadadbdadbdadadadadadadadbdbdbdbdbdbdbdb
dadadadadadadadadbdadadadadbdadadadadadadbdbdbdbdbdbdbdbdbdb
dadadadadadadbdadbdadadadbdadadadadadadadbdbdbdbdbdbdbdbdbdb
dadadadadadadadadadadadadadadadadadadadadadbdbdbdbdbdbdbdbdb
dadadbdadadadadadadadadadadadbdbdadadadadadbdbdbdbdbdbdbdbdb
dadadadadadadadadadadadadadadadadadadadadbdbdbdbdbdbdbdbdbdb
dadadadadadadbdadadadadadadadbdadadadadadbdbdbdbdbdbdbdbdbdb
dadadadadadadbdadbdbdadbdadadadadadadadadadbdbdbdbdbdbdbdbdb
dadadadadadadadadadadadadadadadadadadadbdbdbdbdbdbdbdbdbdbdb
dadadadadadadadadadadadadadadadadadadbdbdbdbdbdbdbdbdbdbdbdb
dadadadadadadadadadadadadadadadadadadbdbdbdbdbdbdbdbdbdbdbdb




























































