aaaaaaaaaaaaaaaaaaaaaaaaaaaaaaaaaaaaaaaaaaaaaaaaaaaaaaaaaaaa
aaaaaaaaaaaaaaaaaaaaaaaaakaaaaaaaaaaaaaaaaaaaaaaaaaaaaaaaaaa
aaaaaaaaaaakaaaaaaaaaaaaakakakaaaaaaaaaaaaaaaaaaakakaaaaakaa
akaaaaakakakakaaakakakakakakakakakakaaakakakaaakakakakakakaa
akakaaakakakakakakakakdbdbakakakakakakakakakakakakakakakakak
akakakakdbdbakakakdbdbdbdbdbdbdbdbdbdbdbdbdbdbdbdbdbdbdbdbdb
dbdbdbdbdbdbdbdbdbdbdbdadbdbdbdbdbdbdbdadadbdbdbdbdbdbdbdbdb
dbdbdbdadadbdbdbdbdadadadadadbdbdbdbdadadadbdbdadadbdbdadbdb
dadadbdadadadadadadadadadadadadbdadadadadadadadadadadadadada
dadadadadadadadadadadadadadadadadadadadadadadadadadadadadada
dadadadadadadadadadadadadbdadadadadadadadadadadadadadadadada
dadadadbdbdbdbdadadadadadadadadadadadadbdadadadadadadadadada
dadadadadadbdadadadadadadadbdadadadadbdadadadadbdadadadbdada
dadadadadadadadadadadadadadadbdadadadadadadbdadadbdadadbdada
dadadbdadadadadadadadadadadbdadadadadadadadadadadadadbdadada
dadadadadadadbdadadadadadadadadadadadadadadadadadadadadadada
dadadadadadadadadbdadadadadadadadadadadadbdadadadadadadadada
dadadadadadadadbdadadadadadadadadadadadadbdadbdadadadadadada
dadadadadadadadadbdadadadadadadadadadadadadadbdadadadadadada
dadadadbdadadadadadadadadadadadadadadadadbdadadadadadadadada
dadadadbdadadadadadadadadbdadadbdadadadadadadadadadadadadada
dadadadbdadadadadadadadadadadadadadadadadadadbdadadadadadadb
dadadadadadadadadadadbdadadadadadadadadadadadadadbdadadadada
dadadadadadadadadadbdadbdadadadadadadadadadadbdadbdadadadada
dadadadadadadadbdadadadadadadadbdbdadadadadadbdbdadadadadada
dadadadadadadadadbdadadadadadadadbdadadadadadbdadadadadadada
dadadadadadadadadadadadadbdbdadadadadadadadadadadadadadadada
dadadadadadadadadadadadadadadadadadadadadadadadadadadadadada
dadadadadadadadadadadadadadadadadadadadadadadadadadadadadada
dadadadadadadadadadadadadadadadadadadadadadadadadadadadadada



















