dadadadadadadadadadadadadadadadadadadadadadadadadadadadadada
dadadadadadadadadadadadadadbdbdbdadadadadadadadadadadadadada
dadadadbdadadadadadadadadadadadadadadadadadadadadadadadadada
dadadadbdbdadadadadadadadadadadadadadadadadadadadbdadadadada
dadadadadadadadadadadadadadadadadadadadadbdadadadbdbdadadada
dadadadadadadadadadadadadadadadadadadadadadbdadadadbdadadbda
dadadadbdadadadadadadadadadadadadbdadadadadadadadadadbdadada
dadadadadadadadadbdadadadadadadadadadadadadadadadadadadadada
dadadadadadadadadadadadadadadadadadadadadadadadadadadadadada
dadadbdadadadadadadadadadadadadadadadadadadadadadadadadadada
dadadbdadadadadadadadadbdadadadadadadbdadadadadadadadadadbdb
dadadadbdadadadadadadadbdadadadadadbdadadadadadadadadadadbdb
dadadadbdadadadadadadbdadadadadadbdbdbdadadadadadadadadadbdb
dadadadadadadadadadadadadadadadadadadadadadadadadadbdbdbdbdb
dadadadadadadadadadadadadadadadadadadadadadadadadbdbdbdbakak
dadadadadadadadadadadadadadadadadadadadadadadadbdbdbakakakak
dadadadadadadadadadadadadadadadadadadadadadadbdbdbakakakakak
dadadadadadadadadadadbdadadadadadadadadadbdbdbdbakakakakakak
dadadadadadadadadadadbdadadadadadadadbdbdbdbdbakakakakakajaj
dadadadbdbdadadadadadadadadadadadbdbdbdbdbakakakakakakajajad
dadadadadbdadadadadadadadadbdbdbdbdbdbakakakakakakajajajadad
dadadadadadadadadadadadadbdbdbdbdbdbakakakakakakakajadadadab
dadadadadadadadadadadbdbdbdbdbakakakakakakakakakajajadadabab
dadadadadadadadadadbdbakakakakakakakakakakakakajajajajadadab
dadadadadadadbdbdbdbakakakakakakakakakajajajajajajajadadadab
dadadadadbdbdbdbdbakakakakakakakakajajajajajajadadadadababab
dadadbdbdbdbdbakakakakakakakajajajajadadadadadadadadabababab
dadadbdbdbakakakakakakakakajajadadadadadadababababababababab
dadbdbakakakakakakakakakajajadadabababababababababababababab
dbdbakakakakakakakakakakajadadababababababababababababababab









































