abababababababababaqabababababalabababababababababababababab
ababababababababarasabababababalabababababababababababababab
abababababababarasasasababababalabababababababababababababab
ababababababaqasasasasasabababalalababababababababababababab
abababababaraqarasasasasasabababalabanababababababababababab
ababababarapaqaparasasasasasarabalababababababababababanabab
abababarapapaqapaparasasasaqababalababababababanabababababab
ababaqapapapaqapapapaqasapaqabalalababababababababababababab
abaraqarararaqarararaqarapaqalalabababababababababababababab
ababaqapapapapapapapaqapapaqalababababababababababababababab
ababaqapapapapapapapaqapatalalabababababanababababababababab
ababaqapapapaoapapapaqatalalabababababababababababababababab
alalalalalalalanananalalalalabababababababababababababababab
alalalalalalalalalalalababalalalalababababababababababababab
ababababababababababababababababalalababababanababababababab
abababababababababababababababababalalalalalabalalalalababab
abababababababababababababababababababababalalalababalalalal
abababababababababababababababababababababababababababababab
abababababababababababababababababababababababababababababab
abababababababababababababababababababababababababababababab
abababababababababababababababababababababanabababababababab
abababababababababababababababababababababababababababababab
abababababababababababababababababababababababababababababab
amamamamamamamamamamamamamadadadababadadabadabadabadadaeabad
amamamamamamamamamamamamamadaeadadaeadadaeaeadadadaeadadadad
amadadamamadadamamadadadadadadajajadadadadajajadadadajadajad
amajajamamajajamamajajajajajajajajajajajajajajajajajajajajaj
akakakakakajakakakakakakakakajakakakakakakakakakakakakakakaj
aaaaaaakakakaaaaakaaakakaaakakaaaaaaaaakaaakaaaaakakaaakakak
aaaaaaaaaaaaaaaaaaaaaaaaaaaaaaaaaaaaaaaaaaaaaaaaaaaaaaaaaaaa





















