dadadadadadadadadadadadadadadadadadadadadadadadadadadadadada
dadadadadadadadadadadadadadadadadadadadadadadadadadadadadbda
dadadadadadadadadadadadadadbdadbdadadadbdadbdbdadadadadadada
dadadadadbdadadadadadadadadadadadbdadadadbdbdadbdadadadadada
dadadadadbdadadadadbdadadadadadadbdadadbdadbdadadadadadadada
dadadadadadadadadadadadadadadadadadadadadadadadadadadadbdbdb
dadadadadadadadadadadadadadadadadadadadadadadadadadbdbdbdbdb
dadadadadadadadadadadadadbdadadadadadadadadadadbdbdbdbdbdbdb
dadadadadadadadadadadbdadadadadadadadadadadbdbdbdbdbdbdbdbdb
dadadadadadadadadadadadadadadadadadadadadbdbdbdbdbdbdbdbdbdb
dadadadadadadadadbdadadadadadadadadadbdbdbdbdbdbdbdbdbdbdbdb
dadadadadadadadadadadadadadadadadbdbdbdbdbdbdbdbdbdbdbdbdbdb
dadadadadadadadadadadadadadadadbdbdbdbdbdbdbdbdbdbdbdbdbdbdb
dadadadadadbdadadadadadadadadbdbdbdbdbdbdbdbdbdbdbdbdbdbdbdb
dadadadadadbdadadadadadadadbdbdbdbdbdbdbdbdbdbdbdbdbdbdbdbdb
dadadadadadbdadadadadadadbdbdbdbdbdbdbdbdbdbdbdbdbdbdbdbdbda
dadadadadadadadadadadadbdbdbdbdbdbdbdbdbdbdbdbdbdbdbdbdadada
dadadbdbdadadadadadadadbdbdbdbdbdbdbdbdbdbdbdbdbdbdbdadadada
dadadadadadadadadadadbdbdbdbdbdbdbdbdbdbdbdbdbdbdadadadadada
dadadadadadadadadadadbdbdbdbdbdbdbdbdbdbdbdadadadadadadadada
dadadadadadadadadadbdbdbdbdbdbdbdbdbdbdbdadadadadadadadadada
dadadadadadadadadbdbdbdbdbdbdbdbdbdbdbdbdadadadadadadbdbdada
dadadadadadadadadbdbdbdbdbdbdbdbdbdbdbdadadadadadadadadadada
dadadadadadadadadadbdbdbdbdbdbdbdbdbdbdadadadadadadadadadada
dadadbdbdadadadadbdbdbdbdbdbdbdbdbdbdbdadadadadadadbdadadada
dadadbdadadadadadbdbdbdbdbdbdbdbdbdbdadadadadadadadadadadada
dadadadadadadadadadbdbdbdbdbdbdbdbdadadadadadadadadadbdbdbda
dadadadadadadadadadbdbdbdbdbdbdbdbdbdadadadadadadadadbdadada
dadadadadadadadadbdbdbdbdbdbdbdbdbdbdadadadadadadadadadadada
dadadadadadadadadbdbdbdbdbdbdbdbdbdadadadadadadadadadadadada















































