abababababababababababalababababababababababababadadajajajaj
abababababababababalabababababababababababababadajajajakakak
abababanababababababalababababababababababababadajajajakakak
abababababababababalabababababababababababababadajajajakakak
ababababababalalalabababababababanababababababadajajakakakak
ababanabababababababababababababababababababadajajakakakakak
abababababalabababababababanabababababababadajajakakakakakak
abababababalabababababababababababababababadajajakakakakakak
abababababababababababababababababababababadajajakakakakakak
abababalabababababababababanababababababadadajajakakakakakak
abababalababababanabababababababababababadajajajakakakakakak
abalababababababababababababababababababadajajajakakakakakak
alababalababababababababababababababababadajajajakakakakakak
ababababababababababababababababababababadajajajakakakakakak
abababababalababababababababababababadadadajajajakakakakakak
abababababababababababababanababababadajajajajajakakakakakak
ababababababababanabababababababababadajajajajajakakakakakak
ababababalababababababababababababababadajajajajakakakakakak
ababababababalababababababababababababadajajajajakakakakakak
abababababababababababababababababababadajajajajakakakakakak
abababababalabababababababababababababadajajajajakakakakakak
abababababababalabababababanabababababadadajajajakakakakakak
ababanabababababababababababababababababadajajajakakakakakak
ababababababababababababababababababababadadajajakakakakakak
abababababababalabababababababababababababadajajajakakakakak
abababababababalabababababababababanabababadajajajajakakakak
abababababababalabababababanabababababababadadajajajajakakak
ababababababababalabababababababababababababadadajajajakakak
abababababababababababababababababababababababadajajajakakak
abababababababababalabababababababababababababadadajajakakak













