dadadadadadadadadadadadadadadadadadadadadadadadadadadadadada
dadadadadadadadadadadadadadadadadadadadadadadadadadadadadada
dadadadadadadadadadadadadadadadadadadadadadadadadadadadadada
dadadadadadadadadadadadbdbdbdbdbdadadadadadadadadadadadadada
dadadadadadadadadadbdbdbdbdadadbdbdbdadadadadadadadadadadada
dadadadadadadadadbdbdadadadadadbdbdadadadadadadadadadadadada
dbdadadadadadadadadbdbdbdadadbdbdbdadadadbdbdadbdadadadadada
dadbdbdbdbdbdadbdadadadadbdbdbdbdadadadadadadadadadadadadada
dadadadadbdbdbdbdadadadadadadadadadadadadadadadadadadadadada
dadadadadbdadadbdadadadadadadadadadadadadadadadadadadadadada
dadadadadbdadadbdadadadadadadadadadadadadadadadadadadadadada
dadadadadadadadbdadadbdadadadadadadadadadadadadadbdbdadadada
dadadadadadadbdbdadadbdadadadadadbdbdadadadadadadbdbdadadada
dadadadadadadbdbdadadbdbdadadadadadbdbdadadadadadadadadadada
dadadbdbdbdbdbdadadadadadadadadadadadadadadadadadadadadadada
dadadbdadadadadadadadadadadadadadadadadadadadadadadadadadada
dbdbdbdadadadadadadadadadadadadadadadadadadadadadadadadadada
dadadadadadbdbdbdadadadadadadadadadadadadadadadadadadbdadada
dadadadadbdbdbdbdadadadadadadadadadadadadadadadadadadadadada
dadadadadbdbdbdbdadadadadadadadbdadbdbdadadadadadadadadadada
dadadadadadbdbdbdadadadadadadadadadadadadbdadadadadadadadada
dadadadadadbdadadadadadadadadadadadadadadadadadadadadadadada
dadadadadbdbdadadadadadadadadadadadadadadadadadadadadadadada
dadadadadbdbdadadadadadadadadbdbdadadadadadadadadadadadadada
dadadadadadadadadadadadadadadbdadadadadadadadadadadadadadada
dadadadadadadadadadadadadadadadadadadadadadadadbdbdbdadadada
dadadadadadadadadadadadadadadadadadadadadadadadbdadadadadada
dadadadadadadadadadadadadadadadadadadadadadadadadadadadadada
dadadadadadadadadadadadadadadadadadadadadadadadadadadadadada
dadadadadadadadadadadadadadadadadadadadadadadadadadadadadada






































