ababababacacacacacababababababababababababababababababababab
ababababacacacacacababababababababababababababababababababab
ababababacacacacacacabababababababababababababababababababab
ababababacacacacacacabababababababababababababababababalalal
ababababacacacacacacacababababababababababababababalalalabab
abababababacacacacacacacacabababababababababababalalabababab
abababababacacacacacacacacacabababababababababalalababababab
ababababababacacacacacacacacacacacabababababalalabababababab
abababababababacacacacacacacacacacacacacabalalababababababab
ababababababababacacacacacacacacacacacacacacacacabababababab
ababababababababababacacacacacacacacacacacacacacacacabababab
ababababababababababababacacacacacacacacacacacacacacacacabab
abababababababababababababababacacacacacacacacacacacacacacac
ababababababababababababababababababacacacacacacacacacacacac
abababababababababababababababababababababacacacacacacacacac
abababababababababababababababababababababababababacacacacac
abababababababababababababababababababababababababababababab
abababababababababababababababababababababababababababababab
abababababababababababababababababababababababababababababab
abababababababababababababababababababababababababababababab
abababababababababababababababababababababababababababababab
abababababababababababababababababababababababababababababab
abababababababababababababababababababababababababababababab
abababababababababababababababababababababababababababababab
abababababababababababababababababababababababababababababab
abababababababababababababababababababababababababababababab
abababababababababababababababababababababababababababababab
abababababababababababababababababababababababababababababab
abababababababababababababababababababababababababababababab
abababababababababababababababababababababababababababababab









