dadadadadadadbdbdbdbdbdbdbdbdbdbdbdbdbdadadadadadadadadadada
dadadadadbdadadbdbdbdbdbdbdbdbdbdbdbdbdbdadadadadadadadadada
dadadadadbdadadbdbdbdbdbdbdbdbdbdbdbdbdbdadadadadadadadadada
dadadadadadadadadbdbdbdbdbdbdbdbdbdbdbdbdbdadadadadadadadada
dadadadadadadadadbdbdbdbdbdbdbdbdbdbdbdbdbdadadadadadbdadada
dadadadadadadadadadbdbdbdbdbdbdbdbdbdbdbdbdbdadadadadbdadada
dbdadadbdadadadadadbdbdbdbdbdbdbdbdbdbdbdbdbdadadadadadadada
dadadadbdadadadadbdbdbdbdbdbdbdbdbdbdbdbdbdadadadadadadadada
dadadadadadadadadbdbdbdbdbdbdbdbdbdbdbdbdbdadadadadadadadada
dadadadbdadadadbdbdbdbdbdbdbdbdbdbdbdbdbdadadadadadadbdadada
dadadadbdadadadbdbdbdbdbdbdbdbdbdbdbdbdbdbdadadadadadadbdada
dadadadadadadadadbdbdbdbdbdbdbdbdbdbdbdbdbdbdadadadadbdadada
dadadadadadadadadbdbdbdbdbdbdbdbdbdbdbdbdbdbdadadadadadadada
dadadadadadadadadadbdbdbdbdbdbdbdbdbdbdbdbdbdadadadadadadada
dadadadbdadadadadadadbdbdbdbdbdbdbdbdbdbdbdbdbdadadadadadada
dadadbdadbdadbdadadadbdbdbdbdbdbdbdbdbdbdbdbdbdadadadadadada
dadadadadbdadadadadadadbdbdbdbdbdbdbdbdbdbdbdbdbdadadadbdada
dadadadadadadbdadadadadbdbdbdbdbdbdbdbdbdbdbdbdbdadadadadada
dadadbdadadbdadadadadbdbdbdbdbdbdbdbdbdbdbdbdbdadadadbdadada
dadadadadadadadadadbdbdbdbdbdbdbdbdbdbdbdbdbdbdadadadadadada
dadadadadadadadadbdbdbdbdbdbdbdbdbdbdbdbdbdbdbdadadadadadada
dadbdadadadadadadbdbdbdbdbdbdbdbdbdbdbdbdbdbdadadadadadadada
dadadadadadadadbdbdbdbdbdbdbdbdbdbdbdbdbdbdbdbdadadadadadada
dadadadadadadadbdbdbdbdbdbdbdbdbdbdbdbdbdbdbdadadbdadadadada
dadbdadadadadadbdbdbdbdbdbdbdbdbdbdbdbdbdbdbdbdadadadadadada
dadadbdadadadadadbdbdbdbdbdbdbdbdbdbdbdbdbdbdbdbdadadadadadb
dadadadadadadadadbdbdbdbdbdbdbdbdbdbdbdbdbdbdbdbdadadadadada
dadadadadadadadbdbdbdbdbdbdbdbdbdbdbdbdbdbdbdbdbdadadadbdada
dadadadadadadadbdbdbdbdbdbdbdbdbdbdbdbdbdbdbdbdadadadadadada
dadadadadadadadbdbdbdbdbdbdbdbdbdbdbdbdbdbdbdbdadadadadadada



















































