abababababababababaqabababababababababababababababababababab
ababababababababarasabababababababababababababababababababab
abababababababarasasasababababababababababababababababababab
ababababababarasasasasasabababababababababababababababababab
abababababaqasasasasasasasarabababababababababababababababab
ababababaraqarasasasasasaqababababababababababababababababab
abababarapaqaparasasasapaqatabababababababababababababababab
ababaqapapblapapaqasapatatababababababababababababababababab
abaraqarararararaqarapatabababababababababababababababababab
ababaqapapapapapaqapatatabababababababababababababababababab
ababaqapapaoapapaqapatababababababababababababababababababab
alacacacacacacacacacacacacacacacacacacacacacacacacacacacacac
alalalacacalacacacacacacacacacacacacacacacacacacacacacacacac
alalacalacacacacacababababababababababababababababababababab
ababacacacalacacacacabababababababababababababababababababab
ababababacacacacacacabababababababababababababababababababab
abababababacacacacacabababababababababababababababababababab
ababababababacacacacacababababababababababababababababababab
ababababababacacacacacababababababababababababababababababab
ababababababacacacacacababababababababababababababababababab
ababababababacacacacacababababababababababababababababababab
abababababacacacacacacababababababababababababababababababab
abababababacacacacacabababababababababababababababababababab
abababababacacacacacabababababababababababababababababababab
abababababacacacacacabababababababababababababababababababab
ababababacacacacacacabababababababababababababababababababab
ababababacacacacacacabababababababababababababababababababab
ababababacacacacacacabababababababababababababababababababab
ababababacacacacacacabababababababababababababababababababab
ababababacacacacacababababababababababababababababababababab









