dadadadadadadadadadadadadadadadadadadadbdbakakakakakakakajad
dadadadadadadadadadbdbdadadadadadadbdbdbakakakakakakakajajad
dadbdadadadadbdadadbdadadadadadbdbdbdbakakakakakakajajajaeae
dadadadbdadadadadadadadadbdbdbdbdbdbakakakakakakajajajadadab
dadadadadadadadadadadadadbdbdbdbakakakakakakakakajajajaeadab
dadadadadbdadadadadadbdbdbdbdbakakakakakakakakajajajaeaeabab
dadadadbdadadadadbdbdbdbdbdbakakakakakakakakakajajadadababab
dadadadadadadadbdbdbdbdbakakakakakakakakakakajajajaeabababab
dadadadadadadbdbdbdbdbakakakakakakakakakakajajajadaeabababab
dadaamamamdbdbdbdbakakakakakakakakakakakajajajadaeababababab
dbamamamamamakakakakakakakakakakakakakakajajaeadabababababab
amamamamamamakakakakakakakakakakakakakajajadadababababanabab
akamamamakamakakakakakakakakakakakajajajajaeababanababababab
akamakamamamakakakakakakakakakajajajajajadaeabababababababab
akakamamamakakakakakakakakakajajajajajaeadababababababababab
akamamamakamakakakakajajajajajajajadaeaeabanababanababababan
akamamamamamakajajajajajajajajadaeaeababababanababababanabab
ajajamamamamajajajajajajajajaeadabababababababanabababababab
ajajajajamamamajajajadaeaeadadababababababababababababababab
ajajajamamamamamaeadadababababababababanabababanabababababab
adaeadaeamamamamabababababababababababababanabababababababab
ababababalalalalababanababanababababanababababababababababab
ababababababalalalanababababababananababababanabananabababab
ababababanababalalanabababababababababababababababababababab
abababababababalalalabanabababanabababanabababababababababab
abababababanababalalalalabababababababababababanabababababab
abanabababababababanalalabanababababababanabababababanababab
ababababababababababalalalalalabababanababababababababababab
ababababababababababababalalalalabanabababababababababababab
abababababababababababababanalalalababababababababababababab

























































