aaakakakakakdbdbdadadadadadadadadadadadadadadadadadadadadada
aaaaaaakakakdbdbdadadadadadadadadadadadadadadadadadadadadada
aaaaaaaaakakakdbdadbdadadadadadadadadadadadadadadadbdbdadbda
aaaaaaaaakakakdbdbdbdadadadadadadadadadadadadadadadadadadada
aaaaaaaaakakakdbdbdadadadbdadbdadadadadadadadadadadadadadada
aaaaaaaaakakakdbdadadadadadadbdbdadadbdbdbdbdbdbdadadadbdbdb
aaaaakakakakdbdbdadadadadadbdbdadadbdbdadadadadbdbdbdbdbdada
aaaaakakakakdbdbdbdadadadadbdadadadbdadadadadadadadadadadada
aaaaaaaaakdbdbdadbdbdadadadadadbdbdbdadadadadadadadadadadada
aaakaaakdbdbdbdbdadadadadadadadbdadadadadbdadadbdadadadadada
aaakakakakdbdbdadadadadadadadbdbdadadadadadadadbdadadadadada
aaaaakakdbdbdadadadadadadadadbdbdadadadadbdadadbdadadadadada
aaakakakdbdadadadadadadadadadadbdadadadadadadadadadadadadada
aaaaakdbdbdadadadadadadadadadadbdadadadadadadadadbdbdadadada
aaakakdbdbdbdadadbdadadadadadadbdadadadadadadadadbdbdbdadada
aaaaakakakdbdadadadadadbdadadadbdbdadadadadadadadadadadadada
aaaaakakdbdbdadadadadadadbdadadadbdadadadadadadadadadadadadb
aaaaaaakakdbdbdadadadadadadbdbdadbdadadadadadadadadadadadadb
aaaaaaaaakdbdbdadadadadadadadadadadbdbdbdbdbdadadadadadadbda
aaaaaaakakdbdbdadadadadadadadadadadadadadbdbdadbdadadadadbda
aaaaaaaaakdbdbdadadadadadadadadadadadadadbdbdbdbdadadadadbda
aaaaaaakakdbdbdadadadadadadadadadadadadadadadadbdbdbdadbdada
aaaaaaakakdbdbdadadadadadadadadadadadadadadadadadadbdbdadada
aaaaakakakdbdbdbdadadadadbdadadadadadadadadadadadadadadadada
aaaaaaakakdbdbdadadadadadadadadadadadadadadadadadadadadadada
aaaaakakdbdbdadadadadadadbdbdadadadadadadbdadadadbdadadadada
aaaaaaakdbdbdadadadadadadadadadadadadadadadbdadadadadadadada
aaaaaaakdbdbdbdadadadadadadadadadadadadadadadadadadadbdbdada
aaaaakakakdbdbdbdadadadadadadadadadadadadadbdadadadadbdadada
aaaaakakakdbdbdadadadadadadadadadadadadadadadadadadadadadada














