abababalalalalalalalalanacacacacacanabababababalabababababab
abababalabababababaqalalacacacacacababababababalabababababab
ababalalababababarasabalalacacacacabababababalalabababababab
abalalababababarasasasabababanacacanabababalalababababababab
abalababababarasasasasasabababacacababalalalababaqababababab
alalabababaqasasasasasasasabanacacanabalabababarasababababab
ababababaraqarasasasasasasasaracacalalalababarasasasabababab
abababarapaqaparasasasasasaqabacacalabababaqasasasasasababab
ababarapapaqapaparasasasapaqanacacanababaraqarasasasasasarab
abaqapapapavapapapaqasapapaqabacacababarapaqaparasasasaqabab
araqarararararararaqarapapaqanacacanaqapapaqapapaqasapaqabab
abaqapapapapapapapaqapapapaqabacacaraqarararararaqarapaqabab
abaqapapapapapapapaqapapatatanacacanaqapapapapapaqapapaqabab
abaqapapapaoapapapaqapatatatabacacabaqapapaoapapaqapatanaban
ababanababalanabanabanabanacacacacacacacacacacacacacacacacac
abababacacacacacacacacacacacacacacacacacacacacacacacacacacac
abababacacacacacacacacacacacacacabanabanabanabanabaqabanaban
ababanacacacanabanabanabanabababababababababababarasabababab
abababacacacabababababababababababababababababarasasasababab
ababanacacacanabababababababababababababababarasasasasasabab
abababacacacabababababababababababababababaqasasasasasasasab
ababanacacacanabababababababababababababaraqarasasasasasasas
abababacacacabababababababababababababarapaqaparasasasasasaq
ababanacacacanabababababababababababarapapaqapaparasasasapaq
abalalacacacabababababababababababaqapapapblapapapaqasapapaq
alalanacacacacanababababababababaraqarararararararaqarapapaq
ababababacacacacalalabababababababaqapapapapapapapaqapapapaq
ababababanacacacacalalanabababababaqapapapapapapapaqapapatat
ababababababababababalalalalalalalaqapapapaoapapapaqapatatat
abababababababanabababanababalabalalalalalalalalalalalalalal








































