ababababababababababababababadajajajajadabababababababababab
ababababababababababababababadajajajajadabababababababababab
abababababababababababababadadajajajadadabababanabababababab
abababababababababababababadajajajadadababababababababababab
abababababababanabababababadajajajadabababababababababababab
abababababababababababadadadajajajadadabababababanababababab
ababababababababababadadajajajajajajadabababababababanababab
abababanababababababadajajajajajajajadadababanababababababab
ababababababababababadadajajajajajajajadabababababababababab
abababababababababababadajajajajajajadadabababanabababababab
abababababanabababababadajajajajajadadababababababababababab
abababababababababababadajajajajajadabababababababababababab
abababababababababababadadajajajajadabababababababababanabab
abababababababanababababadajajajadadababababababanababababab
abababababababababababadadajajajadababababababababababababab
ababababababababababadadajajajajadababababababababalabababab
alalabababalalalabadadajajajajajadadababababababalababalabab
abalalabalalabalalalamajajajajamamadalababababalababababalab
ababalalalabababalamamamamajajajajamalababalabababababababal
ababababababababababadajajajajajadadabababababababababababab
ababababababababababadadajajajajadabababababababanabanababab
abababababababababababadajajajajadababababababababababababab
abababababababababababadajajajajadababababababababanabababab
adababadadadadadadadaeadadajajajadadaeabadaeadadababadadadab
aeadadaeajajajajadaeadaeadajajajadaeadaeadadadaeadaeadaeadad
adaeadadajajajadaeadadadadadajajadadaeadadaeadaeadadadaeaead
adadadajajajajajajajajajajadajajajajajajajajajadadajadadadad
ajajadadajajajajajajajajajajajajajajajajajajajajadajajajajaj
ajajadaeadadadadajajajajajajajajajajajajajajajajajajajajajaj
ajajajajajajajajajajajajajajajajajajajajajajajajajajajajajaj
















