ababababababababababababababababalababababababababababababab
abababababababababababababababababalabababababababababababab
ababababababababababababababababalababababababababababababab
ababababababababanabababababababababalabababababanababababab
ababababanababababababababababababalabababababanabababababab
ababababababababababababababababababalababababababababababab
ababababababanabababababababababababalababababababanabababab
ababababababababababababababababalabalababababababababababab
ababababababababababababababalababababababababababababababab
ababababababababanababababalabababababalabababanabababababab
abababanababababababababalabababababababalabababababababanab
abababababababababababalalababababanabababababababababababab
abababababababababababababababababababababababababababababab
ababababanababababababababababababababababababalabababababab
ababababababababalabababababababababababababalababababababab
ababababababababalabababababababababababababababalababababab
abababababalabalababababababanababababababababababababalabab
abababababababababababababababababababababababababababalalal
abababababalabababababanababababababababababababababalababab
alababababababababababababababababanabababababalabababababab
alababalabababababababababababababababababababalabababababab
abababababababababababababanabababababababalabababababababab
abababalalababababababababababababababalabababababababababab
ababababalabababababababababababababababalabababababanababab
abababababababababababababababababababababababababababababab
abababababalalabababababababababalabalababababababababababab
abababababababababababababababalabababababanabababababababab
abababababababababababalabababalabababababababababababababab
ababababababababababababalababababababababababababababababab
ababababababababababababababalababababababababababababababab














