dadadadadadbdadadadadadadadadadadadadadadadadadadadadadadada
dadadadadadadadbdadadadadadadadadadadadadadadadadadadadadada
dadadadadadadadadadadadadadadadadadadadadadadadadadadadadada
dadadbdadadadadadadadadadadadadadadadadadadadadadadadadadada
dadbdadadadadadadadadadadadadadadadadadadadadadadadadadadada
dadbdadadadadbdadadadadadadadadadbdadadadadadadadadadadadada
dadadadadbdadadadadadadadadadadbdbdadadadadbdadbdadadadadada
dadadadadadadadadadadadadadadadbdadadadadbdadadadadbdadadada
dadadadadadadadadbdbdadadadadadadadadadadbdadadadadadadbdada
dadadadadadadadadadadadadadadadadadadadadbdadadadadbdadadada
dadadadadadadadadbdbdadadadadadadadadadadadadadadadbdadadada
dadadadadadadadadadadadadadadadadadadadadadadadadadadadadada
dadadadadadadadadadadadadadadadadadadadadadadadadadadadadada
dadadadbdadadadadadadadadadadbdadbdadbdadadadadadadadbdadada
dadadadadadadadadadadadadadadadadadadadadadadadadadadadadada
dadadadadbdadadadadadadadadadadadbdadadadadadadadadadadadada
dadadadadadadadadadadadadadadadadbdadadadadadadadadadadadada
dadadadadadadadadadadadadadadadadadadadadadadadadadadadadada
dadadadadadadadadadadbdadadadadadadadadadadadadadadadadadada
dadadadadadadadadbdadadadadadadadadadadbdbdadadadadadadadada
dadadadadadadbdadadadadadadadadadadadadadadadadadadadadadada
dadadadadadadadadbdadadadadadadadadadadadadadadadadadadadadb
dadadadadadadadadbdadadadadadadadadadadadadadadadadadadadbdb
dadadadadadadadadadadadadbdadadadadadadadadadadadadadadbdbdb
dadadadadadadadadadadadadadadadadadadadadadadadadadadbdbdbdb
dadadadadadadadadadadadadadadadadadadadadadadadadadadbdbdbdb
dadadadadadadadadadadadadadadadadadadadadadadadadadbdbdbdbdb
dadbdbdadadadadadadadadadadadadadadadadadadadadadbdbdbdbdbdb
dadbdadadadadadadadadadadadadadadadadadadadadadadbdbdbdbdbdb
dadadadadadadadadadadadadadadadadadadadadadadadbdbdbdbdbdbdb
























































