dadadadadbdadadbdbdbdbdbdbdbdbdbdbdbdbdbdbdbdbdadadadadadada
dadadadadadadadadbdbdbdbdbdbdbdbdbdbdbdbdbdbdbdbdadadadadada
dadadadbdadadadadbdbdbdbdbdbdbdbdbdbdbdbdbdbdbdbdadadadadada
dadadadbdadadadadadbdbdbdbdbdbdbdbdbdbdbdbdbdbdbdbdadadadada
dadadadadadadadadadbdbdbdbdbdbdbdbdbdbdbdbdbdbdbdbdadadadada
dadadadadadadadadbdbdbdbdbdbdbdbdbdbdbdbdbdbdbdbdadadadadada
dadadadadadadadadbdbdbdbdbdbdbdbdbdbdbdbdbdbdbdbdadadadbdada
dadadadadadadadbdbdbdbdbdbdbdbdbdbdbdbdbdbdbdbdbdadadadadada
dadadadadadadadbdbdbdbdbdbdbdbdbdbdbdbdbdbdbdbdbdbdadadbdada
dadadadadadadadadbdbdbdbdbdbdbdbdbdbdbdbdbdbdbdbdbdadadadbdb
dadadadadadadadadadbdbdbdbdbdbdbdbdbdbdbdbdbdbdbdbdbdadadada
dadadadadadadadadadbdbdbdbdbdbdbdbdbdbdbdbdbdbdbdbdbdadadada
dadadadadadadadbdbdbdbdbdbdbdbdbdbdbdbdbdbdbdbdbdadadadbdada
dadadadadadadadbdbdbdbdbdbdbdbdbdbdbdbdbdbdbdbdadadadadadada
dadadadadadadbdbdbdbdbdbdbdbdbdbdbdbdbdbdbdbdbdadadadadadada
dadadadadadadbdbdbdbdbdbdbdbdbdbdbdbdbdbdbdbdbdadadadadadada
dadadadadadadbdbdbdbdbdbdbdbdbdbdbdbdbdbdbdbdadadadadbdbdada
dadadadadadadbdbdbdbdbdbdbdbdbdbdbdbdbdbdbdbdbdadadadbdadbda
dadadadadadadadbdbdbdbdbdbdbdbdbdbdbdbdbdbdbdbdbdadadadadbda
dadadadadadadadbdbdbdbdbdbdbdbdbdbdbdbdbdbdbdbdbdadadadadada
dadadadadadadadbdbdbdbdbdbdbdbdbdbdbdbdbdbdbdbdbdbdadadadada
dadadbdadadadadbdbdbdbdbdbdbdbdbdbdbdbdbdbdbdbdbdbdbdadadbda
dadadadadadadadadbdbdbdbdbdbdbdbdbdbdbdbdbdbdbdbdbdbdadadada
dadadadbdadadadadbdbdbdbdbdbdbdbdbdbdbdbdbdbdbdbdbdbdbdbdada
dadadbdadadadadadadbdbdbdbdbdbdbdbdbdbdbdbdbdbdbdbdbdbdbdbdb
dadadadadadadadadadbdbdbdbdbdbdbdbdbdbdbdbdbdbdbdbdbdbdbdbdb
dadadadadadadadadadadbdbdbdbdbdbdbdbdbdbdbdbdbdbdbdbdbdbdbdb
dadadbdadadadadadadadadbdbdbdbdbdbdbdbdbdbdbdbdbdbdbdbdbdbdb
dadadadadadadadadadadadadadadbdbdbdbdbdbdbdbdbdbdbdbdbdbdbdb
dadadadadadadadadadadadadadadadbdbdbdbdbdbdbdbdbdbdbdbdbdbdb




















































