ababababababababaeajajajajajajaeabababababababababababababab
ababababababababaeajajajajajajaeabababababababababababababab
ababababababababaeajajajajajajaeaeababababababababababababab
ababababababababaeajajajajajajajaeababababababababababababab
ababababababababaeajajajajajajajaeababababababababababababab
ababababababababaeajajajajajajajaeaeabababababababababababab
ababababababababaeajajajajajajajajaeaeababababababababababab
ababababababababaeajajajajajajajajajaeaeabababababababababab
ababababababababaeajajajajajajajajajajaeaeababababababababab
ababababababababaeajajajajajajajajajajajaeababababababababab
ababababababababaeajajajajajajajajajajajaeaeabababababababab
ababababababababaeaeajajajajajajajajajajajaeabababababababab
ababababababababaeaeajajajajajajajajajajajaeaeaeaeaeaeaeaeae
abababababababababaeaeajajajajajajajajajajajajajajajajajajaj
ababababababababababaeaeajajajajajajajajajajajajajajajajajaj
abababababababababababaeaeajajajajajajajajajajajajajajajaeae
ababababababababababababaeaeajajajajajajajajaeaeaeaeaeaeaeal
abababababababababababababaeajajajajajajajajaealalalalalalal
abababababababababababababaeaeajajajajajajajaealalababababab
ababababababababababababababaeaeajajajajajajaeaealababababab
abababababababababababababababaeaeajajajajajajaealababababab
ababababababababababababababababaeaeajajajajajaealalabababab
abababababababababababababababababaeajajajajajaeaealabababab
abababababababababababababababababaeajajajajajajaealabababab
abababababababababababababababababaeaeaeajajajajamalabababab
abababababababababababababababababababaeajajajamamaeaeababab
abababababababababababababababababababaeaeajajamajajaeaeabab
ababababababababababababababababababababaeaeamamajajajaeaeab
abababababababababababababababababababalalalalaeaeajajajaeae
ababababababababababababababababababalalababababaeaeajajajaj





















