dadadadadadadadadadadadadadbdbdbdbakakakakakakakakakakakakaj
dadadadadadadadadadadadadadbdbdbakakakakakakakakakakakakakaj
dadadadadadadadadadadadadadbdbakakakakakakakakakakakakakajaj
dadadadadadadadadadadadadadbdbakakakakakakakakakakakakajajaj
dadadadadadadadadadadadadbdbdbakakakakakakakakakakakakajadae
dadadadadadadadadadadadbdbdbdbakakakakakakakakakajajajajadab
dadadadadadadadadadadbdbdbakakakakakakakakakakajajajajadaeab
dadadadadadadadadadbdbakakakakakakakakakakakakajajadadadabab
dadadadadadadadadbdbakakakakakakakakakakakajajajajadabababab
dadadadadadadadadbdbakakakakakakakakakajajajajadadadababanab
dadadadadadadadbdbakakakakakakakakakakajajadadadabababababab
dadadadadadadbdbakakakakakakakakakakajajadadabababababanabab
dadadadadadbdbakakakakakakakakakakakajadadababababanabababab
dadadadadbdbdbakakakakakakakakakajajajadababababanababababab
dadadbdbdbakakakakakakakakakakajajajadadababababanababababab
dadbdbdbakakakakakakakakakakakajajadadababababanabababababab
dbdbdbakakakakakakakakakakajajajajadababababababababanababab
dbdbakakakakakakakakakajajajajadadadabababababababababababab
dbakakakakakakakakakajajajadadadabababababababababababababab
akakakakakakakakakakajadadadababababanabababababanababababab
akakakakakakakakakajajadababababababanababananababababababab
akakakakakakakakajajadadabababababababababababababababababab
akakakakakakakakajajadabanabababanababababababababababanabab
akakakakakakakajajadadabababababababababanababababababababab
akakakakakajajajajadababababababanabababababababanababababab
akakakakajajajadadadababababanabababanabababanababanabababab
akakajajajadadadababababananababababababababanababababababab
ajajajajadadababababababababababababababanababababababababab
ajajadadadabababanababababanababanabababababababababanababab
adadadababababababababababababababababababababababababababab



























































