ababababababababababababababalababababababababababababababab
abababababababababababababalalababababababababababababababab
abababababababababababababalabababababababababababababababab
abababababababababababababalabababababababababababababababab
ababanababababababababababalababababababababanababababababab
abababababababababababababalalalabababababababababababababab
abababababababababababababalabalalalalalababababanababababab
abababababababababanabababalabababababalalalabababababababab
ababanababababababababababalabababababababalalababababababab
abababababanabababababababalababababababababalalabababababab
abababababababababababababalalabababababanababalalalabababab
ababababababababababababababalababababababababababalalalabab
ababababababababababababababalalabababababababababababalabab
abababababababababababababababalababanababababababababalalab
abababababababababababalalalalalababababababababababababalab
abababababababababalalalabababalababababababababababababalab
alalababababababalalabababababalalabababababababababalalalal
abalalalalabalalalabababababababalalababababababalalalababab
ababababalalalababababababababababalalalalalalalalababababab
abababababababababanababababababababalalabababababababababab
abababababanabababababababababababababalababanababababanabab
ababababababababababababababababababalalabababababababababab
ababababababababababababababababababalababababababababababab
adadababababadadabadababababadadababaladadabababadadabadadab
aeadadadadadaeadadadadadadadadaeadadadadadadadaeadadadadadad
adadadaeadajadadaeajadaeajaeadajadaeadaeadaeadadadadadadadae
ajadadajajajadaeadajajajajadajajajajadajadaeadajaeadaeadadad
ajajajajakakajajajajakakajajajakakajajajajajajajajajajajajaj
akakakakakakakakakakakakakakakakakakakakakakakakakakakakakak
aaaaaaaaaaaaaaaaaaaaaaaaaaaaaaaaaaaaaaaaaaaaaaaaaaaaaaaaaaaa












