abalabacacacacacacacacabababababababababbjbjbjbjbjbjbjbjbjbj
abalabacacacacacacacacababababababababababbjbjbjbjbjbjbjbjbj
alalabacacacacacacacacabababababababababababbjbjbjbjbjbjbjbj
alabacacacacacacacacacabababababababababababbjbjbjbjbjbjbjbj
alabacacacacacacacacababababababababababababbjbjbjbjbjbjbjbj
alalacacacacacacacacabababababababababababababbjbjbjbjbjalal
abalacacacacacacacacabalalalalalalalalabababababbjbjbjalalbj
abacacacacacacacacacabalababababababalalalalalabababalalbjbj
abacacacacacacacacacabalababababababababababalalalalalbjbjbj
abacacacacacacacacabalalababababababababababababababalbjbjbj
abacacacacacacacacalalabababababababababababababababalbjbjbj
abacacacacacacacacabababababababababababababababababalbjbjbj
acacacacacacacacacabababababababababababababababababalbjbjbj
acacacacacacacacababababababababababababababababalalalbjbjbj
acacacacacacacacababababababababababababababalalalbjbjbjbjbj
acacacacacacacacababababababababababababababalababababbjbjbj
acacacacacacacacababababababababababababababalabababababbjbj
acacacacacacacabababababababababababababababalababababababab
acacacacacacacababababababababababalalalalalalalabababababab
acacacacacacacababababababababababalabababababalabababababal
acacacacacacacabababababababababalalabababababalabababalalal
acacacacacacalalalababababababalalababababababalalalalalabab
acacacacacacababalababababababalabababababababababababababab
acacacacacacababalalalalalalalalabababababababababababababab
acacacacacacabababababalabababababababababababababababababab
acacacacacababababababalabababababababababababababababababab
acacacacacababababababalabababababababababababababababababab
acacacacacababababababalalalabababababababababababababababab
acacacacacababababababababalabababababababababababababababab
acacacacacacabababababababalabababababababababababababababab











































