dadadadadadadadadadadadadadadadadadadadadadadadadadadadadada
dadadadadadadadadadadadadadadadadadadadadadadadadadadadadada
dadadadadadadadadadadadadadadadbdadadadadadadadadadadadadada
dadadadadadadadadadadadadadadbdbdadadadadadadadbdadadadadada
dadadadadadadadadadadadadadadadadbdadadadadbdbdadadadadadada
dadadadadadadbdbdadadadadadadadadadadadadadbdadadadadadadada
dadadadadadadadadadbdadadadadadadadadadadadadbdbdadadadadada
dadadadadadadadadadbdadadadadadadadadadadadadbdadbdadadadada
dadadadadadadadadadadadadadadadadadadadadadadadadadadadadada
dadadadadadadadadadadadadadadadadbdbdbdadadadadadadadbdadada
dadadadadadadadadadadadadadadadbdbdbdbdbdadadadadadadadadada
dadadadadadbdadadadadadadadadadbdbdbdbdbdadadadadadadadadada
dadadadadbdadadadadadadadadadadbdbdbdbdbdadadadadadadadadada
dadadadadadadadadadadadadadadadbdbdbdbdadadadadadadadadadada
dadadadadadadadadbdadadadadadadbdbdbdadadadadadadadadadadada
dadadadadadadadbdadadadadadadadadadadadadadadadadadadadadada
dadadadadadadadbdbdadadadadbdadadadadadadadadadadadadadadada
dadadadadadadadadadbdadadadadadadadadadadadadadadadadadadada
dadadadadadadadadadadadadadadadadadadadadadadadadadadadadada
dadadadadadadadadadadadadadadadadadadbdadadadadbdadadadadada
dadadadadadadadadadadadadadadadadadadadadadadadadadadadadada
dadadadadadadadadadadadadadadadadadadbdadadadadadadadadadada
dadadadadadadadadadadadadadadadadadadadadadadadadadadadbdbdb
dadadadadbdadadadadadadadadadadadadadadadadadadadadbdbdbdbdb
dadadadadadbdadadbdadadadadadadadadadadadadadadbdbdbdbdbdbdb
dadadadadadbdbdbdadadadadadadadadadadadadadadbdbdbdbdbdbdbdb
dadadadadadadbdbdbdadadadadadadadadadadadadbdbdbdbdbdbdbdbdb
dadadadadadadbdadadadadadadadadadadadadadbdbdbdbdbdbdbdbdbdb
dadadadadadadadadadadadadadadadadadadadbdbdbdbdbdbdbdbdbdbdb
dadadadadadadadadadadadadadadadadadadbdbdbdbdbdbdbdbdbdbdbdb

















































