cacacacacacacacacacacacacacacacacacacacacacacacacacacacacaca
cacacacacacacacacacacacacacacacacacacacacacacacacacacacacaca
cacacacacacacacacacacacacacacacacacacacacacacacacacacacacaca
cacacacacacacacacacacacacacacacacacacacacacacacacacacacacaca
cacacacacacacacacacacaapapapapapapapapapapapapapapcacacacaca
cacacacacacacacacacaapaqcacacacacacacacacacacacaaqcacacacaca
cacacacacacacacacacaapaqcacacacacacacacacacacacaaqcacacacaca
cacacacacacacacacacaapaqcbcbcbcbcbcbcbcbcbcbcbcbaqcacacacaca
cacacacacacacacacaapcbcbcbcbcbcbcbcbcbcbcbcbcbcbcacacacacaca
cacacacacacacacacaapcbcbcbcbcbcbcbcbcbcbcbcbcbcbcacacacacaca
cacacacacacacacacaapcbcbcbcbcbcbcbcbcbcbcbcbcbcbcacacacacaca
cacacacacacacacacaapcbcbcbcbcbcbcbcbcbcbcbcbcbcacacacacacaca
cacacacacacacacaapcbcbcbcbcbcbcbcbcbcbcbcbcbcbcacacacacacaca
cacacacacacacacaapcbcbcbcbcbcbcbcbcbcbcbcbcbcbcacacacacacaca
cacacacacacacacaapcbcbcbcbcbcbcbcbcbcbcbcbcbcbcacacacacacaca
cacacacacacacacaapcbcbcbcbcbcbcbcbcbcbcbcbcbcbcacacacacacaca
cacacacacacacaapcbcbcbcbcbcbcbcbcbcbcbcbcbcbcacacacacacacaca
cacacacacacacaapcbcbcbcbcbcbcbcbcbcbcbcbcbcbcacacacacacacaca
cacacacacacacaapcbcbcbcbcbcbcbcbcbcbcbcbcbcbcacacacacacacaca
cacacacacacacaapcbcbcbcbcbcbcbcbcbcbcbcbcbcacacacacacacacaca
cacacacacacacaaqcbcbcbcbcbcbcbcbcbcbcbcbcbcacacacacacacacaca
cacacacacacacaaqcbcbcbcbcbcbcbcbcbcbcbcbcbcacacacacacacacaca
cacacacacacacaaqcbcbcbcbcbcbcbcbcbcbcbcbcbcacacacacacacacaca
cacacacacacacacacacacacacacacacacacacacacacacacacacacacacaca
cacacacacacacacacacacacacacacacacacacacacacacacacacacacacaca
cacacacacacacacacacacacacacacacacacacacacacacacacacacacacaca
cacacacacacacacacacacacacacacacacacacacacacacacacacacacacaca
cacacacacacacacacacacacacacacacacacacacacacacacacacacacacaca
cacacacacacacacacacacacacacacacacacacacacacacacacacacacacaca
cacacacacacacacacacacacacacacacacacacacacacacacacacacacacaca




