ababababababababadaeafagahaiahagafaeadabababababababbjbjbjbj
abababababababababadaeafagahagafaeadababababababababbjbjbjbj
ababaeaeaeabababababadaeafagafaeadababababababababababbjbjbj
ababaeajaeaeabababababadaeafaeadababababababababababababbjbj
ababaeakajaeaeabababababadaeadababababababababababababababab
ababaeajakajaeababababababababababababababababababababababab
abaeaeakajakaeababababababasaqababababababababalabababababab
abaeajakaeajaeabababababasasasababababememememalememememabab
abaeaeajaeaeaeababababasasasasasabababemepeneseoepenesemabab
ababamamamabababababasasasasasasasarabemezabababababetalalab
ababamamamababababasaqasasasasasaqabalalewabababababesemabab
abababalalababababaraqarasasasapaqababemepabababababeremabab
ababababalabababarapazaparasapapaqatabemeaeaeaeceaeaeaemabab
abababalalababaqapapazapapaqapapatababababababalabababababab
ababababalabaraqarararararaqaratatababababababababababababab
ababababalababaqapapapapapaqatatababaqaqaqaqaqaqaqaqaqaqabab
ababababalababaqapapaoapapaqatabababaqauavawaxayazbkblaqabab
ababababalalalalababalabababababababaqaqaqaqaqaqaqaqaqaqabab
ababababalababalalalalabababanababababababababababababababab
abababalalabababanabalabacacacacababababanababacacacacabanab
abanabalababacacacacacacacacacacacacacacacacacacacacacacacac
acacacacacacacacacacacacacacacacacacacacacacacacacacacacacac
acacacacacacacacacacacacacacacacacacacacacacacacacacacacacac
acacacacacacacacabanababababanabababanacacacabababanabababac
anabababanababababababbbbbbbbbbbabababababababcacacacacaaban
abababababababababababbbbgbcbhbbabababababababcacbcbcbcaabab
abdadadadadadadadaababbbbaaabebbabababababababcacbcbcbcaabab
abdadadadadadadadaababbbbfbdbibbabababababababcacbcbcbcaabab
abdadadadadadadadaababbbbbbbbbbbabababababababcacacacacaabab
abababababababababababababababababababababababababababababab















